<html>
<body>
<pre>
<h1>µVision Build Log</h1>
<h2>Tool Versions:</h2>
IDE-Version: ¦ÌVision V5.40.0.0
Copyright (C) 2024 ARM Ltd and ARM Germany GmbH. All rights reserved.
License Information: 1 1, 1, LIC=MPPLD-8ZP46-IIU5V-PLSFR-ZBPKA-RKEDQ
 
Tool Versions:
Toolchain:       MDK-ARM Plus  Version: 5.38.0.0
Toolchain Path:  D:\STM32_Development\Keil\ARM\ARMCLANG\Bin
C Compiler:      ArmClang.exe V6.19
Assembler:       Armasm.exe V6.19
Linker/Locator:  ArmLink.exe V6.19
Library Manager: ArmAr.exe V6.19
Hex Converter:   FromElf.exe V6.19
CPU DLL:         SARMCM3.DLL V5.38.0.0
Dialog DLL:      DCM.DLL V1.17.5.0
Target DLL:      CMSIS_AGDI.dll V1.33.15.0
Dialog DLL:      TCM.DLL V1.56.4.0
 
<h2>Project:</h2>
C:\Users\22067\Desktop\module\MDK-ARM\module.uvprojx
Project File Date:  02/10/2025

<h2>Output:</h2>
*** Using Compiler 'V6.19', folder: 'D:\STM32_Development\Keil\ARM\ARMCLANG\Bin'
Rebuild target 'module'
assembling startup_stm32g431xx.s...
compiling main.c...
compiling stm32g4xx_it.c...
compiling gpio.c...
compiling dma.c...
compiling adc.c...
compiling rtc.c...
compiling stm32g4xx_hal_msp.c...
compiling usart.c...
compiling tim.c...
compiling stm32g4xx_ll_adc.c...
compiling stm32g4xx_hal_adc_ex.c...
compiling stm32g4xx_hal.c...
compiling stm32g4xx_hal_adc.c...
compiling stm32g4xx_hal_flash.c...
compiling stm32g4xx_hal_rcc_ex.c...
compiling stm32g4xx_hal_flash_ramfunc.c...
compiling stm32g4xx_hal_gpio.c...
compiling stm32g4xx_hal_rcc.c...
compiling stm32g4xx_hal_flash_ex.c...
compiling stm32g4xx_hal_exti.c...
compiling stm32g4xx_hal_dma_ex.c...
compiling stm32g4xx_hal_dma.c...
compiling stm32g4xx_hal_pwr.c...
compiling stm32g4xx_hal_pwr_ex.c...
compiling stm32g4xx_hal_cortex.c...
compiling system_stm32g4xx.c...
compiling stm32g4xx_hal_rtc.c...
compiling stm32g4xx_hal_rtc_ex.c...
compiling stm32g4xx_hal_uart_ex.c...
compiling scheduler.c...
compiling key_app.c...
compiling led_app.c...
compiling lcd_app.c...
compiling stm32g4xx_hal_tim_ex.c...
compiling uart_app.c...
compiling stm32g4xx_hal_uart.c...
compiling system.c...
compiling lcd.c...
compiling adc_app.c...
compiling ringbuffer.c...
compiling filter.c...
compiling i2c_hal.c...
compiling stm32g4xx_hal_tim.c...
compiling rtc_app.c...
compiling tim_app.c...
linking...
Program Size: Code=33978 RO-data=586 RW-data=108 ZI-data=2916  
FromELF: creating hex file...
"STM32_Xifeng\module.axf" - 0 Error(s), 0 Warning(s).

<h2>Software Packages used:</h2>

Package Vendor: Keil
                https://www.keil.com/pack/Keil.STM32G4xx_DFP.1.6.0.pack
                Keil::STM32G4xx_DFP@1.6.0
                STMicroelectronics STM32G4 Series Device Support, Drivers and Examples

<h2>Collection of Component include folders:</h2>
  D:/STM32_Development/Keil/Pack/Keil/STM32G4xx_DFP/1.6.0/Drivers/CMSIS/Device/ST/STM32G4xx/Include

<h2>Collection of Component Files used:</h2>
Build Time Elapsed:  00:00:03
</pre>
</body>
</html>
