Component: Arm Compiler for Embedded 6.19 Tool: armlink [5e73cb00]

==============================================================================

Section Cross References

    startup_stm32g431xx.o(RESET) refers to startup_stm32g431xx.o(STACK) for __initial_sp
    startup_stm32g431xx.o(RESET) refers to startup_stm32g431xx.o(.text) for Reset_Handler
    startup_stm32g431xx.o(RESET) refers to stm32g4xx_it.o(.text.NMI_Handler) for NMI_Handler
    startup_stm32g431xx.o(RESET) refers to stm32g4xx_it.o(.text.HardFault_Handler) for HardFault_Handler
    startup_stm32g431xx.o(RESET) refers to stm32g4xx_it.o(.text.MemManage_Handler) for MemManage_Handler
    startup_stm32g431xx.o(RESET) refers to stm32g4xx_it.o(.text.BusFault_Handler) for BusFault_Handler
    startup_stm32g431xx.o(RESET) refers to stm32g4xx_it.o(.text.UsageFault_Handler) for UsageFault_Handler
    startup_stm32g431xx.o(RESET) refers to stm32g4xx_it.o(.text.SVC_Handler) for SVC_Handler
    startup_stm32g431xx.o(RESET) refers to stm32g4xx_it.o(.text.DebugMon_Handler) for DebugMon_Handler
    startup_stm32g431xx.o(RESET) refers to stm32g4xx_it.o(.text.PendSV_Handler) for PendSV_Handler
    startup_stm32g431xx.o(RESET) refers to stm32g4xx_it.o(.text.SysTick_Handler) for SysTick_Handler
    startup_stm32g431xx.o(RESET) refers to stm32g4xx_it.o(.text.DMA1_Channel1_IRQHandler) for DMA1_Channel1_IRQHandler
    startup_stm32g431xx.o(RESET) refers to stm32g4xx_it.o(.text.DMA1_Channel2_IRQHandler) for DMA1_Channel2_IRQHandler
    startup_stm32g431xx.o(RESET) refers to stm32g4xx_it.o(.text.DMA1_Channel3_IRQHandler) for DMA1_Channel3_IRQHandler
    startup_stm32g431xx.o(RESET) refers to stm32g4xx_it.o(.text.DMA1_Channel4_IRQHandler) for DMA1_Channel4_IRQHandler
    startup_stm32g431xx.o(RESET) refers to stm32g4xx_it.o(.text.USART1_IRQHandler) for USART1_IRQHandler
    startup_stm32g431xx.o(.text) refers to system_stm32g4xx.o(.text.SystemInit) for SystemInit
    startup_stm32g431xx.o(.text) refers to entry.o(.ARM.Collect$$$$00000000) for __main
    main.o(.text.main) refers to stm32g4xx_hal.o(.text.HAL_Init) for HAL_Init
    main.o(.text.main) refers to memseta.o(.text) for __aeabi_memclr4
    main.o(.text.main) refers to stm32g4xx_hal_pwr_ex.o(.text.HAL_PWREx_ControlVoltageScaling) for HAL_PWREx_ControlVoltageScaling
    main.o(.text.main) refers to stm32g4xx_hal_rcc.o(.text.HAL_RCC_OscConfig) for HAL_RCC_OscConfig
    main.o(.text.main) refers to stm32g4xx_hal_rcc.o(.text.HAL_RCC_ClockConfig) for HAL_RCC_ClockConfig
    main.o(.text.main) refers to gpio.o(.text.MX_GPIO_Init) for MX_GPIO_Init
    main.o(.text.main) refers to dma.o(.text.MX_DMA_Init) for MX_DMA_Init
    main.o(.text.main) refers to usart.o(.text.MX_USART1_UART_Init) for MX_USART1_UART_Init
    main.o(.text.main) refers to adc.o(.text.MX_ADC1_Init) for MX_ADC1_Init
    main.o(.text.main) refers to adc.o(.text.MX_ADC2_Init) for MX_ADC2_Init
    main.o(.text.main) refers to rtc.o(.text.MX_RTC_Init) for MX_RTC_Init
    main.o(.text.main) refers to tim.o(.text.MX_TIM1_Init) for MX_TIM1_Init
    main.o(.text.main) refers to tim.o(.text.MX_TIM3_Init) for MX_TIM3_Init
    main.o(.text.main) refers to tim.o(.text.MX_TIM2_Init) for MX_TIM2_Init
    main.o(.text.main) refers to system.o(.text.system_init) for system_init
    main.o(.text.main) refers to key_app.o(.text.key_init) for key_init
    main.o(.text.main) refers to uart_app.o(.bss.usart_rb) for usart_rb
    main.o(.text.main) refers to ringbuffer.o(.text.ringbuffer_init) for ringbuffer_init
    main.o(.text.main) refers to adc.o(.bss.hadc1) for hadc1
    main.o(.text.main) refers to stm32g4xx_hal_adc_ex.o(.text.HAL_ADCEx_Calibration_Start) for HAL_ADCEx_Calibration_Start
    main.o(.text.main) refers to adc.o(.bss.hadc2) for hadc2
    main.o(.text.main) refers to adc_app.o(.bss.dma_buff) for dma_buff
    main.o(.text.main) refers to stm32g4xx_hal_adc.o(.text.HAL_ADC_Start_DMA) for HAL_ADC_Start_DMA
    main.o(.text.main) refers to tim.o(.bss.htim3) for htim3
    main.o(.text.main) refers to tim_app.o(.bss.tim_ic_buffer) for tim_ic_buffer
    main.o(.text.main) refers to stm32g4xx_hal_tim.o(.text.HAL_TIM_IC_Start_DMA) for HAL_TIM_IC_Start_DMA
    main.o(.text.main) refers to tim.o(.bss.htim1) for htim1
    main.o(.text.main) refers to stm32g4xx_hal_tim.o(.text.HAL_TIM_PWM_Start) for HAL_TIM_PWM_Start
    main.o(.text.main) refers to tim.o(.bss.htim2) for htim2
    main.o(.text.main) refers to lcd.o(.text.LCD_Init) for LCD_Init
    main.o(.text.main) refers to lcd.o(.text.LCD_Clear) for LCD_Clear
    main.o(.text.main) refers to lcd.o(.text.LCD_SetTextColor) for LCD_SetTextColor
    main.o(.text.main) refers to lcd.o(.text.LCD_SetBackColor) for LCD_SetBackColor
    main.o(.text.main) refers to scheduler.o(.text.scheduler_init) for scheduler_init
    main.o(.text.main) refers to scheduler.o(.text.scheduler_run) for scheduler_run
    main.o(.ARM.exidx.text.main) refers to main.o(.text.main) for [Anonymous Symbol]
[...]
    .text                                    0x08000532   Section        0  ddiv.o(.text)
    .text                                    0x08000610   Section        0  dfixul.o(.text)
    .text                                    0x08000640   Section       48  cdrcmple.o(.text)
    .text                                    0x08000670   Section       36  init.o(.text)
    .text                                    0x08000694   Section        0  llsshr.o(.text)
    .text                                    0x080006b8   Section        0  depilogue.o(.text)
    [Anonymous Symbol]                       0x08000774   Section        0  stm32g4xx_hal_adc.o(.text.ADC_DMAConvCplt)
    [Anonymous Symbol]                       0x080007d4   Section        0  stm32g4xx_hal_adc.o(.text.ADC_DMAError)
    [Anonymous Symbol]                       0x080007ec   Section        0  stm32g4xx_hal_adc.o(.text.ADC_DMAHalfConvCplt)
    [Anonymous Symbol]                       0x080007f4   Section        0  stm32g4xx_hal_adc.o(.text.ADC_Disable)
    [Anonymous Symbol]                       0x08000874   Section        0  stm32g4xx_hal_adc.o(.text.ADC_Enable)
    [Anonymous Symbol]                       0x08000940   Section        0  stm32g4xx_it.o(.text.BusFault_Handler)
    [Anonymous Symbol]                       0x08000944   Section        0  stm32g4xx_it.o(.text.DMA1_Channel1_IRQHandler)
    [Anonymous Symbol]                       0x08000950   Section        0  stm32g4xx_it.o(.text.DMA1_Channel2_IRQHandler)
    [Anonymous Symbol]                       0x0800095c   Section        0  stm32g4xx_it.o(.text.DMA1_Channel3_IRQHandler)
    [Anonymous Symbol]                       0x08000968   Section        0  stm32g4xx_it.o(.text.DMA1_Channel4_IRQHandler)
    [Anonymous Symbol]                       0x08000974   Section        0  stm32g4xx_it.o(.text.DebugMon_Handler)
    [Anonymous Symbol]                       0x08000978   Section        0  main.o(.text.Error_Handler)
    [Anonymous Symbol]                       0x08000984   Section        0  stm32g4xx_hal_adc_ex.o(.text.HAL_ADCEx_Calibration_Start)
    [Anonymous Symbol]                       0x08000a18   Section        0  stm32g4xx_hal_adc_ex.o(.text.HAL_ADCEx_MultiModeConfigChannel)
    [Anonymous Symbol]                       0x08000ad8   Section        0  stm32g4xx_hal_adc.o(.text.HAL_ADC_ConfigChannel)
    [Anonymous Symbol]                       0x08000e10   Section        0  stm32g4xx_hal_adc.o(.text.HAL_ADC_ConvCpltCallback)
    [Anonymous Symbol]                       0x08000e14   Section        0  stm32g4xx_hal_adc.o(.text.HAL_ADC_ConvHalfCpltCallback)
    [Anonymous Symbol]                       0x08000e18   Section        0  stm32g4xx_hal_adc.o(.text.HAL_ADC_ErrorCallback)
    [Anonymous Symbol]                       0x08000e1c   Section        0  stm32g4xx_hal_adc.o(.text.HAL_ADC_Init)
    [Anonymous Symbol]                       0x08001024   Section        0  adc.o(.text.HAL_ADC_MspInit)
    [Anonymous Symbol]                       0x080011bc   Section        0  stm32g4xx_hal_adc.o(.text.HAL_ADC_Start_DMA)
    [Anonymous Symbol]                       0x080012a8   Section        0  stm32g4xx_hal_dma.o(.text.HAL_DMA_Abort)
    [Anonymous Symbol]                       0x08001318   Section        0  stm32g4xx_hal_dma.o(.text.HAL_DMA_Abort_IT)
    [Anonymous Symbol]                       0x08001394   Section        0  stm32g4xx_hal_dma.o(.text.HAL_DMA_IRQHandler)
    [Anonymous Symbol]                       0x0800143c   Section        0  stm32g4xx_hal_dma.o(.text.HAL_DMA_Init)
    [Anonymous Symbol]                       0x08001560   Section        0  stm32g4xx_hal_dma.o(.text.HAL_DMA_Start_IT)
    [Anonymous Symbol]                       0x08001644   Section        0  stm32g4xx_hal.o(.text.HAL_Delay)
    [Anonymous Symbol]                       0x0800166c   Section        0  stm32g4xx_hal_gpio.o(.text.HAL_GPIO_Init)
    [Anonymous Symbol]                       0x0800180c   Section        0  stm32g4xx_hal_gpio.o(.text.HAL_GPIO_ReadPin)
    [Anonymous Symbol]                       0x08001818   Section        0  stm32g4xx_hal_gpio.o(.text.HAL_GPIO_WritePin)
    [Anonymous Symbol]                       0x08001824   Section        0  stm32g4xx_hal.o(.text.HAL_GetTick)
    [Anonymous Symbol]                       0x08001830   Section        0  stm32g4xx_hal.o(.text.HAL_IncTick)
    [Anonymous Symbol]                       0x0800184c   Section        0  stm32g4xx_hal.o(.text.HAL_Init)
    [Anonymous Symbol]                       0x0800186c   Section        0  stm32g4xx_hal.o(.text.HAL_InitTick)
    [Anonymous Symbol]                       0x080018c0   Section        0  stm32g4xx_hal_msp.o(.text.HAL_MspInit)
    [Anonymous Symbol]                       0x080018f4   Section        0  stm32g4xx_hal_cortex.o(.text.HAL_NVIC_EnableIRQ)
    [Anonymous Symbol]                       0x08001914   Section        0  stm32g4xx_hal_cortex.o(.text.HAL_NVIC_SetPriority)
    [Anonymous Symbol]                       0x0800196c   Section        0  stm32g4xx_hal_cortex.o(.text.HAL_NVIC_SetPriorityGrouping)
    [Anonymous Symbol]                       0x0800198c   Section        0  stm32g4xx_hal_pwr_ex.o(.text.HAL_PWREx_ControlVoltageScaling)
    [Anonymous Symbol]                       0x08001a94   Section        0  stm32g4xx_hal_pwr_ex.o(.text.HAL_PWREx_DisableUCPDDeadBattery)
    [Anonymous Symbol]                       0x08001aa8   Section        0  stm32g4xx_hal_rcc_ex.o(.text.HAL_RCCEx_PeriphCLKConfig)
    [Anonymous Symbol]                       0x08001d3c   Section        0  stm32g4xx_hal_rcc.o(.text.HAL_RCC_ClockConfig)
    [Anonymous Symbol]                       0x08002060   Section        0  stm32g4xx_hal_rcc.o(.text.HAL_RCC_GetPCLK1Freq)
    [Anonymous Symbol]                       0x0800208c   Section        0  stm32g4xx_hal_rcc.o(.text.HAL_RCC_GetPCLK2Freq)
    [Anonymous Symbol]                       0x080020b8   Section        0  stm32g4xx_hal_rcc.o(.text.HAL_RCC_GetSysClockFreq)
    [Anonymous Symbol]                       0x08002138   Section        0  stm32g4xx_hal_rcc.o(.text.HAL_RCC_OscConfig)
    [Anonymous Symbol]                       0x080025b4   Section        0  stm32g4xx_hal_rtc.o(.text.HAL_RTC_GetDate)
    [Anonymous Symbol]                       0x08002618   Section        0  stm32g4xx_hal_rtc.o(.text.HAL_RTC_GetTime)
    [Anonymous Symbol]                       0x08002688   Section        0  stm32g4xx_hal_rtc.o(.text.HAL_RTC_Init)
    [Anonymous Symbol]                       0x08002768   Section        0  rtc.o(.text.HAL_RTC_MspInit)
    [Anonymous Symbol]                       0x080027c8   Section        0  stm32g4xx_hal_rtc.o(.text.HAL_RTC_SetDate)
    [Anonymous Symbol]                       0x08002910   Section        0  stm32g4xx_hal_rtc.o(.text.HAL_RTC_SetTime)
    [Anonymous Symbol]                       0x08002a7c   Section        0  stm32g4xx_hal_cortex.o(.text.HAL_SYSTICK_Config)
    [Anonymous Symbol]                       0x08002aa8   Section        0  stm32g4xx_hal_tim_ex.o(.text.HAL_TIMEx_ConfigBreakDeadTime)
    [Anonymous Symbol]                       0x08002b78   Section        0  stm32g4xx_hal_tim_ex.o(.text.HAL_TIMEx_MasterConfigSynchronization)
    [Anonymous Symbol]                       0x08002c20   Section        0  stm32g4xx_hal_tim.o(.text.HAL_TIM_Base_Init)
    [Anonymous Symbol]                       0x08002c84   Section        0  tim.o(.text.HAL_TIM_Base_MspInit)
    [Anonymous Symbol]                       0x08002d84   Section        0  stm32g4xx_hal_tim.o(.text.HAL_TIM_ConfigClockSource)
    [Anonymous Symbol]                       0x08002f7c   Section        0  stm32g4xx_hal_tim.o(.text.HAL_TIM_ErrorCallback)
    [Anonymous Symbol]                       0x08002f80   Section        0  stm32g4xx_hal_tim.o(.text.HAL_TIM_IC_CaptureCallback)
    [Anonymous Symbol]                       0x08002f84   Section        0  stm32g4xx_hal_tim.o(.text.HAL_TIM_IC_CaptureHalfCpltCallback)
    [Anonymous Symbol]                       0x08002f88   Section        0  stm32g4xx_hal_tim.o(.text.HAL_TIM_IC_ConfigChannel)
    [Anonymous Symbol]                       0x0800311c   Section        0  stm32g4xx_hal_tim.o(.text.HAL_TIM_IC_Init)
    [Anonymous Symbol]                       0x08003180   Section        0  stm32g4xx_hal_tim.o(.text.HAL_TIM_IC_MspInit)
    [Anonymous Symbol]                       0x08003184   Section        0  stm32g4xx_hal_tim.o(.text.HAL_TIM_IC_Start_DMA)
    [Anonymous Symbol]                       0x080033f4   Section        0  stm32g4xx_hal_tim.o(.text.HAL_TIM_PWM_ConfigChannel)
    [Anonymous Symbol]                       0x080037b0   Section        0  stm32g4xx_hal_tim.o(.text.HAL_TIM_PWM_Init)
    [Anonymous Symbol]                       0x08003814   Section        0  stm32g4xx_hal_tim.o(.text.HAL_TIM_PWM_MspInit)
    [Anonymous Symbol]                       0x08003818   Section        0  stm32g4xx_hal_tim.o(.text.HAL_TIM_PWM_Start)
    [Anonymous Symbol]                       0x08003978   Section        0  stm32g4xx_hal_tim.o(.text.HAL_TIM_SlaveConfigSynchro)
    [Anonymous Symbol]                       0x080039c4   Section        0  stm32g4xx_hal_uart_ex.o(.text.HAL_UARTEx_DisableFifoMode)
    [Anonymous Symbol]                       0x080039fc   Section        0  stm32g4xx_hal_uart_ex.o(.text.HAL_UARTEx_ReceiveToIdle_DMA)
    [Anonymous Symbol]                       0x08003a54   Section        0  uart_app.o(.text.HAL_UARTEx_RxEventCallback)
    [Anonymous Symbol]                       0x08003a8c   Section        0  stm32g4xx_hal_uart_ex.o(.text.HAL_UARTEx_RxFifoFullCallback)
    [Anonymous Symbol]                       0x08003a90   Section        0  stm32g4xx_hal_uart_ex.o(.text.HAL_UARTEx_SetRxFifoThreshold)
    [Anonymous Symbol]                       0x08003b24   Section        0  stm32g4xx_hal_uart_ex.o(.text.HAL_UARTEx_SetTxFifoThreshold)
    [Anonymous Symbol]                       0x08003bb8   Section        0  stm32g4xx_hal_uart_ex.o(.text.HAL_UARTEx_TxFifoEmptyCallback)
    [Anonymous Symbol]                       0x08003bbc   Section        0  stm32g4xx_hal_uart_ex.o(.text.HAL_UARTEx_WakeupCallback)
    [Anonymous Symbol]                       0x08003bc0   Section        0  stm32g4xx_hal_uart.o(.text.HAL_UART_ErrorCallback)
    [Anonymous Symbol]                       0x08003bc4   Section        0  stm32g4xx_hal_uart.o(.text.HAL_UART_IRQHandler)
    [Anonymous Symbol]                       0x08003f84   Section        0  stm32g4xx_hal_uart.o(.text.HAL_UART_Init)
    [Anonymous Symbol]                       0x08003fe8   Section        0  usart.o(.text.HAL_UART_MspInit)
    [Anonymous Symbol]                       0x080040c0   Section        0  stm32g4xx_hal_uart.o(.text.HAL_UART_RxCpltCallback)
    [Anonymous Symbol]                       0x080040c4   Section        0  stm32g4xx_hal_uart.o(.text.HAL_UART_RxHalfCpltCallback)
    [Anonymous Symbol]                       0x080040c8   Section        0  stm32g4xx_hal_uart.o(.text.HAL_UART_Transmit)
    [Anonymous Symbol]                       0x080041c4   Section        0  stm32g4xx_hal_uart.o(.text.HAL_UART_TxCpltCallback)
    [Anonymous Symbol]                       0x080041c8   Section        0  stm32g4xx_it.o(.text.HardFault_Handler)
    [Anonymous Symbol]                       0x080041cc   Section        0  lcd.o(.text.LCD_Clear)
    [Anonymous Symbol]                       0x080042f0   Section        0  lcd.o(.text.LCD_Init)
    [Anonymous Symbol]                       0x08004530   Section        0  lcd.o(.text.LCD_SetBackColor)
    [Anonymous Symbol]                       0x08004548   Section        0  lcd.o(.text.LCD_SetTextColor)
    [Anonymous Symbol]                       0x08004560   Section        0  adc.o(.text.MX_ADC1_Init)
    [Anonymous Symbol]                       0x08004610   Section        0  adc.o(.text.MX_ADC2_Init)
    [Anonymous Symbol]                       0x080046a4   Section        0  dma.o(.text.MX_DMA_Init)
    [Anonymous Symbol]                       0x0800471c   Section        0  gpio.o(.text.MX_GPIO_Init)
    [Anonymous Symbol]                       0x08004868   Section        0  rtc.o(.text.MX_RTC_Init)
    [Anonymous Symbol]                       0x08004904   Section        0  tim.o(.text.MX_TIM1_Init)
    [Anonymous Symbol]                       0x08004a8c   Section        0  tim.o(.text.MX_TIM2_Init)
    [Anonymous Symbol]                       0x08004bcc   Section        0  tim.o(.text.MX_TIM3_Init)
    [Anonymous Symbol]                       0x08004cb8   Section        0  usart.o(.text.MX_USART1_UART_Init)
    [Anonymous Symbol]                       0x08004d60   Section        0  stm32g4xx_it.o(.text.MemManage_Handler)
    [Anonymous Symbol]                       0x08004d64   Section        0  stm32g4xx_it.o(.text.NMI_Handler)
    [Anonymous Symbol]                       0x08004d68   Section        0  stm32g4xx_it.o(.text.PendSV_Handler)
    [Anonymous Symbol]                       0x08004d6c   Section        0  lcd.o(.text.REG_8230_Init)
    [Anonymous Symbol]                       0x080057e0   Section        0  lcd.o(.text.REG_932X_Init)
    [Anonymous Symbol]                       0x08006c20   Section        0  stm32g4xx_hal_rtc.o(.text.RTC_ExitInitMode)
    [Anonymous Symbol]                       0x08006cb4   Section        0  stm32g4xx_it.o(.text.SVC_Handler)
    [Anonymous Symbol]                       0x08006cb8   Section        0  stm32g4xx_it.o(.text.SysTick_Handler)
    [Anonymous Symbol]                       0x08006cbc   Section        0  system_stm32g4xx.o(.text.SystemInit)
    [Anonymous Symbol]                       0x08006cd0   Section        0  stm32g4xx_hal_tim.o(.text.TIM_Base_SetConfig)
    [Anonymous Symbol]                       0x08006de0   Section        0  stm32g4xx_hal_tim.o(.text.TIM_DMACaptureCplt)
    [Anonymous Symbol]                       0x08006e54   Section        0  stm32g4xx_hal_tim.o(.text.TIM_DMACaptureHalfCplt)
    [Anonymous Symbol]                       0x08006e8c   Section        0  stm32g4xx_hal_tim.o(.text.TIM_DMAError)
    TIM_SlaveTimer_SetConfig                 0x08006ee9   Thumb Code   328  stm32g4xx_hal_tim.o(.text.TIM_SlaveTimer_SetConfig)
    [Anonymous Symbol]                       0x08006ee8   Section        0  stm32g4xx_hal_tim.o(.text.TIM_SlaveTimer_SetConfig)
    [Anonymous Symbol]                       0x08007030   Section        0  stm32g4xx_hal_uart.o(.text.UART_AdvFeatureConfig)
    [Anonymous Symbol]                       0x08007118   Section        0  stm32g4xx_hal_uart.o(.text.UART_CheckIdleState)
    UART_DMAAbortOnError                     0x080071d9   Thumb Code    16  stm32g4xx_hal_uart.o(.text.UART_DMAAbortOnError)
    [Anonymous Symbol]                       0x080071d8   Section        0  stm32g4xx_hal_uart.o(.text.UART_DMAAbortOnError)
    UART_DMAError                            0x080071e9   Thumb Code   200  stm32g4xx_hal_uart.o(.text.UART_DMAError)
    [Anonymous Symbol]                       0x080071e8   Section        0  stm32g4xx_hal_uart.o(.text.UART_DMAError)
    UART_DMAReceiveCplt                      0x080072b1   Thumb Code   130  stm32g4xx_hal_uart.o(.text.UART_DMAReceiveCplt)
    [Anonymous Symbol]                       0x080072b0   Section        0  stm32g4xx_hal_uart.o(.text.UART_DMAReceiveCplt)
    UART_DMARxHalfCplt                       0x08007335   Thumb Code    26  stm32g4xx_hal_uart.o(.text.UART_DMARxHalfCplt)
    [Anonymous Symbol]                       0x08007334   Section        0  stm32g4xx_hal_uart.o(.text.UART_DMARxHalfCplt)
    [Anonymous Symbol]                       0x08007350   Section        0  stm32g4xx_hal_uart.o(.text.UART_SetConfig)
    [Anonymous Symbol]                       0x0800761c   Section        0  stm32g4xx_hal_uart.o(.text.UART_Start_Receive_DMA)
    [Anonymous Symbol]                       0x080076bc   Section        0  stm32g4xx_hal_uart.o(.text.UART_WaitOnFlagUntilTimeout)
    [Anonymous Symbol]                       0x08007804   Section        0  stm32g4xx_it.o(.text.USART1_IRQHandler)
    [Anonymous Symbol]                       0x08007838   Section        0  stm32g4xx_it.o(.text.UsageFault_Handler)
    [Anonymous Symbol]                       0x0800783c   Section        0  adc_app.o(.text.adc_proc)
    [Anonymous Symbol]                       0x080078b0   Section        0  usart.o(.text.fputc)
    [Anonymous Symbol]                       0x080078d0   Section        0  tim_app.o(.text.ic_proc)
    [Anonymous Symbol]                       0x08007930   Section        0  key_app.o(.text.key_init)
    [Anonymous Symbol]                       0x08007970   Section        0  key_app.o(.text.key_proc)
    [Anonymous Symbol]                       0x080079ec   Section        0  lcd_app.o(.text.lcd_proc)
    [Anonymous Symbol]                       0x080079f0   Section        0  led_app.o(.text.led_proc)
    [Anonymous Symbol]                       0x08007a50   Section        0  filter.o(.text.limit_value)
    [Anonymous Symbol]                       0x08007a7c   Section        0  main.o(.text.main)
    [Anonymous Symbol]                       0x08007bc4   Section        0  ringbuffer.o(.text.ringbuffer_init)
    [Anonymous Symbol]                       0x08007bd4   Section        0  ringbuffer.o(.text.ringbuffer_is_empty)
    [Anonymous Symbol]                       0x08007be0   Section        0  ringbuffer.o(.text.ringbuffer_is_full)
    [Anonymous Symbol]                       0x08007bec   Section        0  ringbuffer.o(.text.ringbuffer_read)
    [Anonymous Symbol]                       0x08007c3c   Section        0  ringbuffer.o(.text.ringbuffer_write)
    [Anonymous Symbol]                       0x08007c90   Section        0  rtc_app.o(.text.rtc_proc)
    [Anonymous Symbol]                       0x08007cc0   Section        0  scheduler.o(.text.scheduler_init)
    [Anonymous Symbol]                       0x08007cd0   Section        0  scheduler.o(.text.scheduler_run)
    [Anonymous Symbol]                       0x08007d1c   Section        0  system.o(.text.system_init)
    [Anonymous Symbol]                       0x08007d4c   Section        0  uart_app.o(.text.uart_proc)
    i.__0printf                              0x08007da0   Section        0  printfa.o(i.__0printf)
    i.__scatterload_copy                     0x08007dc0   Section       14  handlers.o(i.__scatterload_copy)
    i.__scatterload_null                     0x08007dce   Section        2  handlers.o(i.__scatterload_null)
    i.__scatterload_zeroinit                 0x08007dd0   Section       14  handlers.o(i.__scatterload_zeroinit)
    _fp_digits                               0x08007de1   Thumb Code   366  printfa.o(i._fp_digits)
    i._fp_digits                             0x08007de0   Section        0  printfa.o(i._fp_digits)
    _printf_core                             0x08007f65   Thumb Code  1744  printfa.o(i._printf_core)
    i._printf_core                           0x08007f64   Section        0  printfa.o(i._printf_core)
    _printf_post_padding                     0x08008641   Thumb Code    36  printfa.o(i._printf_post_padding)
    i._printf_post_padding                   0x08008640   Section        0  printfa.o(i._printf_post_padding)
    _printf_pre_padding                      0x08008665   Thumb Code    46  printfa.o(i._printf_pre_padding)
    i._printf_pre_padding                    0x08008664   Section        0  printfa.o(i._printf_pre_padding)
    .Lswitch.table.UART_SetConfig.4          0x080086c4   Data          16  stm32g4xx_hal_uart.o(.rodata.cst16)
    UARTEx_SetNbDataToProcess.numerator      0x080086d4   Data           8  stm32g4xx_hal_uart_ex.o(.rodata.cst8)
    [Anonymous Symbol]                       0x080086d4   Section        0  stm32g4xx_hal_uart_ex.o(.rodata.cst8)
    UARTEx_SetNbDataToProcess.denominator    0x080086dc   Data           8  stm32g4xx_hal_uart_ex.o(.rodata.cst8)
    .data                                    0x20000000   Section        4  stdout.o(.data)
    BackColor                                0x20000004   Data           2  lcd.o(.data.BackColor)
    [Anonymous Symbol]                       0x20000004   Section        0  lcd.o(.data.BackColor)
    led_disp.temp_old                        0x2000000c   Data           1  led_app.o(.data.led_disp.temp_old)
    [Anonymous Symbol]                       0x2000000c   Section        0  led_app.o(.data.led_disp.temp_old)
    scheduler_task                           0x20000010   Data          84  scheduler.o(.data.scheduler_task)
    [Anonymous Symbol]                       0x20000010   Section        0  scheduler.o(.data.scheduler_task)
    HAL_RCC_ADC12_CLK_ENABLED                0x20000070   Data           4  adc.o(.bss.HAL_RCC_ADC12_CLK_ENABLED)
    [Anonymous Symbol]                       0x20000070   Section        0  adc.o(.bss.HAL_RCC_ADC12_CLK_ENABLED)
    TextColor                                0x20000074   Data           2  lcd.o(.bss.TextColor)
    [Anonymous Symbol]                       0x20000074   Section        0  lcd.o(.bss.TextColor)
    STACK                                    0x200007d0   Section     1024  startup_stm32g431xx.o(STACK)

    Global Symbols

    Symbol Name                              Value     Ov Type        Size  Object(Section)

    BuildAttributes$$THM_ISAv4$E$P$D$K$B$S$7EM$VFPi3$EXTD16$VFPS$VFMA$PE$A:L22UL41UL21$X:L11$S22US41US21$IEEE1$IW$~IW$USESV6$~STKCKD$USESV7$~SHL$OTIME$ROPI$EBA8$MICROLIB$REQ8$PRES8$EABIv2 0x00000000   Number         0  anon$$obj.o ABSOLUTE
    _printf_a                                0x00000000   Number         0  printfstubs.o ABSOLUTE
    _printf_c                                0x00000000   Number         0  printfstubs.o ABSOLUTE
    _printf_charcount                        0x00000000   Number         0  printfstubs.o ABSOLUTE
    _printf_d                                0x00000000   Number         0  printfstubs.o ABSOLUTE
    _printf_e                                0x00000000   Number         0  printfstubs.o ABSOLUTE
    _printf_f                                0x00000000   Number         0  printfstubs.o ABSOLUTE
    _printf_flags                            0x00000000   Number         0  printfstubs.o ABSOLUTE
    _printf_fp_dec                           0x00000000   Number         0  printfstubs.o ABSOLUTE
    _printf_fp_hex                           0x00000000   Number         0  printfstubs.o ABSOLUTE
    _printf_g                                0x00000000   Number         0  printfstubs.o ABSOLUTE
    _printf_i                                0x00000000   Number         0  printfstubs.o ABSOLUTE
    _printf_int_dec                          0x00000000   Number         0  printfstubs.o ABSOLUTE
    _printf_l                                0x00000000   Number         0  printfstubs.o ABSOLUTE
    _printf_lc                               0x00000000   Number         0  printfstubs.o ABSOLUTE
    _printf_ll                               0x00000000   Number         0  printfstubs.o ABSOLUTE
    _printf_lld                              0x00000000   Number         0  printfstubs.o ABSOLUTE
    _printf_lli                              0x00000000   Number         0  printfstubs.o ABSOLUTE
    _printf_llo                              0x00000000   Number         0  printfstubs.o ABSOLUTE
    _printf_llu                              0x00000000   Number         0  printfstubs.o ABSOLUTE
    _printf_llx                              0x00000000   Number         0  printfstubs.o ABSOLUTE
    _printf_longlong_dec                     0x00000000   Number         0  printfstubs.o ABSOLUTE
    _printf_longlong_hex                     0x00000000   Number         0  printfstubs.o ABSOLUTE
    _printf_longlong_oct                     0x00000000   Number         0  printfstubs.o ABSOLUTE
    _printf_ls                               0x00000000   Number         0  printfstubs.o ABSOLUTE
    _printf_mbtowc                           0x00000000   Number         0  printfstubs.o ABSOLUTE
    _printf_n                                0x00000000   Number         0  printfstubs.o ABSOLUTE
    _printf_o                                0x00000000   Number         0  printfstubs.o ABSOLUTE
    _printf_p                                0x00000000   Number         0  printfstubs.o ABSOLUTE
    _printf_percent                          0x00000000   Number         0  printfstubs.o ABSOLUTE
    _printf_pre_padding                      0x00000000   Number         0  printfstubs.o ABSOLUTE
    _printf_return_value                     0x00000000   Number         0  printfstubs.o ABSOLUTE
    _printf_s                                0x00000000   Number         0  printfstubs.o ABSOLUTE
    _printf_sizespec                         0x00000000   Number         0  printfstubs.o ABSOLUTE
    _printf_str                              0x00000000   Number         0  printfstubs.o ABSOLUTE
    _printf_truncate_signed                  0x00000000   Number         0  printfstubs.o ABSOLUTE
    _printf_truncate_unsigned                0x00000000   Number         0  printfstubs.o ABSOLUTE
    _printf_u                                0x00000000   Number         0  printfstubs.o ABSOLUTE
    _printf_wc                               0x00000000   Number         0  printfstubs.o ABSOLUTE
    _printf_wctomb                           0x00000000   Number         0  printfstubs.o ABSOLUTE
    _printf_widthprec                        0x00000000   Number         0  printfstubs.o ABSOLUTE
    _printf_x                                0x00000000   Number         0  printfstubs.o ABSOLUTE
    __cpp_initialize__aeabi_                  - Undefined Weak Reference
    __cxa_finalize                            - Undefined Weak Reference
    __decompress                              - Undefined Weak Reference
    _clock_init                               - Undefined Weak Reference
    _microlib_exit                            - Undefined Weak Reference
    __Vectors_Size                           0x000001d8   Number         0  startup_stm32g431xx.o ABSOLUTE
    __Vectors                                0x08000000   Data           4  startup_stm32g431xx.o(RESET)
    __Vectors_End                            0x080001d8   Data           0  startup_stm32g431xx.o(RESET)
    __main                                   0x080001d9   Thumb Code     0  entry.o(.ARM.Collect$$$$00000000)
    _main_stk                                0x080001d9   Thumb Code     0  entry2.o(.ARM.Collect$$$$00000001)
    _main_scatterload                        0x080001dd   Thumb Code     0  entry5.o(.ARM.Collect$$$$00000004)
    __main_after_scatterload                 0x080001e1   Thumb Code     0  entry5.o(.ARM.Collect$$$$00000004)
    _main_clock                              0x080001e1   Thumb Code     0  entry7b.o(.ARM.Collect$$$$00000008)
    _main_cpp_init                           0x080001e1   Thumb Code     0  entry8b.o(.ARM.Collect$$$$0000000A)
    _main_init                               0x080001e1   Thumb Code     0  entry9a.o(.ARM.Collect$$$$0000000B)
    __rt_final_cpp                           0x080001e9   Thumb Code     0  entry10a.o(.ARM.Collect$$$$0000000D)
    __rt_final_exit                          0x080001e9   Thumb Code     0  entry11a.o(.ARM.Collect$$$$0000000F)
    Reset_Handler                            0x080001ed   Thumb Code     8  startup_stm32g431xx.o(.text)
    ADC1_2_IRQHandler                        0x08000207   Thumb Code     0  startup_stm32g431xx.o(.text)
    COMP1_2_3_IRQHandler                     0x08000207   Thumb Code     0  startup_stm32g431xx.o(.text)
    COMP4_IRQHandler                         0x08000207   Thumb Code     0  startup_stm32g431xx.o(.text)
    CORDIC_IRQHandler                        0x08000207   Thumb Code     0  startup_stm32g431xx.o(.text)
    CRS_IRQHandler                           0x08000207   Thumb Code     0  startup_stm32g431xx.o(.text)
    DMA1_Channel5_IRQHandler                 0x08000207   Thumb Code     0  startup_stm32g431xx.o(.text)
    DMA1_Channel6_IRQHandler                 0x08000207   Thumb Code     0  startup_stm32g431xx.o(.text)
    DMA2_Channel1_IRQHandler                 0x08000207   Thumb Code     0  startup_stm32g431xx.o(.text)
    DMA2_Channel2_IRQHandler                 0x08000207   Thumb Code     0  startup_stm32g431xx.o(.text)
    DMA2_Channel3_IRQHandler                 0x08000207   Thumb Code     0  startup_stm32g431xx.o(.text)
    DMA2_Channel4_IRQHandler                 0x08000207   Thumb Code     0  startup_stm32g431xx.o(.text)
    DMA2_Channel5_IRQHandler                 0x08000207   Thumb Code     0  startup_stm32g431xx.o(.text)
    DMA2_Channel6_IRQHandler                 0x08000207   Thumb Code     0  startup_stm32g431xx.o(.text)
    DMAMUX_OVR_IRQHandler                    0x08000207   Thumb Code     0  startup_stm32g431xx.o(.text)
    EXTI0_IRQHandler                         0x08000207   Thumb Code     0  startup_stm32g431xx.o(.text)
    EXTI15_10_IRQHandler                     0x08000207   Thumb Code     0  startup_stm32g431xx.o(.text)
    EXTI1_IRQHandler                         0x08000207   Thumb Code     0  startup_stm32g431xx.o(.text)
    EXTI2_IRQHandler                         0x08000207   Thumb Code     0  startup_stm32g431xx.o(.text)
    EXTI3_IRQHandler                         0x08000207   Thumb Code     0  startup_stm32g431xx.o(.text)
    EXTI4_IRQHandler                         0x08000207   Thumb Code     0  startup_stm32g431xx.o(.text)
    EXTI9_5_IRQHandler                       0x08000207   Thumb Code     0  startup_stm32g431xx.o(.text)
    FDCAN1_IT0_IRQHandler                    0x08000207   Thumb Code     0  startup_stm32g431xx.o(.text)
    FDCAN1_IT1_IRQHandler                    0x08000207   Thumb Code     0  startup_stm32g431xx.o(.text)
    FLASH_IRQHandler                         0x08000207   Thumb Code     0  startup_stm32g431xx.o(.text)
    FMAC_IRQHandler                          0x08000207   Thumb Code     0  startup_stm32g431xx.o(.text)
    FPU_IRQHandler                           0x08000207   Thumb Code     0  startup_stm32g431xx.o(.text)
    I2C1_ER_IRQHandler                       0x08000207   Thumb Code     0  startup_stm32g431xx.o(.text)
    I2C1_EV_IRQHandler                       0x08000207   Thumb Code     0  startup_stm32g431xx.o(.text)
    I2C2_ER_IRQHandler                       0x08000207   Thumb Code     0  startup_stm32g431xx.o(.text)
    I2C2_EV_IRQHandler                       0x08000207   Thumb Code     0  startup_stm32g431xx.o(.text)
    I2C3_ER_IRQHandler                       0x08000207   Thumb Code     0  startup_stm32g431xx.o(.text)
    I2C3_EV_IRQHandler                       0x08000207   Thumb Code     0  startup_stm32g431xx.o(.text)
    LPTIM1_IRQHandler                        0x08000207   Thumb Code     0  startup_stm32g431xx.o(.text)
    LPUART1_IRQHandler                       0x08000207   Thumb Code     0  startup_stm32g431xx.o(.text)
    PVD_PVM_IRQHandler                       0x08000207   Thumb Code     0  startup_stm32g431xx.o(.text)
    RCC_IRQHandler                           0x08000207   Thumb Code     0  startup_stm32g431xx.o(.text)
    RNG_IRQHandler                           0x08000207   Thumb Code     0  startup_stm32g431xx.o(.text)
    RTC_Alarm_IRQHandler                     0x08000207   Thumb Code     0  startup_stm32g431xx.o(.text)
    RTC_TAMP_LSECSS_IRQHandler               0x08000207   Thumb Code     0  startup_stm32g431xx.o(.text)
    RTC_WKUP_IRQHandler                      0x08000207   Thumb Code     0  startup_stm32g431xx.o(.text)
    SAI1_IRQHandler                          0x08000207   Thumb Code     0  startup_stm32g431xx.o(.text)
    SPI1_IRQHandler                          0x08000207   Thumb Code     0  startup_stm32g431xx.o(.text)
    SPI2_IRQHandler                          0x08000207   Thumb Code     0  startup_stm32g431xx.o(.text)
    SPI3_IRQHandler                          0x08000207   Thumb Code     0  startup_stm32g431xx.o(.text)
    TIM1_BRK_TIM15_IRQHandler                0x08000207   Thumb Code     0  startup_stm32g431xx.o(.text)
    TIM1_CC_IRQHandler                       0x08000207   Thumb Code     0  startup_stm32g431xx.o(.text)
    TIM1_TRG_COM_TIM17_IRQHandler            0x08000207   Thumb Code     0  startup_stm32g431xx.o(.text)
    TIM1_UP_TIM16_IRQHandler                 0x08000207   Thumb Code     0  startup_stm32g431xx.o(.text)
    TIM2_IRQHandler                          0x08000207   Thumb Code     0  startup_stm32g431xx.o(.text)
    TIM3_IRQHandler                          0x08000207   Thumb Code     0  startup_stm32g431xx.o(.text)
    TIM4_IRQHandler                          0x08000207   Thumb Code     0  startup_stm32g431xx.o(.text)
    TIM6_DAC_IRQHandler                      0x08000207   Thumb Code     0  startup_stm32g431xx.o(.text)
    TIM7_IRQHandler                          0x08000207   Thumb Code     0  startup_stm32g431xx.o(.text)
    TIM8_BRK_IRQHandler                      0x08000207   Thumb Code     0  startup_stm32g431xx.o(.text)
    TIM8_CC_IRQHandler                       0x08000207   Thumb Code     0  startup_stm32g431xx.o(.text)
    TIM8_TRG_COM_IRQHandler                  0x08000207   Thumb Code     0  startup_stm32g431xx.o(.text)
    TIM8_UP_IRQHandler                       0x08000207   Thumb Code     0  startup_stm32g431xx.o(.text)
    UART4_IRQHandler                         0x08000207   Thumb Code     0  startup_stm32g431xx.o(.text)
    UCPD1_IRQHandler                         0x08000207   Thumb Code     0  startup_stm32g431xx.o(.text)
    USART2_IRQHandler                        0x08000207   Thumb Code     0  startup_stm32g431xx.o(.text)
    USART3_IRQHandler                        0x08000207   Thumb Code     0  startup_stm32g431xx.o(.text)
    USBWakeUp_IRQHandler                     0x08000207   Thumb Code     0  startup_stm32g431xx.o(.text)
    USB_HP_IRQHandler                        0x08000207   Thumb Code     0  startup_stm32g431xx.o(.text)
    USB_LP_IRQHandler                        0x08000207   Thumb Code     0  startup_stm32g431xx.o(.text)
    WWDG_IRQHandler                          0x08000207   Thumb Code     0  startup_stm32g431xx.o(.text)
    __aeabi_uldivmod                         0x08000211   Thumb Code    98  uldiv.o(.text)
    __aeabi_memset                           0x08000273   Thumb Code    14  memseta.o(.text)
    __aeabi_memset4                          0x08000273   Thumb Code     0  memseta.o(.text)
    __aeabi_memset8                          0x08000273   Thumb Code     0  memseta.o(.text)
    __aeabi_memclr                           0x08000281   Thumb Code     4  memseta.o(.text)
    __aeabi_memclr4                          0x08000281   Thumb Code     0  memseta.o(.text)
    __aeabi_memclr8                          0x08000281   Thumb Code     0  memseta.o(.text)
    _memset$wrapper                          0x08000285   Thumb Code    18  memseta.o(.text)
    __aeabi_uidiv                            0x08000297   Thumb Code     0  uidiv.o(.text)
    __aeabi_uidivmod                         0x08000297   Thumb Code    44  uidiv.o(.text)
    __aeabi_llsl                             0x080002c3   Thumb Code    30  llshl.o(.text)
    _ll_shift_l                              0x080002c3   Thumb Code     0  llshl.o(.text)
    __aeabi_llsr                             0x080002e1   Thumb Code    32  llushr.o(.text)
    _ll_ushift_r                             0x080002e1   Thumb Code     0  llushr.o(.text)
    __I$use$fp                               0x08000301   Thumb Code     0  iusefp.o(.text)
    __aeabi_dadd                             0x08000301   Thumb Code   322  dadd.o(.text)
    __aeabi_dsub                             0x08000443   Thumb Code     6  dadd.o(.text)
    __aeabi_drsub                            0x08000449   Thumb Code     6  dadd.o(.text)
    __aeabi_dmul                             0x0800044f   Thumb Code   228  dmul.o(.text)
    __aeabi_ddiv                             0x08000533   Thumb Code   222  ddiv.o(.text)
    __aeabi_d2ulz                            0x08000611   Thumb Code    48  dfixul.o(.text)
    __aeabi_cdrcmple                         0x08000641   Thumb Code    48  cdrcmple.o(.text)
    __scatterload                            0x08000671   Thumb Code    28  init.o(.text)
    __scatterload_rt2                        0x08000671   Thumb Code     0  init.o(.text)
    __aeabi_lasr                             0x08000695   Thumb Code    36  llsshr.o(.text)
    _ll_sshift_r                             0x08000695   Thumb Code     0  llsshr.o(.text)
    _double_round                            0x080006b9   Thumb Code    30  depilogue.o(.text)
    _double_epilogue                         0x080006d7   Thumb Code   156  depilogue.o(.text)
    ADC_DMAConvCplt                          0x08000775   Thumb Code    96  stm32g4xx_hal_adc.o(.text.ADC_DMAConvCplt)
    ADC_DMAError                             0x080007d5   Thumb Code    22  stm32g4xx_hal_adc.o(.text.ADC_DMAError)
    ADC_DMAHalfConvCplt                      0x080007ed   Thumb Code     6  stm32g4xx_hal_adc.o(.text.ADC_DMAHalfConvCplt)
    ADC_Disable                              0x080007f5   Thumb Code   126  stm32g4xx_hal_adc.o(.text.ADC_Disable)
    ADC_Enable                               0x08000875   Thumb Code   202  stm32g4xx_hal_adc.o(.text.ADC_Enable)
    BusFault_Handler                         0x08000941   Thumb Code     2  stm32g4xx_it.o(.text.BusFault_Handler)
    DMA1_Channel1_IRQHandler                 0x08000945   Thumb Code    12  stm32g4xx_it.o(.text.DMA1_Channel1_IRQHandler)
    DMA1_Channel2_IRQHandler                 0x08000951   Thumb Code    12  stm32g4xx_it.o(.text.DMA1_Channel2_IRQHandler)
    DMA1_Channel3_IRQHandler                 0x0800095d   Thumb Code    12  stm32g4xx_it.o(.text.DMA1_Channel3_IRQHandler)
    DMA1_Channel4_IRQHandler                 0x08000969   Thumb Code    12  stm32g4xx_it.o(.text.DMA1_Channel4_IRQHandler)
    DebugMon_Handler                         0x08000975   Thumb Code     2  stm32g4xx_it.o(.text.DebugMon_Handler)
    Error_Handler                            0x08000979   Thumb Code    10  main.o(.text.Error_Handler)
    HAL_ADCEx_Calibration_Start              0x08000985   Thumb Code   146  stm32g4xx_hal_adc_ex.o(.text.HAL_ADCEx_Calibration_Start)
    HAL_ADCEx_MultiModeConfigChannel         0x08000a19   Thumb Code   190  stm32g4xx_hal_adc_ex.o(.text.HAL_ADCEx_MultiModeConfigChannel)
    HAL_ADC_ConfigChannel                    0x08000ad9   Thumb Code   822  stm32g4xx_hal_adc.o(.text.HAL_ADC_ConfigChannel)
    HAL_ADC_ConvCpltCallback                 0x08000e11   Thumb Code     2  stm32g4xx_hal_adc.o(.text.HAL_ADC_ConvCpltCallback)
    HAL_ADC_ConvHalfCpltCallback             0x08000e15   Thumb Code     2  stm32g4xx_hal_adc.o(.text.HAL_ADC_ConvHalfCpltCallback)
    HAL_ADC_ErrorCallback                    0x08000e19   Thumb Code     2  stm32g4xx_hal_adc.o(.text.HAL_ADC_ErrorCallback)
    HAL_ADC_Init                             0x08000e1d   Thumb Code   518  stm32g4xx_hal_adc.o(.text.HAL_ADC_Init)
    HAL_ADC_MspInit                          0x08001025   Thumb Code   408  adc.o(.text.HAL_ADC_MspInit)
    HAL_ADC_Start_DMA                        0x080011bd   Thumb Code   236  stm32g4xx_hal_adc.o(.text.HAL_ADC_Start_DMA)
    HAL_DMA_Abort                            0x080012a9   Thumb Code   110  stm32g4xx_hal_dma.o(.text.HAL_DMA_Abort)
    HAL_DMA_Abort_IT                         0x08001319   Thumb Code   122  stm32g4xx_hal_dma.o(.text.HAL_DMA_Abort_IT)
    HAL_DMA_IRQHandler                       0x08001395   Thumb Code   166  stm32g4xx_hal_dma.o(.text.HAL_DMA_IRQHandler)
    HAL_DMA_Init                             0x0800143d   Thumb Code   292  stm32g4xx_hal_dma.o(.text.HAL_DMA_Init)
    HAL_DMA_Start_IT                         0x08001561   Thumb Code   226  stm32g4xx_hal_dma.o(.text.HAL_DMA_Start_IT)
    HAL_Delay                                0x08001645   Thumb Code    40  stm32g4xx_hal.o(.text.HAL_Delay)
    HAL_GPIO_Init                            0x0800166d   Thumb Code   414  stm32g4xx_hal_gpio.o(.text.HAL_GPIO_Init)
    HAL_GPIO_ReadPin                         0x0800180d   Thumb Code    10  stm32g4xx_hal_gpio.o(.text.HAL_GPIO_ReadPin)
    HAL_GPIO_WritePin                        0x08001819   Thumb Code    12  stm32g4xx_hal_gpio.o(.text.HAL_GPIO_WritePin)
    HAL_GetTick                              0x08001825   Thumb Code    12  stm32g4xx_hal.o(.text.HAL_GetTick)
    HAL_IncTick                              0x08001831   Thumb Code    26  stm32g4xx_hal.o(.text.HAL_IncTick)
    HAL_Init                                 0x0800184d   Thumb Code    30  stm32g4xx_hal.o(.text.HAL_Init)
    HAL_InitTick                             0x0800186d   Thumb Code    84  stm32g4xx_hal.o(.text.HAL_InitTick)
    HAL_MspInit                              0x080018c1   Thumb Code    52  stm32g4xx_hal_msp.o(.text.HAL_MspInit)
    HAL_NVIC_EnableIRQ                       0x080018f5   Thumb Code    32  stm32g4xx_hal_cortex.o(.text.HAL_NVIC_EnableIRQ)
    HAL_NVIC_SetPriority                     0x08001915   Thumb Code    86  stm32g4xx_hal_cortex.o(.text.HAL_NVIC_SetPriority)
    HAL_NVIC_SetPriorityGrouping             0x0800196d   Thumb Code    32  stm32g4xx_hal_cortex.o(.text.HAL_NVIC_SetPriorityGrouping)
    HAL_PWREx_ControlVoltageScaling          0x0800198d   Thumb Code   262  stm32g4xx_hal_pwr_ex.o(.text.HAL_PWREx_ControlVoltageScaling)
    HAL_PWREx_DisableUCPDDeadBattery         0x08001a95   Thumb Code    18  stm32g4xx_hal_pwr_ex.o(.text.HAL_PWREx_DisableUCPDDeadBattery)
    HAL_RCCEx_PeriphCLKConfig                0x08001aa9   Thumb Code   658  stm32g4xx_hal_rcc_ex.o(.text.HAL_RCCEx_PeriphCLKConfig)
    HAL_RCC_ClockConfig                      0x08001d3d   Thumb Code   802  stm32g4xx_hal_rcc.o(.text.HAL_RCC_ClockConfig)
    HAL_RCC_GetPCLK1Freq                     0x08002061   Thumb Code    42  stm32g4xx_hal_rcc.o(.text.HAL_RCC_GetPCLK1Freq)
    HAL_RCC_GetPCLK2Freq                     0x0800208d   Thumb Code    42  stm32g4xx_hal_rcc.o(.text.HAL_RCC_GetPCLK2Freq)
    HAL_RCC_GetSysClockFreq                  0x080020b9   Thumb Code   126  stm32g4xx_hal_rcc.o(.text.HAL_RCC_GetSysClockFreq)
    HAL_RCC_OscConfig                        0x08002139   Thumb Code  1146  stm32g4xx_hal_rcc.o(.text.HAL_RCC_OscConfig)
    HAL_RTC_GetDate                          0x080025b5   Thumb Code   100  stm32g4xx_hal_rtc.o(.text.HAL_RTC_GetDate)
    HAL_RTC_GetTime                          0x08002619   Thumb Code   112  stm32g4xx_hal_rtc.o(.text.HAL_RTC_GetTime)
    HAL_RTC_Init                             0x08002689   Thumb Code   224  stm32g4xx_hal_rtc.o(.text.HAL_RTC_Init)
    HAL_RTC_MspInit                          0x08002769   Thumb Code    96  rtc.o(.text.HAL_RTC_MspInit)
    HAL_RTC_SetDate                          0x080027c9   Thumb Code   326  stm32g4xx_hal_rtc.o(.text.HAL_RTC_SetDate)
    HAL_RTC_SetTime                          0x08002911   Thumb Code   362  stm32g4xx_hal_rtc.o(.text.HAL_RTC_SetTime)
    HAL_SYSTICK_Config                       0x08002a7d   Thumb Code    44  stm32g4xx_hal_cortex.o(.text.HAL_SYSTICK_Config)
    HAL_TIMEx_ConfigBreakDeadTime            0x08002aa9   Thumb Code   208  stm32g4xx_hal_tim_ex.o(.text.HAL_TIMEx_ConfigBreakDeadTime)
    HAL_TIMEx_MasterConfigSynchronization    0x08002b79   Thumb Code   168  stm32g4xx_hal_tim_ex.o(.text.HAL_TIMEx_MasterConfigSynchronization)
    HAL_TIM_Base_Init                        0x08002c21   Thumb Code    98  stm32g4xx_hal_tim.o(.text.HAL_TIM_Base_Init)
    HAL_TIM_Base_MspInit                     0x08002c85   Thumb Code   254  tim.o(.text.HAL_TIM_Base_MspInit)
    HAL_TIM_ConfigClockSource                0x08002d85   Thumb Code   504  stm32g4xx_hal_tim.o(.text.HAL_TIM_ConfigClockSource)
    HAL_TIM_ErrorCallback                    0x08002f7d   Thumb Code     2  stm32g4xx_hal_tim.o(.text.HAL_TIM_ErrorCallback)
    HAL_TIM_IC_CaptureCallback               0x08002f81   Thumb Code     2  stm32g4xx_hal_tim.o(.text.HAL_TIM_IC_CaptureCallback)
    HAL_TIM_IC_CaptureHalfCpltCallback       0x08002f85   Thumb Code     2  stm32g4xx_hal_tim.o(.text.HAL_TIM_IC_CaptureHalfCpltCallback)
    HAL_TIM_IC_ConfigChannel                 0x08002f89   Thumb Code   404  stm32g4xx_hal_tim.o(.text.HAL_TIM_IC_ConfigChannel)
    HAL_TIM_IC_Init                          0x0800311d   Thumb Code    98  stm32g4xx_hal_tim.o(.text.HAL_TIM_IC_Init)
    HAL_TIM_IC_MspInit                       0x08003181   Thumb Code     2  stm32g4xx_hal_tim.o(.text.HAL_TIM_IC_MspInit)
    HAL_TIM_IC_Start_DMA                     0x08003185   Thumb Code   622  stm32g4xx_hal_tim.o(.text.HAL_TIM_IC_Start_DMA)
    HAL_TIM_PWM_ConfigChannel                0x080033f5   Thumb Code   956  stm32g4xx_hal_tim.o(.text.HAL_TIM_PWM_ConfigChannel)
    HAL_TIM_PWM_Init                         0x080037b1   Thumb Code    98  stm32g4xx_hal_tim.o(.text.HAL_TIM_PWM_Init)
    HAL_TIM_PWM_MspInit                      0x08003815   Thumb Code     2  stm32g4xx_hal_tim.o(.text.HAL_TIM_PWM_MspInit)
    HAL_TIM_PWM_Start                        0x08003819   Thumb Code   352  stm32g4xx_hal_tim.o(.text.HAL_TIM_PWM_Start)
    HAL_TIM_SlaveConfigSynchro               0x08003979   Thumb Code    74  stm32g4xx_hal_tim.o(.text.HAL_TIM_SlaveConfigSynchro)
    HAL_UARTEx_DisableFifoMode               0x080039c5   Thumb Code    54  stm32g4xx_hal_uart_ex.o(.text.HAL_UARTEx_DisableFifoMode)
    HAL_UARTEx_ReceiveToIdle_DMA             0x080039fd   Thumb Code    86  stm32g4xx_hal_uart_ex.o(.text.HAL_UARTEx_ReceiveToIdle_DMA)
    HAL_UARTEx_RxEventCallback               0x08003a55   Thumb Code    56  uart_app.o(.text.HAL_UARTEx_RxEventCallback)
    HAL_UARTEx_RxFifoFullCallback            0x08003a8d   Thumb Code     2  stm32g4xx_hal_uart_ex.o(.text.HAL_UARTEx_RxFifoFullCallback)
    HAL_UARTEx_SetRxFifoThreshold            0x08003a91   Thumb Code   146  stm32g4xx_hal_uart_ex.o(.text.HAL_UARTEx_SetRxFifoThreshold)
    HAL_UARTEx_SetTxFifoThreshold            0x08003b25   Thumb Code   146  stm32g4xx_hal_uart_ex.o(.text.HAL_UARTEx_SetTxFifoThreshold)
    HAL_UARTEx_TxFifoEmptyCallback           0x08003bb9   Thumb Code     2  stm32g4xx_hal_uart_ex.o(.text.HAL_UARTEx_TxFifoEmptyCallback)
    HAL_UARTEx_WakeupCallback                0x08003bbd   Thumb Code     2  stm32g4xx_hal_uart_ex.o(.text.HAL_UARTEx_WakeupCallback)
    HAL_UART_ErrorCallback                   0x08003bc1   Thumb Code     2  stm32g4xx_hal_uart.o(.text.HAL_UART_ErrorCallback)
    HAL_UART_IRQHandler                      0x08003bc5   Thumb Code   960  stm32g4xx_hal_uart.o(.text.HAL_UART_IRQHandler)
    HAL_UART_Init                            0x08003f85   Thumb Code   100  stm32g4xx_hal_uart.o(.text.HAL_UART_Init)
    HAL_UART_MspInit                         0x08003fe9   Thumb Code   216  usart.o(.text.HAL_UART_MspInit)
    HAL_UART_RxCpltCallback                  0x080040c1   Thumb Code     2  stm32g4xx_hal_uart.o(.text.HAL_UART_RxCpltCallback)
    HAL_UART_RxHalfCpltCallback              0x080040c5   Thumb Code     2  stm32g4xx_hal_uart.o(.text.HAL_UART_RxHalfCpltCallback)
    HAL_UART_Transmit                        0x080040c9   Thumb Code   250  stm32g4xx_hal_uart.o(.text.HAL_UART_Transmit)
    HAL_UART_TxCpltCallback                  0x080041c5   Thumb Code     2  stm32g4xx_hal_uart.o(.text.HAL_UART_TxCpltCallback)
    HardFault_Handler                        0x080041c9   Thumb Code     2  stm32g4xx_it.o(.text.HardFault_Handler)
    LCD_Clear                                0x080041cd   Thumb Code   290  lcd.o(.text.LCD_Clear)
    LCD_Init                                 0x080042f1   Thumb Code   574  lcd.o(.text.LCD_Init)
    LCD_SetBackColor                         0x08004531   Thumb Code    24  lcd.o(.text.LCD_SetBackColor)
    LCD_SetTextColor                         0x08004549   Thumb Code    24  lcd.o(.text.LCD_SetTextColor)
    MX_ADC1_Init                             0x08004561   Thumb Code   176  adc.o(.text.MX_ADC1_Init)
    MX_ADC2_Init                             0x08004611   Thumb Code   146  adc.o(.text.MX_ADC2_Init)
    MX_DMA_Init                              0x080046a5   Thumb Code   118  dma.o(.text.MX_DMA_Init)
    MX_GPIO_Init                             0x0800471d   Thumb Code   332  gpio.o(.text.MX_GPIO_Init)
    MX_RTC_Init                              0x08004869   Thumb Code   154  rtc.o(.text.MX_RTC_Init)
    MX_TIM1_Init                             0x08004905   Thumb Code   390  tim.o(.text.MX_TIM1_Init)
    MX_TIM2_Init                             0x08004a8d   Thumb Code   320  tim.o(.text.MX_TIM2_Init)
    MX_TIM3_Init                             0x08004bcd   Thumb Code   234  tim.o(.text.MX_TIM3_Init)
    MX_USART1_UART_Init                      0x08004cb9   Thumb Code   166  usart.o(.text.MX_USART1_UART_Init)
    MemManage_Handler                        0x08004d61   Thumb Code     2  stm32g4xx_it.o(.text.MemManage_Handler)
    NMI_Handler                              0x08004d65   Thumb Code     2  stm32g4xx_it.o(.text.NMI_Handler)
    PendSV_Handler                           0x08004d69   Thumb Code     2  stm32g4xx_it.o(.text.PendSV_Handler)
    REG_8230_Init                            0x08004d6d   Thumb Code  2674  lcd.o(.text.REG_8230_Init)
    REG_932X_Init                            0x080057e1   Thumb Code  5182  lcd.o(.text.REG_932X_Init)
    RTC_ExitInitMode                         0x08006c21   Thumb Code   146  stm32g4xx_hal_rtc.o(.text.RTC_ExitInitMode)
    SVC_Handler                              0x08006cb5   Thumb Code     2  stm32g4xx_it.o(.text.SVC_Handler)
    SysTick_Handler                          0x08006cb9   Thumb Code     4  stm32g4xx_it.o(.text.SysTick_Handler)
    SystemInit                               0x08006cbd   Thumb Code    18  system_stm32g4xx.o(.text.SystemInit)
    TIM_Base_SetConfig                       0x08006cd1   Thumb Code   270  stm32g4xx_hal_tim.o(.text.TIM_Base_SetConfig)
    TIM_DMACaptureCplt                       0x08006de1   Thumb Code   116  stm32g4xx_hal_tim.o(.text.TIM_DMACaptureCplt)
    TIM_DMACaptureHalfCplt                   0x08006e55   Thumb Code    56  stm32g4xx_hal_tim.o(.text.TIM_DMACaptureHalfCplt)
    TIM_DMAError                             0x08006e8d   Thumb Code    92  stm32g4xx_hal_tim.o(.text.TIM_DMAError)
    UART_AdvFeatureConfig                    0x08007031   Thumb Code   230  stm32g4xx_hal_uart.o(.text.UART_AdvFeatureConfig)
    UART_CheckIdleState                      0x08007119   Thumb Code   192  stm32g4xx_hal_uart.o(.text.UART_CheckIdleState)
    UART_SetConfig                           0x08007351   Thumb Code   700  stm32g4xx_hal_uart.o(.text.UART_SetConfig)
    UART_Start_Receive_DMA                   0x0800761d   Thumb Code   160  stm32g4xx_hal_uart.o(.text.UART_Start_Receive_DMA)
    UART_WaitOnFlagUntilTimeout              0x080076bd   Thumb Code   326  stm32g4xx_hal_uart.o(.text.UART_WaitOnFlagUntilTimeout)
    USART1_IRQHandler                        0x08007805   Thumb Code    52  stm32g4xx_it.o(.text.USART1_IRQHandler)
    UsageFault_Handler                       0x08007839   Thumb Code     2  stm32g4xx_it.o(.text.UsageFault_Handler)
    adc_proc                                 0x0800783d   Thumb Code   116  adc_app.o(.text.adc_proc)
    fputc                                    0x080078b1   Thumb Code    30  usart.o(.text.fputc)
    ic_proc                                  0x080078d1   Thumb Code    96  tim_app.o(.text.ic_proc)
    key_init                                 0x08007931   Thumb Code    64  key_app.o(.text.key_init)
    key_proc                                 0x08007971   Thumb Code   124  key_app.o(.text.key_proc)
    lcd_proc                                 0x080079ed   Thumb Code     2  lcd_app.o(.text.lcd_proc)
    led_proc                                 0x080079f1   Thumb Code    94  led_app.o(.text.led_proc)
    limit_value                              0x08007a51   Thumb Code    44  filter.o(.text.limit_value)
    main                                     0x08007a7d   Thumb Code   326  main.o(.text.main)
    ringbuffer_init                          0x08007bc5   Thumb Code    14  ringbuffer.o(.text.ringbuffer_init)
    ringbuffer_is_empty                      0x08007bd5   Thumb Code    10  ringbuffer.o(.text.ringbuffer_is_empty)
    ringbuffer_is_full                       0x08007be1   Thumb Code    12  ringbuffer.o(.text.ringbuffer_is_full)
    ringbuffer_read                          0x08007bed   Thumb Code    78  ringbuffer.o(.text.ringbuffer_read)
    ringbuffer_write                         0x08007c3d   Thumb Code    82  ringbuffer.o(.text.ringbuffer_write)
    rtc_proc                                 0x08007c91   Thumb Code    46  rtc_app.o(.text.rtc_proc)
    scheduler_init                           0x08007cc1   Thumb Code    14  scheduler.o(.text.scheduler_init)
    scheduler_run                            0x08007cd1   Thumb Code    76  scheduler.o(.text.scheduler_run)
    system_init                              0x08007d1d   Thumb Code    48  system.o(.text.system_init)
    uart_proc                                0x08007d4d   Thumb Code    60  uart_app.o(.text.uart_proc)
    __0printf                                0x08007da1   Thumb Code    22  printfa.o(i.__0printf)
    __1printf                                0x08007da1   Thumb Code     0  printfa.o(i.__0printf)
    __2printf                                0x08007da1   Thumb Code     0  printfa.o(i.__0printf)
    __c89printf                              0x08007da1   Thumb Code     0  printfa.o(i.__0printf)
    printf                                   0x08007da1   Thumb Code     0  printfa.o(i.__0printf)
    __scatterload_copy                       0x08007dc1   Thumb Code    14  handlers.o(i.__scatterload_copy)
    __scatterload_null                       0x08007dcf   Thumb Code     2  handlers.o(i.__scatterload_null)
    __scatterload_zeroinit                   0x08007dd1   Thumb Code    14  handlers.o(i.__scatterload_zeroinit)
    AHBPrescTable                            0x08008692   Data          16  system_stm32g4xx.o(.rodata.AHBPrescTable)
    APBPrescTable                            0x080086a2   Data           8  system_stm32g4xx.o(.rodata.APBPrescTable)
    UARTPrescTable                           0x080086aa   Data          24  stm32g4xx_hal_uart.o(.rodata.UARTPrescTable)
    Region$$Table$$Base                      0x080086e4   Number         0  anon$$obj.o(Region$$Table)
    Region$$Table$$Limit                     0x08008704   Number         0  anon$$obj.o(Region$$Table)
    __stdout                                 0x20000000   Data           4  stdout.o(.data)
    SystemCoreClock                          0x20000008   Data           4  system_stm32g4xx.o(.data.SystemCoreClock)
    uwTickFreq                               0x20000064   Data           4  stm32g4xx_hal.o(.data.uwTickFreq)
    uwTickPrio                               0x20000068   Data           4  stm32g4xx_hal.o(.data.uwTickPrio)
    adc_value                                0x20000078   Data           8  adc_app.o(.bss.adc_value)
    btns                                     0x20000080   Data          64  key_app.o(.bss.btns)
    date                                     0x200000c0   Data           4  rtc_app.o(.bss.date)
    dma_buff                                 0x200000c4   Data         240  adc_app.o(.bss.dma_buff)
    dummy                                    0x200001b4   Data           2  lcd.o(.bss.dummy)
    hadc1                                    0x200001b8   Data         108  adc.o(.bss.hadc1)
    hadc2                                    0x20000224   Data         108  adc.o(.bss.hadc2)
    hdma_adc1                                0x20000290   Data          96  adc.o(.bss.hdma_adc1)
    hdma_adc2                                0x200002f0   Data          96  adc.o(.bss.hdma_adc2)
    hdma_tim3_ch1                            0x20000350   Data          96  tim.o(.bss.hdma_tim3_ch1)
    hdma_usart1_rx                           0x200003b0   Data          96  usart.o(.bss.hdma_usart1_rx)
    hrtc                                     0x20000410   Data          40  rtc.o(.bss.hrtc)
    htim1                                    0x20000438   Data          76  tim.o(.bss.htim1)
    htim2                                    0x20000484   Data          76  tim.o(.bss.htim2)
    htim3                                    0x200004d0   Data          76  tim.o(.bss.htim3)
    huart1                                   0x2000051c   Data         148  usart.o(.bss.huart1)
    key_down                                 0x200005b0   Data           1  key_app.o(.bss.key_down)
    key_old                                  0x200005b1   Data           1  key_app.o(.bss.key_old)
    key_up                                   0x200005b2   Data           1  key_app.o(.bss.key_up)
    key_val                                  0x200005b3   Data           1  key_app.o(.bss.key_val)
    task_num                                 0x200005b4   Data           1  scheduler.o(.bss.task_num)
    tim_ic_buffer                            0x200005b8   Data         256  tim_app.o(.bss.tim_ic_buffer)
    tim_ic_temp                              0x200006b8   Data           4  tim_app.o(.bss.tim_ic_temp)
    tim_ic_val                               0x200006bc   Data           4  tim_app.o(.bss.tim_ic_val)
    time                                     0x200006c0   Data          20  rtc_app.o(.bss.time)
    uart_rx_dma_buffer                       0x200006d4   Data         128  usart.o(.bss.uart_rx_dma_buffer)
    ucLed                                    0x20000754   Data           8  led_app.o(.bss.ucLed)
    usart_rb                                 0x2000075c   Data          44  uart_app.o(.bss.usart_rb)
    usart_read_buffer                        0x20000788   Data          64  uart_app.o(.bss.usart_read_buffer)
    uwTick                                   0x200007c8   Data           4  stm32g4xx_hal.o(.bss.uwTick)
    __initial_sp                             0x20000bd0   Data           0  startup_stm32g431xx.o(STACK)



==============================================================================

Memory Map of the image

  Image Entry point : 0x080001d9

  Load Region LR_IROM1 (Base: 0x08000000, Size: 0x00008778, Max: 0x00020000, ABSOLUTE)

    Execution Region ER_IROM1 (Exec base: 0x08000000, Load base: 0x08000000, Size: 0x00008704, Max: 0x00020000, ABSOLUTE)

    Exec Addr    Load Addr    Size         Type   Attr      Idx    E Section Name        Object

    0x08000000   0x08000000   0x000001d8   Data   RO            3    RESET               startup_stm32g431xx.o
    0x080001d8   0x080001d8   0x00000000   Code   RO         1820  * .ARM.Collect$$$$00000000  mc_w.l(entry.o)
    0x080001d8   0x080001d8   0x00000004   Code   RO         2122    .ARM.Collect$$$$00000001  mc_w.l(entry2.o)
    0x080001dc   0x080001dc   0x00000004   Code   RO         2125    .ARM.Collect$$$$00000004  mc_w.l(entry5.o)
    0x080001e0   0x080001e0   0x00000000   Code   RO         2127    .ARM.Collect$$$$00000008  mc_w.l(entry7b.o)
    0x080001e0   0x080001e0   0x00000000   Code   RO         2129    .ARM.Collect$$$$0000000A  mc_w.l(entry8b.o)
    0x080001e0   0x080001e0   0x00000008   Code   RO         2130    .ARM.Collect$$$$0000000B  mc_w.l(entry9a.o)
    0x080001e8   0x080001e8   0x00000000   Code   RO         2132    .ARM.Collect$$$$0000000D  mc_w.l(entry10a.o)
    0x080001e8   0x080001e8   0x00000000   Code   RO         2134    .ARM.Collect$$$$0000000F  mc_w.l(entry11a.o)
    0x080001e8   0x080001e8   0x00000004   Code   RO         2123    .ARM.Collect$$$$00002712  mc_w.l(entry2.o)
    0x080001ec   0x080001ec   0x00000024   Code   RO            4    .text               startup_stm32g431xx.o
    0x08000210   0x08000210   0x00000062   Code   RO         1823    .text               mc_w.l(uldiv.o)
    0x08000272   0x08000272   0x00000024   Code   RO         1829    .text               mc_w.l(memseta.o)
    0x08000296   0x08000296   0x0000002c   Code   RO         2146    .text               mc_w.l(uidiv.o)
    0x080002c2   0x080002c2   0x0000001e   Code   RO         2148    .text               mc_w.l(llshl.o)
    0x080002e0   0x080002e0   0x00000020   Code   RO         2150    .text               mc_w.l(llushr.o)
    0x08000300   0x08000300   0x00000000   Code   RO         2154    .text               mc_w.l(iusefp.o)
    0x08000300   0x08000300   0x0000014e   Code   RO         2155    .text               mf_w.l(dadd.o)
    0x0800044e   0x0800044e   0x000000e4   Code   RO         2157    .text               mf_w.l(dmul.o)
    0x08000532   0x08000532   0x000000de   Code   RO         2159    .text               mf_w.l(ddiv.o)
    0x08000610   0x08000610   0x00000030   Code   RO         2161    .text               mf_w.l(dfixul.o)
    0x08000640   0x08000640   0x00000030   Code   RO         2163    .text               mf_w.l(cdrcmple.o)
    0x08000670   0x08000670   0x00000024   Code   RO         2165    .text               mc_w.l(init.o)
    0x08000694   0x08000694   0x00000024   Code   RO         2167    .text               mc_w.l(llsshr.o)
    0x080006b8   0x080006b8   0x000000ba   Code   RO         2169    .text               mf_w.l(depilogue.o)
    0x08000772   0x08000772   0x00000002   PAD
    0x08000774   0x08000774   0x00000060   Code   RO          196    .text.ADC_DMAConvCplt  stm32g4xx_hal_adc.o
    0x080007d4   0x080007d4   0x00000016   Code   RO          200    .text.ADC_DMAError  stm32g4xx_hal_adc.o
    0x080007ea   0x080007ea   0x00000002   PAD
    0x080007ec   0x080007ec   0x00000006   Code   RO          198    .text.ADC_DMAHalfConvCplt  stm32g4xx_hal_adc.o
    0x080007f2   0x080007f2   0x00000002   PAD
    0x080007f4   0x080007f4   0x0000007e   Code   RO          176    .text.ADC_Disable   stm32g4xx_hal_adc.o
    0x08000872   0x08000872   0x00000002   PAD
    0x08000874   0x08000874   0x000000ca   Code   RO          182    .text.ADC_Enable    stm32g4xx_hal_adc.o
    0x0800093e   0x0800093e   0x00000002   PAD
    0x08000940   0x08000940   0x00000002   Code   RO          131    .text.BusFault_Handler  stm32g4xx_it.o
    0x08000942   0x08000942   0x00000002   PAD
    0x08000944   0x08000944   0x0000000c   Code   RO          143    .text.DMA1_Channel1_IRQHandler  stm32g4xx_it.o
    0x08000950   0x08000950   0x0000000c   Code   RO          145    .text.DMA1_Channel2_IRQHandler  stm32g4xx_it.o
    0x0800095c   0x0800095c   0x0000000c   Code   RO          147    .text.DMA1_Channel3_IRQHandler  stm32g4xx_it.o
    0x08000968   0x08000968   0x0000000c   Code   RO          149    .text.DMA1_Channel4_IRQHandler  stm32g4xx_it.o
    0x08000974   0x08000974   0x00000002   Code   RO          137    .text.DebugMon_Handler  stm32g4xx_it.o
    0x08000976   0x08000976   0x00000002   PAD
    0x08000978   0x08000978   0x0000000a   Code   RO           15    .text.Error_Handler  main.o
    0x08000982   0x08000982   0x00000002   PAD
    0x08000984   0x08000984   0x00000092   Code   RO          236    .text.HAL_ADCEx_Calibration_Start  stm32g4xx_hal_adc_ex.o
    0x08000a16   0x08000a16   0x00000002   PAD
    0x08000a18   0x08000a18   0x000000be   Code   RO          280    .text.HAL_ADCEx_MultiModeConfigChannel  stm32g4xx_hal_adc_ex.o
    0x08000ad6   0x08000ad6   0x00000002   PAD
    0x08000ad8   0x08000ad8   0x00000336   Code   RO          220    .text.HAL_ADC_ConfigChannel  stm32g4xx_hal_adc.o
    0x08000e0e   0x08000e0e   0x00000002   PAD
    0x08000e10   0x08000e10   0x00000002   Code   RO          212    .text.HAL_ADC_ConvCpltCallback  stm32g4xx_hal_adc.o
    0x08000e12   0x08000e12   0x00000002   PAD
    0x08000e14   0x08000e14   0x00000002   Code   RO          218    .text.HAL_ADC_ConvHalfCpltCallback  stm32g4xx_hal_adc.o
    0x08000e16   0x08000e16   0x00000002   PAD
    0x08000e18   0x08000e18   0x00000002   Code   RO          216    .text.HAL_ADC_ErrorCallback  stm32g4xx_hal_adc.o
    0x08000e1a   0x08000e1a   0x00000002   PAD
    0x08000e1c   0x08000e1c   0x00000206   Code   RO          168    .text.HAL_ADC_Init  stm32g4xx_hal_adc.o
    0x08001022   0x08001022   0x00000002   PAD
    0x08001024   0x08001024   0x00000198   Code   RO           38    .text.HAL_ADC_MspInit  adc.o
    0x080011bc   0x080011bc   0x000000ec   Code   RO          194    .text.HAL_ADC_Start_DMA  stm32g4xx_hal_adc.o
    0x080012a8   0x080012a8   0x0000006e   Code   RO          598    .text.HAL_DMA_Abort  stm32g4xx_hal_dma.o
    0x08001316   0x08001316   0x00000002   PAD
    0x08001318   0x08001318   0x0000007a   Code   RO          600    .text.HAL_DMA_Abort_IT  stm32g4xx_hal_dma.o
    0x08001392   0x08001392   0x00000002   PAD
    0x08001394   0x08001394   0x000000a6   Code   RO          604    .text.HAL_DMA_IRQHandler  stm32g4xx_hal_dma.o
    0x0800143a   0x0800143a   0x00000002   PAD
    0x0800143c   0x0800143c   0x00000124   Code   RO          590    .text.HAL_DMA_Init  stm32g4xx_hal_dma.o
    0x08001560   0x08001560   0x000000e2   Code   RO          596    .text.HAL_DMA_Start_IT  stm32g4xx_hal_dma.o
    0x08001642   0x08001642   0x00000002   PAD
    0x08001644   0x08001644   0x00000028   Code   RO          319    .text.HAL_Delay     stm32g4xx_hal.o
    0x0800166c   0x0800166c   0x0000019e   Code   RO          540    .text.HAL_GPIO_Init  stm32g4xx_hal_gpio.o
    0x0800180a   0x0800180a   0x00000002   PAD
    0x0800180c   0x0800180c   0x0000000a   Code   RO          544    .text.HAL_GPIO_ReadPin  stm32g4xx_hal_gpio.o
    0x08001816   0x08001816   0x00000002   PAD
    0x08001818   0x08001818   0x0000000c   Code   RO          546    .text.HAL_GPIO_WritePin  stm32g4xx_hal_gpio.o
    0x08001824   0x08001824   0x0000000c   Code   RO          311    .text.HAL_GetTick   stm32g4xx_hal.o
    0x08001830   0x08001830   0x0000001a   Code   RO          309    .text.HAL_IncTick   stm32g4xx_hal.o
    0x0800184a   0x0800184a   0x00000002   PAD
    0x0800184c   0x0800184c   0x0000001e   Code   RO          299    .text.HAL_Init      stm32g4xx_hal.o
    0x0800186a   0x0800186a   0x00000002   PAD
    0x0800186c   0x0800186c   0x00000054   Code   RO          301    .text.HAL_InitTick  stm32g4xx_hal.o
    0x080018c0   0x080018c0   0x00000034   Code   RO          160    .text.HAL_MspInit   stm32g4xx_hal_msp.o
    0x080018f4   0x080018f4   0x00000020   Code   RO          766    .text.HAL_NVIC_EnableIRQ  stm32g4xx_hal_cortex.o
    0x08001914   0x08001914   0x00000056   Code   RO          764    .text.HAL_NVIC_SetPriority  stm32g4xx_hal_cortex.o
    0x0800196a   0x0800196a   0x00000002   PAD
    0x0800196c   0x0800196c   0x00000020   Code   RO          762    .text.HAL_NVIC_SetPriorityGrouping  stm32g4xx_hal_cortex.o
    0x0800198c   0x0800198c   0x00000106   Code   RO          682    .text.HAL_PWREx_ControlVoltageScaling  stm32g4xx_hal_pwr_ex.o
    0x08001a92   0x08001a92   0x00000002   PAD
    0x08001a94   0x08001a94   0x00000012   Code   RO          752    .text.HAL_PWREx_DisableUCPDDeadBattery  stm32g4xx_hal_pwr_ex.o
    0x08001aa6   0x08001aa6   0x00000002   PAD
    0x08001aa8   0x08001aa8   0x00000292   Code   RO          424    .text.HAL_RCCEx_PeriphCLKConfig  stm32g4xx_hal_rcc_ex.o
    0x08001d3a   0x08001d3a   0x00000002   PAD
    0x08001d3c   0x08001d3c   0x00000322   Code   RO          390    .text.HAL_RCC_ClockConfig  stm32g4xx_hal_rcc.o
    0x0800205e   0x0800205e   0x00000002   PAD
    0x08002060   0x08002060   0x0000002a   Code   RO          398    .text.HAL_RCC_GetPCLK1Freq  stm32g4xx_hal_rcc.o
    0x0800208a   0x0800208a   0x00000002   PAD
    0x0800208c   0x0800208c   0x0000002a   Code   RO          400    .text.HAL_RCC_GetPCLK2Freq  stm32g4xx_hal_rcc.o
    0x080020b6   0x080020b6   0x00000002   PAD
    0x080020b8   0x080020b8   0x0000007e   Code   RO          392    .text.HAL_RCC_GetSysClockFreq  stm32g4xx_hal_rcc.o
    0x08002136   0x08002136   0x00000002   PAD
    0x08002138   0x08002138   0x0000047a   Code   RO          388    .text.HAL_RCC_OscConfig  stm32g4xx_hal_rcc.o
    0x080025b2   0x080025b2   0x00000002   PAD
    0x080025b4   0x080025b4   0x00000064   Code   RO          836    .text.HAL_RTC_GetDate  stm32g4xx_hal_rtc.o
    0x08002618   0x08002618   0x00000070   Code   RO          830    .text.HAL_RTC_GetTime  stm32g4xx_hal_rtc.o
    0x08002688   0x08002688   0x000000e0   Code   RO          812    .text.HAL_RTC_Init  stm32g4xx_hal_rtc.o
    0x08002768   0x08002768   0x00000060   Code   RO           66    .text.HAL_RTC_MspInit  rtc.o
    0x080027c8   0x080027c8   0x00000146   Code   RO          834    .text.HAL_RTC_SetDate  stm32g4xx_hal_rtc.o
    0x0800290e   0x0800290e   0x00000002   PAD
    0x08002910   0x08002910   0x0000016a   Code   RO          826    .text.HAL_RTC_SetTime  stm32g4xx_hal_rtc.o
    0x08002a7a   0x08002a7a   0x00000002   PAD
    0x08002a7c   0x08002a7c   0x0000002c   Code   RO          774    .text.HAL_SYSTICK_Config  stm32g4xx_hal_cortex.o
    0x08002aa8   0x08002aa8   0x000000d0   Code   RO         1265    .text.HAL_TIMEx_ConfigBreakDeadTime  stm32g4xx_hal_tim_ex.o
    0x08002b78   0x08002b78   0x000000a8   Code   RO         1263    .text.HAL_TIMEx_MasterConfigSynchronization  stm32g4xx_hal_tim_ex.o
    0x08002c20   0x08002c20   0x00000062   Code   RO          968    .text.HAL_TIM_Base_Init  stm32g4xx_hal_tim.o
    0x08002c82   0x08002c82   0x00000002   PAD
    0x08002c84   0x08002c84   0x000000fe   Code   RO           87    .text.HAL_TIM_Base_MspInit  tim.o
    0x08002d82   0x08002d82   0x00000002   PAD
    0x08002d84   0x08002d84   0x000001f8   Code   RO         1148    .text.HAL_TIM_ConfigClockSource  stm32g4xx_hal_tim.o
    0x08002f7c   0x08002f7c   0x00000002   Code   RO         1168    .text.HAL_TIM_ErrorCallback  stm32g4xx_hal_tim.o
    0x08002f7e   0x08002f7e   0x00000002   PAD
    0x08002f80   0x08002f80   0x00000002   Code   RO         1104    .text.HAL_TIM_IC_CaptureCallback  stm32g4xx_hal_tim.o
    0x08002f82   0x08002f82   0x00000002   PAD
    0x08002f84   0x08002f84   0x00000002   Code   RO         1162    .text.HAL_TIM_IC_CaptureHalfCpltCallback  stm32g4xx_hal_tim.o
    0x08002f86   0x08002f86   0x00000002   PAD
    0x08002f88   0x08002f88   0x00000194   Code   RO         1118    .text.HAL_TIM_IC_ConfigChannel  stm32g4xx_hal_tim.o
    0x0800311c   0x0800311c   0x00000062   Code   RO         1042    .text.HAL_TIM_IC_Init  stm32g4xx_hal_tim.o
    0x0800317e   0x0800317e   0x00000002   PAD
    0x08003180   0x08003180   0x00000002   Code   RO         1044    .text.HAL_TIM_IC_MspInit  stm32g4xx_hal_tim.o
    0x08003182   0x08003182   0x00000002   PAD
    0x08003184   0x08003184   0x0000026e   Code   RO         1058    .text.HAL_TIM_IC_Start_DMA  stm32g4xx_hal_tim.o
    0x080033f2   0x080033f2   0x00000002   PAD
    0x080033f4   0x080033f4   0x000003bc   Code   RO         1122    .text.HAL_TIM_PWM_ConfigChannel  stm32g4xx_hal_tim.o
    0x080037b0   0x080037b0   0x00000062   Code   RO         1022    .text.HAL_TIM_PWM_Init  stm32g4xx_hal_tim.o
    0x08003812   0x08003812   0x00000002   PAD
    0x08003814   0x08003814   0x00000002   Code   RO         1024    .text.HAL_TIM_PWM_MspInit  stm32g4xx_hal_tim.o
    0x08003816   0x08003816   0x00000002   PAD
    0x08003818   0x08003818   0x00000160   Code   RO         1030    .text.HAL_TIM_PWM_Start  stm32g4xx_hal_tim.o
    0x08003978   0x08003978   0x0000004a   Code   RO         1152    .text.HAL_TIM_SlaveConfigSynchro  stm32g4xx_hal_tim.o
    0x080039c2   0x080039c2   0x00000002   PAD
    0x080039c4   0x080039c4   0x00000036   Code   RO         1504    .text.HAL_UARTEx_DisableFifoMode  stm32g4xx_hal_uart_ex.o
    0x080039fa   0x080039fa   0x00000002   PAD
    0x080039fc   0x080039fc   0x00000056   Code   RO         1514    .text.HAL_UARTEx_ReceiveToIdle_DMA  stm32g4xx_hal_uart_ex.o
    0x08003a52   0x08003a52   0x00000002   PAD
    0x08003a54   0x08003a54   0x00000038   Code   RO         1691    .text.HAL_UARTEx_RxEventCallback  uart_app.o
    0x08003a8c   0x08003a8c   0x00000002   Code   RO         1490    .text.HAL_UARTEx_RxFifoFullCallback  stm32g4xx_hal_uart_ex.o
    0x08003a8e   0x08003a8e   0x00000002   PAD
    0x08003a90   0x08003a90   0x00000092   Code   RO         1508    .text.HAL_UARTEx_SetRxFifoThreshold  stm32g4xx_hal_uart_ex.o
    0x08003b22   0x08003b22   0x00000002   PAD
    0x08003b24   0x08003b24   0x00000092   Code   RO         1506    .text.HAL_UARTEx_SetTxFifoThreshold  stm32g4xx_hal_uart_ex.o
    0x08003bb6   0x08003bb6   0x00000002   PAD
    0x08003bb8   0x08003bb8   0x00000002   Code   RO         1492    .text.HAL_UARTEx_TxFifoEmptyCallback  stm32g4xx_hal_uart_ex.o
    0x08003bba   0x08003bba   0x00000002   PAD
    0x08003bbc   0x08003bbc   0x00000002   Code   RO         1488    .text.HAL_UARTEx_WakeupCallback  stm32g4xx_hal_uart_ex.o
    0x08003bbe   0x08003bbe   0x00000002   PAD
    0x08003bc0   0x08003bc0   0x00000002   Code   RO         1430    .text.HAL_UART_ErrorCallback  stm32g4xx_hal_uart.o
    0x08003bc2   0x08003bc2   0x00000002   PAD
    0x08003bc4   0x08003bc4   0x000003c0   Code   RO         1426    .text.HAL_UART_IRQHandler  stm32g4xx_hal_uart.o
    0x08003f84   0x08003f84   0x00000064   Code   RO         1342    .text.HAL_UART_Init  stm32g4xx_hal_uart.o
    0x08003fe8   0x08003fe8   0x000000d8   Code   RO          105    .text.HAL_UART_MspInit  usart.o
    0x080040c0   0x080040c0   0x00000002   Code   RO         1438    .text.HAL_UART_RxCpltCallback  stm32g4xx_hal_uart.o
    0x080040c2   0x080040c2   0x00000002   PAD
    0x080040c4   0x080040c4   0x00000002   Code   RO         1440    .text.HAL_UART_RxHalfCpltCallback  stm32g4xx_hal_uart.o
    0x080040c6   0x080040c6   0x00000002   PAD
    0x080040c8   0x080040c8   0x000000fa   Code   RO         1362    .text.HAL_UART_Transmit  stm32g4xx_hal_uart.o
    0x080041c2   0x080041c2   0x00000002   PAD
    0x080041c4   0x080041c4   0x00000002   Code   RO         1434    .text.HAL_UART_TxCpltCallback  stm32g4xx_hal_uart.o
    0x080041c6   0x080041c6   0x00000002   PAD
    0x080041c8   0x080041c8   0x00000002   Code   RO          127    .text.HardFault_Handler  stm32g4xx_it.o
    0x080041ca   0x080041ca   0x00000002   PAD
    0x080041cc   0x080041cc   0x00000122   Code   RO         1601    .text.LCD_Clear     lcd.o
    0x080042ee   0x080042ee   0x00000002   PAD
    0x080042f0   0x080042f0   0x0000023e   Code   RO         1587    .text.LCD_Init      lcd.o
    0x0800452e   0x0800452e   0x00000002   PAD
    0x08004530   0x08004530   0x00000018   Code   RO         1595    .text.LCD_SetBackColor  lcd.o
    0x08004548   0x08004548   0x00000018   Code   RO         1593    .text.LCD_SetTextColor  lcd.o
    0x08004560   0x08004560   0x000000b0   Code   RO           34    .text.MX_ADC1_Init  adc.o
    0x08004610   0x08004610   0x00000092   Code   RO           36    .text.MX_ADC2_Init  adc.o
    0x080046a2   0x080046a2   0x00000002   PAD
    0x080046a4   0x080046a4   0x00000076   Code   RO           55    .text.MX_DMA_Init   dma.o
    0x0800471a   0x0800471a   0x00000002   PAD
    0x0800471c   0x0800471c   0x0000014c   Code   RO           25    .text.MX_GPIO_Init  gpio.o
    0x08004868   0x08004868   0x0000009a   Code   RO           64    .text.MX_RTC_Init   rtc.o
    0x08004902   0x08004902   0x00000002   PAD
    0x08004904   0x08004904   0x00000186   Code   RO           79    .text.MX_TIM1_Init  tim.o
    0x08004a8a   0x08004a8a   0x00000002   PAD
    0x08004a8c   0x08004a8c   0x00000140   Code   RO           83    .text.MX_TIM2_Init  tim.o
    0x08004bcc   0x08004bcc   0x000000ea   Code   RO           85    .text.MX_TIM3_Init  tim.o
    0x08004cb6   0x08004cb6   0x00000002   PAD
    0x08004cb8   0x08004cb8   0x000000a6   Code   RO          103    .text.MX_USART1_UART_Init  usart.o
    0x08004d5e   0x08004d5e   0x00000002   PAD
    0x08004d60   0x08004d60   0x00000002   Code   RO          129    .text.MemManage_Handler  stm32g4xx_it.o
    0x08004d62   0x08004d62   0x00000002   PAD
    0x08004d64   0x08004d64   0x00000002   Code   RO          125    .text.NMI_Handler   stm32g4xx_it.o
    0x08004d66   0x08004d66   0x00000002   PAD
    0x08004d68   0x08004d68   0x00000002   Code   RO          139    .text.PendSV_Handler  stm32g4xx_it.o
    0x08004d6a   0x08004d6a   0x00000002   PAD
    0x08004d6c   0x08004d6c   0x00000a72   Code   RO         1581    .text.REG_8230_Init  lcd.o
    0x080057de   0x080057de   0x00000002   PAD
    0x080057e0   0x080057e0   0x0000143e   Code   RO         1585    .text.REG_932X_Init  lcd.o
    0x08006c1e   0x08006c1e   0x00000002   PAD
    0x08006c20   0x08006c20   0x00000092   Code   RO          818    .text.RTC_ExitInitMode  stm32g4xx_hal_rtc.o
    0x08006cb2   0x08006cb2   0x00000002   PAD
    0x08006cb4   0x08006cb4   0x00000002   Code   RO          135    .text.SVC_Handler   stm32g4xx_it.o
    0x08006cb6   0x08006cb6   0x00000002   PAD
    0x08006cb8   0x08006cb8   0x00000004   Code   RO          141    .text.SysTick_Handler  stm32g4xx_it.o
    0x08006cbc   0x08006cbc   0x00000012   Code   RO         1527    .text.SystemInit    system_stm32g4xx.o
    0x08006cce   0x08006cce   0x00000002   PAD
    0x08006cd0   0x08006cd0   0x0000010e   Code   RO          972    .text.TIM_Base_SetConfig  stm32g4xx_hal_tim.o
    0x08006dde   0x08006dde   0x00000002   PAD
    0x08006de0   0x08006de0   0x00000074   Code   RO         1060    .text.TIM_DMACaptureCplt  stm32g4xx_hal_tim.o
    0x08006e54   0x08006e54   0x00000038   Code   RO         1062    .text.TIM_DMACaptureHalfCplt  stm32g4xx_hal_tim.o
    0x08006e8c   0x08006e8c   0x0000005c   Code   RO          992    .text.TIM_DMAError  stm32g4xx_hal_tim.o
    0x08006ee8   0x08006ee8   0x00000148   Code   RO         1154    .text.TIM_SlaveTimer_SetConfig  stm32g4xx_hal_tim.o
    0x08007030   0x08007030   0x000000e6   Code   RO         1346    .text.UART_AdvFeatureConfig  stm32g4xx_hal_uart.o
    0x08007116   0x08007116   0x00000002   PAD
    0x08007118   0x08007118   0x000000c0   Code   RO         1350    .text.UART_CheckIdleState  stm32g4xx_hal_uart.o
    0x080071d8   0x080071d8   0x00000010   Code   RO         1428    .text.UART_DMAAbortOnError  stm32g4xx_hal_uart.o
    0x080071e8   0x080071e8   0x000000c8   Code   RO         1388    .text.UART_DMAError  stm32g4xx_hal_uart.o
    0x080072b0   0x080072b0   0x00000082   Code   RO         1472    .text.UART_DMAReceiveCplt  stm32g4xx_hal_uart.o
    0x08007332   0x08007332   0x00000002   PAD
    0x08007334   0x08007334   0x0000001a   Code   RO         1474    .text.UART_DMARxHalfCplt  stm32g4xx_hal_uart.o
    0x0800734e   0x0800734e   0x00000002   PAD
    0x08007350   0x08007350   0x000002cc   Code   RO         1348    .text.UART_SetConfig  stm32g4xx_hal_uart.o
    0x0800761c   0x0800761c   0x000000a0   Code   RO         1392    .text.UART_Start_Receive_DMA  stm32g4xx_hal_uart.o
    0x080076bc   0x080076bc   0x00000146   Code   RO         1364    .text.UART_WaitOnFlagUntilTimeout  stm32g4xx_hal_uart.o
    0x08007802   0x08007802   0x00000002   PAD
    0x08007804   0x08007804   0x00000034   Code   RO          151    .text.USART1_IRQHandler  stm32g4xx_it.o
    0x08007838   0x08007838   0x00000002   Code   RO          133    .text.UsageFault_Handler  stm32g4xx_it.o
    0x0800783a   0x0800783a   0x00000002   PAD
    0x0800783c   0x0800783c   0x00000074   Code   RO         1723    .text.adc_proc      adc_app.o
    0x080078b0   0x080078b0   0x0000001e   Code   RO          109    .text.fputc         usart.o
    0x080078ce   0x080078ce   0x00000002   PAD
    0x080078d0   0x080078d0   0x00000060   Code   RO         1808    .text.ic_proc       tim_app.o
    0x08007930   0x08007930   0x00000040   Code   RO         1560    .text.key_init      key_app.o
    0x08007970   0x08007970   0x0000007c   Code   RO         1558    .text.key_proc      key_app.o
    0x080079ec   0x080079ec   0x00000002   Code   RO         1659    .text.lcd_proc      lcd_app.o
    0x080079ee   0x080079ee   0x00000002   PAD
    0x080079f0   0x080079f0   0x0000005e   Code   RO         1671    .text.led_proc      led_app.o
    0x08007a4e   0x08007a4e   0x00000002   PAD
    0x08007a50   0x08007a50   0x0000002c   Code   RO         1733    .text.limit_value   filter.o
    0x08007a7c   0x08007a7c   0x00000146   Code   RO           11    .text.main          main.o
    0x08007bc2   0x08007bc2   0x00000002   PAD
    0x08007bc4   0x08007bc4   0x0000000e   Code   RO         1705    .text.ringbuffer_init  ringbuffer.o
    0x08007bd2   0x08007bd2   0x00000002   PAD
    0x08007bd4   0x08007bd4   0x0000000a   Code   RO         1709    .text.ringbuffer_is_empty  ringbuffer.o
    0x08007bde   0x08007bde   0x00000002   PAD
    0x08007be0   0x08007be0   0x0000000c   Code   RO         1707    .text.ringbuffer_is_full  ringbuffer.o
    0x08007bec   0x08007bec   0x0000004e   Code   RO         1713    .text.ringbuffer_read  ringbuffer.o
    0x08007c3a   0x08007c3a   0x00000002   PAD
    0x08007c3c   0x08007c3c   0x00000052   Code   RO         1711    .text.ringbuffer_write  ringbuffer.o
    0x08007c8e   0x08007c8e   0x00000002   PAD
    0x08007c90   0x08007c90   0x0000002e   Code   RO         1794    .text.rtc_proc      rtc_app.o
    0x08007cbe   0x08007cbe   0x00000002   PAD
    0x08007cc0   0x08007cc0   0x0000000e   Code   RO         1542    .text.scheduler_init  scheduler.o
    0x08007cce   0x08007cce   0x00000002   PAD
    0x08007cd0   0x08007cd0   0x0000004c   Code   RO         1544    .text.scheduler_run  scheduler.o
    0x08007d1c   0x08007d1c   0x00000030   Code   RO         1683    .text.system_init   system.o
    0x08007d4c   0x08007d4c   0x00000054   Code   RO         1693    .text.uart_proc     uart_app.o
    0x08007da0   0x08007da0   0x00000020   Code   RO         2066    i.__0printf         mc_w.l(printfa.o)
    0x08007dc0   0x08007dc0   0x0000000e   Code   RO         2173    i.__scatterload_copy  mc_w.l(handlers.o)
    0x08007dce   0x08007dce   0x00000002   Code   RO         2174    i.__scatterload_null  mc_w.l(handlers.o)
    0x08007dd0   0x08007dd0   0x0000000e   Code   RO         2175    i.__scatterload_zeroinit  mc_w.l(handlers.o)
    0x08007dde   0x08007dde   0x00000002   PAD
    0x08007de0   0x08007de0   0x00000184   Code   RO         2073    i._fp_digits        mc_w.l(printfa.o)
    0x08007f64   0x08007f64   0x000006dc   Code   RO         2074    i._printf_core      mc_w.l(printfa.o)
    0x08008640   0x08008640   0x00000024   Code   RO         2075    i._printf_post_padding  mc_w.l(printfa.o)
    0x08008664   0x08008664   0x0000002e   Code   RO         2076    i._printf_pre_padding  mc_w.l(printfa.o)
    0x08008692   0x08008692   0x00000010   Data   RO         1532    .rodata.AHBPrescTable  system_stm32g4xx.o
    0x080086a2   0x080086a2   0x00000008   Data   RO         1533    .rodata.APBPrescTable  system_stm32g4xx.o
    0x080086aa   0x080086aa   0x00000018   Data   RO         1476    .rodata.UARTPrescTable  stm32g4xx_hal_uart.o
    0x080086c2   0x080086c2   0x00000002   PAD
    0x080086c4   0x080086c4   0x00000010   Data   RO         1477    .rodata.cst16       stm32g4xx_hal_uart.o
    0x080086d4   0x080086d4   0x00000010   Data   RO         1518    .rodata.cst8        stm32g4xx_hal_uart_ex.o
    0x080086e4   0x080086e4   0x00000020   Data   RO         2172    Region$$Table       anon$$obj.o


    Execution Region RW_IRAM1 (Exec base: 0x20000000, Load base: 0x08008708, Size: 0x00000bd0, Max: 0x00008000, ABSOLUTE)

    Exec Addr    Load Addr    Size         Type   Attr      Idx    E Section Name        Object

    0x20000000   0x08008708   0x00000004   Data   RW         2136    .data               mc_w.l(stdout.o)
    0x20000004   0x0800870c   0x00000002   Data   RW         1648    .data.BackColor     lcd.o
    0x20000006   0x0800870e   0x00000002   PAD
    0x20000008   0x08008710   0x00000004   Data   RW         1531    .data.SystemCoreClock  system_stm32g4xx.o
    0x2000000c   0x08008714   0x00000001   Data   RW         1673    .data.led_disp.temp_old  led_app.o
    0x2000000d   0x08008715   0x00000003   PAD
    0x20000010   0x08008718   0x00000054   Data   RW         1547    .data.scheduler_task  scheduler.o
    0x20000064   0x0800876c   0x00000004   Data   RW          376    .data.uwTickFreq    stm32g4xx_hal.o
    0x20000068   0x08008770   0x00000004   Data   RW          375    .data.uwTickPrio    stm32g4xx_hal.o
    0x2000006c   0x08008774   0x00000004   PAD
    0x20000070        -       0x00000004   Zero   RW           44    .bss.HAL_RCC_ADC12_CLK_ENABLED  adc.o
    0x20000074        -       0x00000002   Zero   RW         1647    .bss.TextColor      lcd.o
    0x20000076   0x08008774   0x00000002   PAD
    0x20000078        -       0x00000008   Zero   RW         1726    .bss.adc_value      adc_app.o
    0x20000080        -       0x00000040   Zero   RW         1570    .bss.btns           key_app.o
    0x200000c0        -       0x00000004   Zero   RW         1797    .bss.date           rtc_app.o
    0x200000c4        -       0x000000f0   Zero   RW         1725    .bss.dma_buff       adc_app.o
    0x200001b4        -       0x00000002   Zero   RW         1646    .bss.dummy          lcd.o
    0x200001b6   0x08008774   0x00000002   PAD
    0x200001b8        -       0x0000006c   Zero   RW           42    .bss.hadc1          adc.o
    0x20000224        -       0x0000006c   Zero   RW           43    .bss.hadc2          adc.o
    0x20000290        -       0x00000060   Zero   RW           45    .bss.hdma_adc1      adc.o
    0x200002f0        -       0x00000060   Zero   RW           46    .bss.hdma_adc2      adc.o
    0x20000350        -       0x00000060   Zero   RW           94    .bss.hdma_tim3_ch1  tim.o
    0x200003b0        -       0x00000060   Zero   RW          116    .bss.hdma_usart1_rx  usart.o
    0x20000410        -       0x00000028   Zero   RW           70    .bss.hrtc           rtc.o
    0x20000438        -       0x0000004c   Zero   RW           91    .bss.htim1          tim.o
    0x20000484        -       0x0000004c   Zero   RW           92    .bss.htim2          tim.o
    0x200004d0        -       0x0000004c   Zero   RW           93    .bss.htim3          tim.o
    0x2000051c        -       0x00000094   Zero   RW          115    .bss.huart1         usart.o
    0x200005b0        -       0x00000001   Zero   RW         1568    .bss.key_down       key_app.o
    0x200005b1        -       0x00000001   Zero   RW         1567    .bss.key_old        key_app.o
    0x200005b2        -       0x00000001   Zero   RW         1569    .bss.key_up         key_app.o
    0x200005b3        -       0x00000001   Zero   RW         1566    .bss.key_val        key_app.o
    0x200005b4        -       0x00000001   Zero   RW         1546    .bss.task_num       scheduler.o
    0x200005b5   0x08008774   0x00000003   PAD
    0x200005b8        -       0x00000100   Zero   RW         1812    .bss.tim_ic_buffer  tim_app.o
    0x200006b8        -       0x00000004   Zero   RW         1811    .bss.tim_ic_temp    tim_app.o
    0x200006bc        -       0x00000004   Zero   RW         1810    .bss.tim_ic_val     tim_app.o
    0x200006c0        -       0x00000014   Zero   RW         1796    .bss.time           rtc_app.o
    0x200006d4        -       0x00000080   Zero   RW          114    .bss.uart_rx_dma_buffer  usart.o
    0x20000754        -       0x00000008   Zero   RW         1674    .bss.ucLed          led_app.o
    0x2000075c        -       0x0000002c   Zero   RW         1695    .bss.usart_rb       uart_app.o
    0x20000788        -       0x00000040   Zero   RW         1696    .bss.usart_read_buffer  uart_app.o
    0x200007c8        -       0x00000004   Zero   RW          377    .bss.uwTick         stm32g4xx_hal.o
    0x200007cc   0x08008774   0x00000004   PAD
    0x200007d0        -       0x00000400   Zero   RW            1    STACK               startup_stm32g431xx.o


==============================================================================

Image component sizes


      Code (inc. data)   RO Data    RW Data    ZI Data      Debug   Object Name

       730          0          0          0        412       7764   adc.o
       116          8          0          0        248        784   adc_app.o
       118          0          0          0          0       3434   dma.o
        44          0          0          0          0       2120   filter.o
       332          0          0          0          0       2515   gpio.o
       188          0          0          0         68       2653   key_app.o
      8768          0          0          2          4      25087   lcd.o
         2          0          0          0          0       1047   lcd_app.o
        94          0          0          1          8       1572   led_app.o
       336          0          0          0          0       2915   main.o
       196          0          0          0          0       2171   ringbuffer.o
       250          0          0          0         40       4354   rtc.o
        46          0          0          0         24       2421   rtc_app.o
        90          0          0         84          1       1188   scheduler.o
        36          8        472          0       1024        824   startup_stm32g431xx.o
       192          0          0          8          4       8850   stm32g4xx_hal.o
      2034          0          0          0          0      24717   stm32g4xx_hal_adc.o
       336          0          0          0          0      21599   stm32g4xx_hal_adc_ex.o
       194          0          0          0          0      10470   stm32g4xx_hal_cortex.o
       916          0          0          0          0       9033   stm32g4xx_hal_dma.o
       436          0          0          0          0       5220   stm32g4xx_hal_gpio.o
        52          0          0          0          0       1742   stm32g4xx_hal_msp.o
       280          0          0          0          0       9590   stm32g4xx_hal_pwr_ex.o
      2158          0          0          0          0       9998   stm32g4xx_hal_rcc.o
       658          0          0          0          0      10537   stm32g4xx_hal_rcc_ex.o
      1270          0          0          0          0      15070   stm32g4xx_hal_rtc.o
      4078         36          0          0          0      60109   stm32g4xx_hal_tim.o
       376          0          0          0          0      29992   stm32g4xx_hal_tim_ex.o
      3314         46         40          0          0      35460   stm32g4xx_hal_uart.o
       438          0         16          0          0      10978   stm32g4xx_hal_uart_ex.o
       120          0          0          0          0       3677   stm32g4xx_it.o
        48          0          0          0          0        883   system.o
        18          0         24          4          0       2757   system_stm32g4xx.o
      1198          0          0          0        324       9234   tim.o
        96          4          0          0        264       2136   tim_app.o
       140         24          0          0        108       4489   uart_app.o
       412          0          0          0        372       8954   usart.o

    ----------------------------------------------------------------------
     30288        126        586        104       2916     356344   Object Totals
         0          0         32          0          0          0   (incl. Generated)
       178          0          2          5         15          0   (incl. Padding)

    ----------------------------------------------------------------------

      Code (inc. data)   RO Data    RW Data    ZI Data      Debug   Library Member Name

         0          0          0          0          0          0   entry.o
         0          0          0          0          0          0   entry10a.o
         0          0          0          0          0          0   entry11a.o
         8          4          0          0          0          0   entry2.o
         4          0          0          0          0          0   entry5.o
         0          0          0          0          0          0   entry7b.o
         0          0          0          0          0          0   entry8b.o
         8          4          0          0          0          0   entry9a.o
        30          0          0          0          0          0   handlers.o
        36          8          0          0          0         68   init.o
         0          0          0          0          0          0   iusefp.o
        30          0          0          0          0         68   llshl.o
        36          0          0          0          0         68   llsshr.o
        32          0          0          0          0         68   llushr.o
        36          0          0          0          0        108   memseta.o
      2258         90          0          0          0        452   printfa.o
         0          0          0          4          0          0   stdout.o
        44          0          0          0          0         80   uidiv.o
        98          0          0          0          0         92   uldiv.o
        48          0          0          0          0         68   cdrcmple.o
       334          0          0          0          0        148   dadd.o
       222          0          0          0          0        100   ddiv.o
       186          0          0          0          0        176   depilogue.o
        48          0          0          0          0         68   dfixul.o
       228          0          0          0          0         96   dmul.o

    ----------------------------------------------------------------------
      3690        106          0          4          0       1660   Library Totals
         4          0          0          0          0          0   (incl. Padding)

    ----------------------------------------------------------------------

      Code (inc. data)   RO Data    RW Data    ZI Data      Debug   Library Name

      2620        106          0          4          0       1004   mc_w.l
      1066          0          0          0          0        656   mf_w.l

    ----------------------------------------------------------------------
      3690        106          0          4          0       1660   Library Totals

    ----------------------------------------------------------------------

==============================================================================


      Code (inc. data)   RO Data    RW Data    ZI Data      Debug   

     33978        232        586        108       2916     356676   Grand Totals
     33978        232        586        108       2916     356676   ELF Image Totals
     33978        232        586        108          0          0   ROM Totals

==============================================================================

    Total RO  Size (Code + RO Data)                34564 (  33.75kB)
    Total RW  Size (RW Data + ZI Data)              3024 (   2.95kB)
    Total ROM Size (Code + RO Data + RW Data)      34672 (  33.86kB)

==============================================================================

