Component: ARM Compiler 5.06 update 6 (build 750) Tool: armlink [4d35ed]

==============================================================================

Section Cross References

    startup_stm32g431xx.o(RESET) refers to startup_stm32g431xx.o(STACK) for __initial_sp
    startup_stm32g431xx.o(RESET) refers to startup_stm32g431xx.o(.text) for Reset_Handler
    startup_stm32g431xx.o(RESET) refers to stm32g4xx_it.o(i.NMI_Handler) for NMI_Handler
    startup_stm32g431xx.o(RESET) refers to stm32g4xx_it.o(i.HardFault_Handler) for HardFault_Handler
    startup_stm32g431xx.o(RESET) refers to stm32g4xx_it.o(i.MemManage_Handler) for MemManage_Handler
    startup_stm32g431xx.o(RESET) refers to stm32g4xx_it.o(i.BusFault_Handler) for BusFault_Handler
    startup_stm32g431xx.o(RESET) refers to stm32g4xx_it.o(i.UsageFault_Handler) for UsageFault_Handler
    startup_stm32g431xx.o(RESET) refers to stm32g4xx_it.o(i.SVC_Handler) for SVC_Handler
    startup_stm32g431xx.o(RESET) refers to stm32g4xx_it.o(i.DebugMon_Handler) for DebugMon_Handler
    startup_stm32g431xx.o(RESET) refers to stm32g4xx_it.o(i.PendSV_Handler) for PendSV_Handler
    startup_stm32g431xx.o(RESET) refers to stm32g4xx_it.o(i.SysTick_Handler) for SysTick_Handler
    startup_stm32g431xx.o(RESET) refers to stm32g4xx_it.o(i.DMA1_Channel1_IRQHandler) for DMA1_Channel1_IRQHandler
    startup_stm32g431xx.o(RESET) refers to stm32g4xx_it.o(i.DMA1_Channel2_IRQHandler) for DMA1_Channel2_IRQHandler
    startup_stm32g431xx.o(RESET) refers to stm32g4xx_it.o(i.DMA1_Channel3_IRQHandler) for DMA1_Channel3_IRQHandler
    startup_stm32g431xx.o(RESET) refers to stm32g4xx_it.o(i.ADC1_2_IRQHandler) for ADC1_2_IRQHandler
    startup_stm32g431xx.o(RESET) refers to stm32g4xx_it.o(i.USART1_IRQHandler) for USART1_IRQHandler
    startup_stm32g431xx.o(.text) refers to system_stm32g4xx.o(i.SystemInit) for SystemInit
    startup_stm32g431xx.o(.text) refers to entry.o(.ARM.Collect$$$$00000000) for __main
    main.o(i.SystemClock_Config) refers to memseta.o(.text) for __aeabi_memclr4
    main.o(i.SystemClock_Config) refers to stm32g4xx_hal_pwr_ex.o(i.HAL_PWREx_ControlVoltageScaling) for HAL_PWREx_ControlVoltageScaling
    main.o(i.SystemClock_Config) refers to stm32g4xx_hal_rcc.o(i.HAL_RCC_OscConfig) for HAL_RCC_OscConfig
    main.o(i.SystemClock_Config) refers to main.o(i.Error_Handler) for Error_Handler
    main.o(i.SystemClock_Config) refers to stm32g4xx_hal_rcc.o(i.HAL_RCC_ClockConfig) for HAL_RCC_ClockConfig
    main.o(i.main) refers to stm32g4xx_hal.o(i.HAL_Init) for HAL_Init
    main.o(i.main) refers to main.o(i.SystemClock_Config) for SystemClock_Config
    main.o(i.main) refers to gpio.o(i.MX_GPIO_Init) for MX_GPIO_Init
    main.o(i.main) refers to dma.o(i.MX_DMA_Init) for MX_DMA_Init
    main.o(i.main) refers to usart.o(i.MX_USART1_UART_Init) for MX_USART1_UART_Init
    main.o(i.main) refers to adc.o(i.MX_ADC1_Init) for MX_ADC1_Init
    main.o(i.main) refers to adc.o(i.MX_ADC2_Init) for MX_ADC2_Init
    main.o(i.main) refers to rtc.o(i.MX_RTC_Init) for MX_RTC_Init
    gpio.o(i.MX_GPIO_Init) refers to memseta.o(.text) for __aeabi_memclr4
    gpio.o(i.MX_GPIO_Init) refers to stm32g4xx_hal_gpio.o(i.HAL_GPIO_WritePin) for HAL_GPIO_WritePin
    gpio.o(i.MX_GPIO_Init) refers to stm32g4xx_hal_gpio.o(i.HAL_GPIO_Init) for HAL_GPIO_Init
    adc.o(i.HAL_ADC_MspDeInit) refers to stm32g4xx_hal_gpio.o(i.HAL_GPIO_DeInit) for HAL_GPIO_DeInit
    adc.o(i.HAL_ADC_MspDeInit) refers to stm32g4xx_hal_dma.o(i.HAL_DMA_DeInit) for HAL_DMA_DeInit
    adc.o(i.HAL_ADC_MspDeInit) refers to adc.o(.data) for HAL_RCC_ADC12_CLK_ENABLED
    adc.o(i.HAL_ADC_MspInit) refers to memseta.o(.text) for __aeabi_memclr4
    adc.o(i.HAL_ADC_MspInit) refers to stm32g4xx_hal_rcc_ex.o(i.HAL_RCCEx_PeriphCLKConfig) for HAL_RCCEx_PeriphCLKConfig
    adc.o(i.HAL_ADC_MspInit) refers to main.o(i.Error_Handler) for Error_Handler
    adc.o(i.HAL_ADC_MspInit) refers to stm32g4xx_hal_gpio.o(i.HAL_GPIO_Init) for HAL_GPIO_Init
    adc.o(i.HAL_ADC_MspInit) refers to stm32g4xx_hal_dma.o(i.HAL_DMA_Init) for HAL_DMA_Init
    adc.o(i.HAL_ADC_MspInit) refers to stm32g4xx_hal_cortex.o(i.HAL_NVIC_SetPriority) for HAL_NVIC_SetPriority
    adc.o(i.HAL_ADC_MspInit) refers to stm32g4xx_hal_cortex.o(i.HAL_NVIC_EnableIRQ) for HAL_NVIC_EnableIRQ
    adc.o(i.HAL_ADC_MspInit) refers to adc.o(.data) for HAL_RCC_ADC12_CLK_ENABLED
    adc.o(i.HAL_ADC_MspInit) refers to adc.o(.bss) for hdma_adc1
    adc.o(i.MX_ADC1_Init) refers to memseta.o(.text) for __aeabi_memclr4
    adc.o(i.MX_ADC1_Init) refers to stm32g4xx_hal_adc.o(i.HAL_ADC_Init) for HAL_ADC_Init
    adc.o(i.MX_ADC1_Init) refers to main.o(i.Error_Handler) for Error_Handler
    adc.o(i.MX_ADC1_Init) refers to stm32g4xx_hal_adc_ex.o(i.HAL_ADCEx_MultiModeConfigChannel) for HAL_ADCEx_MultiModeConfigChannel
    adc.o(i.MX_ADC1_Init) refers to stm32g4xx_hal_adc.o(i.HAL_ADC_ConfigChannel) for HAL_ADC_ConfigChannel
    adc.o(i.MX_ADC1_Init) refers to adc.o(.bss) for hadc1
[...]
    Removing stm32g4xx_hal_uart.o(i.HAL_LIN_Init), (160 bytes).
    Removing stm32g4xx_hal_uart.o(i.HAL_LIN_SendBreak), (62 bytes).
    Removing stm32g4xx_hal_uart.o(i.HAL_MultiProcessor_DisableMuteMode), (58 bytes).
    Removing stm32g4xx_hal_uart.o(i.HAL_MultiProcessor_EnableMuteMode), (58 bytes).
    Removing stm32g4xx_hal_uart.o(i.HAL_MultiProcessor_EnterMuteMode), (14 bytes).
    Removing stm32g4xx_hal_uart.o(i.HAL_MultiProcessor_Init), (148 bytes).
    Removing stm32g4xx_hal_uart.o(i.HAL_UARTEx_RxEventCallback), (2 bytes).
    Removing stm32g4xx_hal_uart.o(i.HAL_UART_Abort), (244 bytes).
    Removing stm32g4xx_hal_uart.o(i.HAL_UART_AbortCpltCallback), (2 bytes).
    Removing stm32g4xx_hal_uart.o(i.HAL_UART_AbortReceive), (152 bytes).
    Removing stm32g4xx_hal_uart.o(i.HAL_UART_AbortReceiveCpltCallback), (2 bytes).
    Removing stm32g4xx_hal_uart.o(i.HAL_UART_AbortReceive_IT), (184 bytes).
    Removing stm32g4xx_hal_uart.o(i.HAL_UART_AbortTransmit), (126 bytes).
    Removing stm32g4xx_hal_uart.o(i.HAL_UART_AbortTransmitCpltCallback), (2 bytes).
    Removing stm32g4xx_hal_uart.o(i.HAL_UART_AbortTransmit_IT), (148 bytes).
    Removing stm32g4xx_hal_uart.o(i.HAL_UART_Abort_IT), (300 bytes).
    Removing stm32g4xx_hal_uart.o(i.HAL_UART_DMAPause), (128 bytes).
    Removing stm32g4xx_hal_uart.o(i.HAL_UART_DMAResume), (108 bytes).
    Removing stm32g4xx_hal_uart.o(i.HAL_UART_DMAStop), (148 bytes).
    Removing stm32g4xx_hal_uart.o(i.HAL_UART_DeInit), (74 bytes).
    Removing stm32g4xx_hal_uart.o(i.HAL_UART_DisableReceiverTimeout), (88 bytes).
    Removing stm32g4xx_hal_uart.o(i.HAL_UART_EnableReceiverTimeout), (88 bytes).
    Removing stm32g4xx_hal_uart.o(i.HAL_UART_GetError), (8 bytes).
    Removing stm32g4xx_hal_uart.o(i.HAL_UART_GetState), (16 bytes).
    Removing stm32g4xx_hal_uart.o(i.HAL_UART_MspDeInit), (2 bytes).
    Removing stm32g4xx_hal_uart.o(i.HAL_UART_MspInit), (2 bytes).
    Removing stm32g4xx_hal_uart.o(i.HAL_UART_Receive), (300 bytes).
    Removing stm32g4xx_hal_uart.o(i.HAL_UART_Receive_DMA), (100 bytes).
    Removing stm32g4xx_hal_uart.o(i.HAL_UART_Receive_IT), (100 bytes).
    Removing stm32g4xx_hal_uart.o(i.HAL_UART_ReceiverTimeout_Config), (28 bytes).
    Removing stm32g4xx_hal_uart.o(i.HAL_UART_RxCpltCallback), (2 bytes).
    Removing stm32g4xx_hal_uart.o(i.HAL_UART_RxHalfCpltCallback), (2 bytes).
    Removing stm32g4xx_hal_uart.o(i.HAL_UART_Transmit), (214 bytes).
    Removing stm32g4xx_hal_uart.o(i.HAL_UART_Transmit_DMA), (184 bytes).
    Removing stm32g4xx_hal_uart.o(i.HAL_UART_Transmit_IT), (184 bytes).
    Removing stm32g4xx_hal_uart.o(i.HAL_UART_TxHalfCpltCallback), (2 bytes).
    Removing stm32g4xx_hal_uart.o(i.UART_DMAError), (94 bytes).
    Removing stm32g4xx_hal_uart.o(i.UART_DMAReceiveCplt), (108 bytes).
    Removing stm32g4xx_hal_uart.o(i.UART_DMARxAbortCallback), (80 bytes).
    Removing stm32g4xx_hal_uart.o(i.UART_DMARxHalfCplt), (34 bytes).
    Removing stm32g4xx_hal_uart.o(i.UART_DMARxOnlyAbortCallback), (48 bytes).
    Removing stm32g4xx_hal_uart.o(i.UART_DMATransmitCplt), (56 bytes).
    Removing stm32g4xx_hal_uart.o(i.UART_DMATxAbortCallback), (88 bytes).
    Removing stm32g4xx_hal_uart.o(i.UART_DMATxHalfCplt), (14 bytes).
    Removing stm32g4xx_hal_uart.o(i.UART_DMATxOnlyAbortCallback), (46 bytes).
    Removing stm32g4xx_hal_uart.o(i.UART_EndTxTransfer), (32 bytes).
    Removing stm32g4xx_hal_uart.o(i.UART_RxISR_16BIT), (146 bytes).
    Removing stm32g4xx_hal_uart.o(i.UART_RxISR_16BIT_FIFOEN), (356 bytes).
    Removing stm32g4xx_hal_uart.o(i.UART_RxISR_8BIT), (142 bytes).
    Removing stm32g4xx_hal_uart.o(i.UART_RxISR_8BIT_FIFOEN), (356 bytes).
    Removing stm32g4xx_hal_uart.o(i.UART_Start_Receive_DMA), (160 bytes).
    Removing stm32g4xx_hal_uart.o(i.UART_Start_Receive_IT), (272 bytes).
    Removing stm32g4xx_hal_uart.o(i.UART_TxISR_16BIT), (70 bytes).
    Removing stm32g4xx_hal_uart.o(i.UART_TxISR_16BIT_FIFOEN), (98 bytes).
    Removing stm32g4xx_hal_uart.o(i.UART_TxISR_8BIT), (66 bytes).
    Removing stm32g4xx_hal_uart.o(i.UART_TxISR_8BIT_FIFOEN), (92 bytes).
    Removing stm32g4xx_hal_uart_ex.o(.rev16_text), (4 bytes).
    Removing stm32g4xx_hal_uart_ex.o(.revsh_text), (4 bytes).
    Removing stm32g4xx_hal_uart_ex.o(.rrx_text), (6 bytes).
    Removing stm32g4xx_hal_uart_ex.o(i.HAL_MultiProcessorEx_AddressLength_Set), (64 bytes).
    Removing stm32g4xx_hal_uart_ex.o(i.HAL_RS485Ex_Init), (152 bytes).
    Removing stm32g4xx_hal_uart_ex.o(i.HAL_UARTEx_DisableStopMode), (50 bytes).
    Removing stm32g4xx_hal_uart_ex.o(i.HAL_UARTEx_EnableFifoMode), (88 bytes).
    Removing stm32g4xx_hal_uart_ex.o(i.HAL_UARTEx_EnableStopMode), (50 bytes).
    Removing stm32g4xx_hal_uart_ex.o(i.HAL_UARTEx_ReceiveToIdle), (384 bytes).
    Removing stm32g4xx_hal_uart_ex.o(i.HAL_UARTEx_ReceiveToIdle_DMA), (102 bytes).
    Removing stm32g4xx_hal_uart_ex.o(i.HAL_UARTEx_ReceiveToIdle_IT), (102 bytes).
    Removing stm32g4xx_hal_uart_ex.o(i.HAL_UARTEx_StopModeWakeUpSourceConfig), (144 bytes).
    Removing stm32g4xx_hal_uart_ex.o(i.UARTEx_Wakeup_AddressConfig), (38 bytes).
    Removing system_stm32g4xx.o(.rev16_text), (4 bytes).
    Removing system_stm32g4xx.o(.revsh_text), (4 bytes).
    Removing system_stm32g4xx.o(.rrx_text), (6 bytes).
    Removing system_stm32g4xx.o(i.SystemCoreClockUpdate), (156 bytes).
    Removing system.o(.rev16_text), (4 bytes).
    Removing system.o(.revsh_text), (4 bytes).
    Removing system.o(.rrx_text), (6 bytes).
    Removing system.o(i.system_init), (60 bytes).
    Removing scheduler.o(.rev16_text), (4 bytes).
    Removing scheduler.o(.revsh_text), (4 bytes).
    Removing scheduler.o(.rrx_text), (6 bytes).
    Removing scheduler.o(i.scheduler_init), (12 bytes).
    Removing scheduler.o(i.scheduler_run), (88 bytes).
    Removing scheduler.o(.data), (16 bytes).
    Removing led_app.o(.rev16_text), (4 bytes).
    Removing led_app.o(.revsh_text), (4 bytes).
    Removing led_app.o(.rrx_text), (6 bytes).
    Removing led_app.o(i.led_disp), (100 bytes).
    Removing led_app.o(i.led_proc), (2 bytes).
    Removing led_app.o(.data), (9 bytes).
    Removing key_app.o(.rev16_text), (4 bytes).
    Removing key_app.o(.revsh_text), (4 bytes).
    Removing key_app.o(.rrx_text), (6 bytes).
    Removing key_app.o(i.key_init), (92 bytes).
    Removing key_app.o(i.key_proc), (76 bytes).
    Removing key_app.o(i.key_read), (64 bytes).
    Removing key_app.o(i.key_state), (32 bytes).
    Removing key_app.o(i.key_task), (232 bytes).
    Removing key_app.o(.bss), (64 bytes).
    Removing key_app.o(.data), (4 bytes).
    Removing adc_app.o(.rev16_text), (4 bytes).
    Removing adc_app.o(.revsh_text), (4 bytes).
    Removing adc_app.o(.rrx_text), (6 bytes).
    Removing adc_app.o(i.adc_proc), (156 bytes).
    Removing adc_app.o(.bss), (240 bytes).
    Removing adc_app.o(.data), (8 bytes).
    Removing filter.o(.rev16_text), (4 bytes).
    Removing filter.o(.revsh_text), (4 bytes).
    Removing filter.o(.rrx_text), (6 bytes).
    Removing filter.o(i.adc_filter), (32 bytes).
    Removing filter.o(i.avg_value), (28 bytes).
    Removing filter.o(i.compare), (10 bytes).
    Removing filter.o(i.limit_value), (42 bytes).
    Removing filter.o(i.mid_value), (132 bytes).
    Removing filter.o(.data), (4 bytes).
    Removing i2c_hal.o(.rev16_text), (4 bytes).
    Removing i2c_hal.o(.revsh_text), (4 bytes).
    Removing i2c_hal.o(.rrx_text), (6 bytes).
    Removing i2c_hal.o(i.I2CInit), (44 bytes).
    Removing i2c_hal.o(i.I2CReceiveByte), (80 bytes).
    Removing i2c_hal.o(i.I2CSendAck), (46 bytes).
    Removing i2c_hal.o(i.I2CSendByte), (78 bytes).
    Removing i2c_hal.o(i.I2CSendNotAck), (46 bytes).
    Removing i2c_hal.o(i.I2CStart), (52 bytes).
    Removing i2c_hal.o(i.I2CStop), (52 bytes).
    Removing i2c_hal.o(i.I2CWaitAck), (78 bytes).
    Removing i2c_hal.o(i.SCL_Output), (40 bytes).
    Removing i2c_hal.o(i.SDA_Input), (24 bytes).
    Removing i2c_hal.o(i.SDA_Input_Mode), (44 bytes).
    Removing i2c_hal.o(i.SDA_Output), (40 bytes).
    Removing i2c_hal.o(i.SDA_Output_Mode), (44 bytes).
    Removing i2c_hal.o(i.delay1), (12 bytes).
    Removing i2c_hal.o(i.eeprom_read), (84 bytes).
    Removing i2c_hal.o(i.eeprom_write), (74 bytes).
    Removing i2c_hal.o(i.mcp4017_read), (34 bytes).
    Removing i2c_hal.o(i.mcp4017_write), (34 bytes).
    Removing lcd.o(.rev16_text), (4 bytes).
    Removing lcd.o(.revsh_text), (4 bytes).
    Removing lcd.o(.rrx_text), (6 bytes).
    Removing lcd.o(i.Delay_LCD), (30 bytes).
    Removing lcd.o(i.LCD_BusIn), (48 bytes).
    Removing lcd.o(i.LCD_BusOut), (48 bytes).
    Removing lcd.o(i.LCD_Clear), (112 bytes).
    Removing lcd.o(i.LCD_ClearLine), (40 bytes).
    Removing lcd.o(i.LCD_CtrlLinesConfig), (192 bytes).
    Removing lcd.o(i.LCD_DisplayChar), (40 bytes).
    Removing lcd.o(i.LCD_DisplayOff), (12 bytes).
    Removing lcd.o(i.LCD_DisplayOn), (14 bytes).
    Removing lcd.o(i.LCD_DisplayString), (74 bytes).
    Removing lcd.o(i.LCD_DisplayStringLine), (44 bytes).
    Removing lcd.o(i.LCD_DrawChar), (248 bytes).
    Removing lcd.o(i.LCD_DrawCircle), (256 bytes).
    Removing lcd.o(i.LCD_DrawLine), (92 bytes).
    Removing lcd.o(i.LCD_DrawMonoPict), (84 bytes).
    Removing lcd.o(i.LCD_DrawPicture), (48 bytes).
    Removing lcd.o(i.LCD_DrawRect), (66 bytes).
    Removing lcd.o(i.LCD_Init), (56 bytes).
    Removing lcd.o(i.LCD_PowerOn), (118 bytes).
    Removing lcd.o(i.LCD_ReadRAM), (172 bytes).
    Removing lcd.o(i.LCD_ReadReg), (172 bytes).
    Removing lcd.o(i.LCD_SetBackColor), (16 bytes).
    Removing lcd.o(i.LCD_SetCursor), (24 bytes).
    Removing lcd.o(i.LCD_SetDisplayWindow), (88 bytes).
    Removing lcd.o(i.LCD_SetTextColor), (16 bytes).
    Removing lcd.o(i.LCD_WR_REG), (72 bytes).
    Removing lcd.o(i.LCD_WindowModeDisable), (28 bytes).
    Removing lcd.o(i.LCD_WriteBMP), (74 bytes).
    Removing lcd.o(i.LCD_WriteRAM), (80 bytes).
    Removing lcd.o(i.LCD_WriteRAM_Prepare), (10 bytes).
    Removing lcd.o(i.LCD_WriteReg), (92 bytes).
    Removing lcd.o(i.REG_8230_Init), (288 bytes).
    Removing lcd.o(i.REG_932X_Init), (512 bytes).
    Removing lcd.o(.constdata), (4560 bytes).
    Removing lcd.o(.data), (6 bytes).
    Removing lcd_app.o(.rev16_text), (4 bytes).
    Removing lcd_app.o(.revsh_text), (4 bytes).
    Removing lcd_app.o(.rrx_text), (6 bytes).
    Removing lcd_app.o(i.LcdSprintf), (42 bytes).
    Removing lcd_app.o(i.lcd_proc), (2 bytes).
    Removing ringbuffer.o(.rev16_text), (4 bytes).
    Removing ringbuffer.o(.revsh_text), (4 bytes).
    Removing ringbuffer.o(.rrx_text), (6 bytes).
    Removing ringbuffer.o(i.ringbuffer_init), (26 bytes).
    Removing ringbuffer.o(i.ringbuffer_is_empty), (14 bytes).
    Removing ringbuffer.o(i.ringbuffer_read), (68 bytes).
    Removing rtc_app.o(.rev16_text), (4 bytes).
    Removing rtc_app.o(.revsh_text), (4 bytes).
    Removing rtc_app.o(.rrx_text), (6 bytes).
    Removing rtc_app.o(i.rtc_proc), (36 bytes).
    Removing rtc_app.o(.bss), (20 bytes).
    Removing rtc_app.o(.data), (4 bytes).
    Removing tim_app.o(.rev16_text), (4 bytes).
    Removing tim_app.o(.revsh_text), (4 bytes).
    Removing tim_app.o(.rrx_text), (6 bytes).
    Removing tim_app.o(i.ic_proc), (104 bytes).
    Removing tim_app.o(i.pwm_set_duty), (48 bytes).
    Removing tim_app.o(i.pwm_set_frequency), (80 bytes).
    Removing tim_app.o(.bss), (256 bytes).
    Removing tim_app.o(.data), (8 bytes).
    Removing uart_app.o(.rev16_text), (4 bytes).
    Removing uart_app.o(.revsh_text), (4 bytes).
    Removing uart_app.o(.rrx_text), (6 bytes).
    Removing uart_app.o(i.uart_proc), (76 bytes).
    Removing dadd.o(.text), (334 bytes).
    Removing dmul.o(.text), (228 bytes).
    Removing ddiv.o(.text), (222 bytes).
    Removing dfixul.o(.text), (48 bytes).
    Removing cdrcmple.o(.text), (48 bytes).
    Removing depilogue.o(.text), (186 bytes).

610 unused section(s) (total 49145 bytes) removed from the image.

==============================================================================

Image Symbol Table

    Local Symbols

    Symbol Name                              Value     Ov Type        Size  Object(Section)

    ../Core/Src/adc.c                        0x00000000   Number         0  adc.o ABSOLUTE
    ../Core/Src/dma.c                        0x00000000   Number         0  dma.o ABSOLUTE
    ../Core/Src/gpio.c                       0x00000000   Number         0  gpio.o ABSOLUTE
    ../Core/Src/main.c                       0x00000000   Number         0  main.o ABSOLUTE
    ../Core/Src/rtc.c                        0x00000000   Number         0  rtc.o ABSOLUTE
    ../Core/Src/stm32g4xx_hal_msp.c          0x00000000   Number         0  stm32g4xx_hal_msp.o ABSOLUTE
    ../Core/Src/stm32g4xx_it.c               0x00000000   Number         0  stm32g4xx_it.o ABSOLUTE
    ../Core/Src/system_stm32g4xx.c           0x00000000   Number         0  system_stm32g4xx.o ABSOLUTE
    ../Core/Src/usart.c                      0x00000000   Number         0  usart.o ABSOLUTE
    ../Drivers/STM32G4xx_HAL_Driver/Src/stm32g4xx_hal.c 0x00000000   Number         0  stm32g4xx_hal.o ABSOLUTE
    ../Drivers/STM32G4xx_HAL_Driver/Src/stm32g4xx_hal_adc.c 0x00000000   Number         0  stm32g4xx_hal_adc.o ABSOLUTE
    ../Drivers/STM32G4xx_HAL_Driver/Src/stm32g4xx_hal_adc_ex.c 0x00000000   Number         0  stm32g4xx_hal_adc_ex.o ABSOLUTE
    ../Drivers/STM32G4xx_HAL_Driver/Src/stm32g4xx_hal_cortex.c 0x00000000   Number         0  stm32g4xx_hal_cortex.o ABSOLUTE
    ../Drivers/STM32G4xx_HAL_Driver/Src/stm32g4xx_hal_dma.c 0x00000000   Number         0  stm32g4xx_hal_dma.o ABSOLUTE
    ../Drivers/STM32G4xx_HAL_Driver/Src/stm32g4xx_hal_dma_ex.c 0x00000000   Number         0  stm32g4xx_hal_dma_ex.o ABSOLUTE
    ../Drivers/STM32G4xx_HAL_Driver/Src/stm32g4xx_hal_exti.c 0x00000000   Number         0  stm32g4xx_hal_exti.o ABSOLUTE
    ../Drivers/STM32G4xx_HAL_Driver/Src/stm32g4xx_hal_flash.c 0x00000000   Number         0  stm32g4xx_hal_flash.o ABSOLUTE
    ../Drivers/STM32G4xx_HAL_Driver/Src/stm32g4xx_hal_flash_ex.c 0x00000000   Number         0  stm32g4xx_hal_flash_ex.o ABSOLUTE
    ../Drivers/STM32G4xx_HAL_Driver/Src/stm32g4xx_hal_flash_ramfunc.c 0x00000000   Number         0  stm32g4xx_hal_flash_ramfunc.o ABSOLUTE
    ../Drivers/STM32G4xx_HAL_Driver/Src/stm32g4xx_hal_gpio.c 0x00000000   Number         0  stm32g4xx_hal_gpio.o ABSOLUTE
    ../Drivers/STM32G4xx_HAL_Driver/Src/stm32g4xx_hal_pwr.c 0x00000000   Number         0  stm32g4xx_hal_pwr.o ABSOLUTE
    ../Drivers/STM32G4xx_HAL_Driver/Src/stm32g4xx_hal_pwr_ex.c 0x00000000   Number         0  stm32g4xx_hal_pwr_ex.o ABSOLUTE
    ../Drivers/STM32G4xx_HAL_Driver/Src/stm32g4xx_hal_rcc.c 0x00000000   Number         0  stm32g4xx_hal_rcc.o ABSOLUTE
    ../Drivers/STM32G4xx_HAL_Driver/Src/stm32g4xx_hal_rcc_ex.c 0x00000000   Number         0  stm32g4xx_hal_rcc_ex.o ABSOLUTE
    ../Drivers/STM32G4xx_HAL_Driver/Src/stm32g4xx_hal_rtc.c 0x00000000   Number         0  stm32g4xx_hal_rtc.o ABSOLUTE
    ../Drivers/STM32G4xx_HAL_Driver/Src/stm32g4xx_hal_rtc_ex.c 0x00000000   Number         0  stm32g4xx_hal_rtc_ex.o ABSOLUTE
    ../Drivers/STM32G4xx_HAL_Driver/Src/stm32g4xx_hal_tim.c 0x00000000   Number         0  stm32g4xx_hal_tim.o ABSOLUTE
    ../Drivers/STM32G4xx_HAL_Driver/Src/stm32g4xx_hal_tim_ex.c 0x00000000   Number         0  stm32g4xx_hal_tim_ex.o ABSOLUTE
    ../Drivers/STM32G4xx_HAL_Driver/Src/stm32g4xx_hal_uart.c 0x00000000   Number         0  stm32g4xx_hal_uart.o ABSOLUTE
    ../Drivers/STM32G4xx_HAL_Driver/Src/stm32g4xx_hal_uart_ex.c 0x00000000   Number         0  stm32g4xx_hal_uart_ex.o ABSOLUTE
    ../Drivers/STM32G4xx_HAL_Driver/Src/stm32g4xx_ll_adc.c 0x00000000   Number         0  stm32g4xx_ll_adc.o ABSOLUTE
    ../clib/microlib/division.c              0x00000000   Number         0  uldiv.o ABSOLUTE
    ../clib/microlib/division.c              0x00000000   Number         0  uidiv.o ABSOLUTE
    ../clib/microlib/init/entry.s            0x00000000   Number         0  entry11b.o ABSOLUTE
    ../clib/microlib/init/entry.s            0x00000000   Number         0  entry9b.o ABSOLUTE
    ../clib/microlib/init/entry.s            0x00000000   Number         0  entry11a.o ABSOLUTE
    ../clib/microlib/init/entry.s            0x00000000   Number         0  entry10b.o ABSOLUTE
    ../clib/microlib/init/entry.s            0x00000000   Number         0  entry.o ABSOLUTE
    ../clib/microlib/init/entry.s            0x00000000   Number         0  entry7a.o ABSOLUTE
    ../clib/microlib/init/entry.s            0x00000000   Number         0  entry2.o ABSOLUTE
    ../clib/microlib/init/entry.s            0x00000000   Number         0  entry10a.o ABSOLUTE
    ../clib/microlib/init/entry.s            0x00000000   Number         0  entry5.o ABSOLUTE
    ../clib/microlib/init/entry.s            0x00000000   Number         0  entry8b.o ABSOLUTE
    ../clib/microlib/init/entry.s            0x00000000   Number         0  entry8a.o ABSOLUTE
    ../clib/microlib/init/entry.s            0x00000000   Number         0  entry7b.o ABSOLUTE
    ../clib/microlib/init/entry.s            0x00000000   Number         0  entry9a.o ABSOLUTE
    ../clib/microlib/longlong.c              0x00000000   Number         0  llshl.o ABSOLUTE
    ../clib/microlib/longlong.c              0x00000000   Number         0  llushr.o ABSOLUTE
    ../clib/microlib/longlong.c              0x00000000   Number         0  llsshr.o ABSOLUTE
    ../clib/microlib/malloc/malloc.c         0x00000000   Number         0  mallocra.o ABSOLUTE
    ../clib/microlib/malloc/malloc.c         0x00000000   Number         0  malloca.o ABSOLUTE
    ../clib/microlib/malloc/malloc.c         0x00000000   Number         0  malloc.o ABSOLUTE
    ../clib/microlib/malloc/malloc.c         0x00000000   Number         0  mallocr.o ABSOLUTE
    ../clib/microlib/malloc/mvars.c          0x00000000   Number         0  mvars.o ABSOLUTE
    ../clib/microlib/printf/printf.c         0x00000000   Number         0  printf7.o ABSOLUTE
    ../clib/microlib/printf/printf.c         0x00000000   Number         0  printf2.o ABSOLUTE
    ../clib/microlib/printf/printf.c         0x00000000   Number         0  printf5.o ABSOLUTE
    ../clib/microlib/printf/printf.c         0x00000000   Number         0  printf1.o ABSOLUTE
    ../clib/microlib/printf/printf.c         0x00000000   Number         0  printf6.o ABSOLUTE
    ../clib/microlib/printf/printf.c         0x00000000   Number         0  printfb.o ABSOLUTE
    ../clib/microlib/printf/printf.c         0x00000000   Number         0  printfa.o ABSOLUTE
    ../clib/microlib/printf/printf.c         0x00000000   Number         0  printf0.o ABSOLUTE
    ../clib/microlib/printf/printf.c         0x00000000   Number         0  printf8.o ABSOLUTE
    ../clib/microlib/printf/printf.c         0x00000000   Number         0  printf4.o ABSOLUTE
    ../clib/microlib/printf/printf.c         0x00000000   Number         0  printf3.o ABSOLUTE
    ../clib/microlib/printf/stubs.s          0x00000000   Number         0  stubs.o ABSOLUTE
    ../clib/microlib/stdio/fputc.c           0x00000000   Number         0  fputc.o ABSOLUTE
    ../clib/microlib/stdio/semi.s            0x00000000   Number         0  semi.o ABSOLUTE
    ../clib/microlib/stdio/streams.c         0x00000000   Number         0  stdout.o ABSOLUTE
    ../clib/microlib/stdlib/qsort.c          0x00000000   Number         0  qsort.o ABSOLUTE
    ../clib/microlib/string/memcpy.c         0x00000000   Number         0  memcpyb.o ABSOLUTE
    ../clib/microlib/string/memcpy.c         0x00000000   Number         0  memcpya.o ABSOLUTE
    ../clib/microlib/string/memset.c         0x00000000   Number         0  memseta.o ABSOLUTE
    ../clib/microlib/stubs.s                 0x00000000   Number         0  iusesemip.o ABSOLUTE
    ../clib/microlib/stubs.s                 0x00000000   Number         0  iusefp.o ABSOLUTE
    ../fplib/microlib/fpadd.c                0x00000000   Number         0  dadd.o ABSOLUTE
    ../fplib/microlib/fpdiv.c                0x00000000   Number         0  ddiv.o ABSOLUTE
    ../fplib/microlib/fpepilogue.c           0x00000000   Number         0  depilogue.o ABSOLUTE
    ../fplib/microlib/fpfix.c                0x00000000   Number         0  dfixul.o ABSOLUTE
    ../fplib/microlib/fpmul.c                0x00000000   Number         0  dmul.o ABSOLUTE
    ..\APP\adc_app.c                         0x00000000   Number         0  adc_app.o ABSOLUTE
    ..\APP\filter.c                          0x00000000   Number         0  filter.o ABSOLUTE
    ..\APP\i2c_hal.c                         0x00000000   Number         0  i2c_hal.o ABSOLUTE
    ..\APP\key_app.c                         0x00000000   Number         0  key_app.o ABSOLUTE
    ..\APP\lcd.c                             0x00000000   Number         0  lcd.o ABSOLUTE
    ..\APP\lcd_app.c                         0x00000000   Number         0  lcd_app.o ABSOLUTE
    ..\APP\led_app.c                         0x00000000   Number         0  led_app.o ABSOLUTE
    ..\APP\ringbuffer.c                      0x00000000   Number         0  ringbuffer.o ABSOLUTE
    ..\APP\rtc_app.c                         0x00000000   Number         0  rtc_app.o ABSOLUTE
    ..\APP\scheduler.c                       0x00000000   Number         0  scheduler.o ABSOLUTE
    ..\APP\system.c                          0x00000000   Number         0  system.o ABSOLUTE
    ..\APP\tim_app.c                         0x00000000   Number         0  tim_app.o ABSOLUTE
    ..\APP\uart_app.c                        0x00000000   Number         0  uart_app.o ABSOLUTE
    ..\Core\Src\adc.c                        0x00000000   Number         0  adc.o ABSOLUTE
    ..\Core\Src\dma.c                        0x00000000   Number         0  dma.o ABSOLUTE
    ..\Core\Src\gpio.c                       0x00000000   Number         0  gpio.o ABSOLUTE
    ..\Core\Src\main.c                       0x00000000   Number         0  main.o ABSOLUTE
    ..\Core\Src\rtc.c                        0x00000000   Number         0  rtc.o ABSOLUTE
    ..\Core\Src\stm32g4xx_hal_msp.c          0x00000000   Number         0  stm32g4xx_hal_msp.o ABSOLUTE
    ..\Core\Src\stm32g4xx_it.c               0x00000000   Number         0  stm32g4xx_it.o ABSOLUTE
    ..\Core\Src\system_stm32g4xx.c           0x00000000   Number         0  system_stm32g4xx.o ABSOLUTE
    ..\Core\Src\usart.c                      0x00000000   Number         0  usart.o ABSOLUTE
    ..\Drivers\STM32G4xx_HAL_Driver\Src\stm32g4xx_hal.c 0x00000000   Number         0  stm32g4xx_hal.o ABSOLUTE
    ..\Drivers\STM32G4xx_HAL_Driver\Src\stm32g4xx_hal_adc.c 0x00000000   Number         0  stm32g4xx_hal_adc.o ABSOLUTE
    ..\Drivers\STM32G4xx_HAL_Driver\Src\stm32g4xx_hal_adc_ex.c 0x00000000   Number         0  stm32g4xx_hal_adc_ex.o ABSOLUTE
    ..\Drivers\STM32G4xx_HAL_Driver\Src\stm32g4xx_hal_cortex.c 0x00000000   Number         0  stm32g4xx_hal_cortex.o ABSOLUTE
    ..\Drivers\STM32G4xx_HAL_Driver\Src\stm32g4xx_hal_dma.c 0x00000000   Number         0  stm32g4xx_hal_dma.o ABSOLUTE
    ..\Drivers\STM32G4xx_HAL_Driver\Src\stm32g4xx_hal_dma_ex.c 0x00000000   Number         0  stm32g4xx_hal_dma_ex.o ABSOLUTE
    ..\Drivers\STM32G4xx_HAL_Driver\Src\stm32g4xx_hal_exti.c 0x00000000   Number         0  stm32g4xx_hal_exti.o ABSOLUTE
    ..\Drivers\STM32G4xx_HAL_Driver\Src\stm32g4xx_hal_flash.c 0x00000000   Number         0  stm32g4xx_hal_flash.o ABSOLUTE
    ..\Drivers\STM32G4xx_HAL_Driver\Src\stm32g4xx_hal_flash_ex.c 0x00000000   Number         0  stm32g4xx_hal_flash_ex.o ABSOLUTE
    ..\Drivers\STM32G4xx_HAL_Driver\Src\stm32g4xx_hal_flash_ramfunc.c 0x00000000   Number         0  stm32g4xx_hal_flash_ramfunc.o ABSOLUTE
    ..\Drivers\STM32G4xx_HAL_Driver\Src\stm32g4xx_hal_gpio.c 0x00000000   Number         0  stm32g4xx_hal_gpio.o ABSOLUTE
    ..\Drivers\STM32G4xx_HAL_Driver\Src\stm32g4xx_hal_pwr.c 0x00000000   Number         0  stm32g4xx_hal_pwr.o ABSOLUTE
    ..\Drivers\STM32G4xx_HAL_Driver\Src\stm32g4xx_hal_pwr_ex.c 0x00000000   Number         0  stm32g4xx_hal_pwr_ex.o ABSOLUTE
    ..\Drivers\STM32G4xx_HAL_Driver\Src\stm32g4xx_hal_rcc.c 0x00000000   Number         0  stm32g4xx_hal_rcc.o ABSOLUTE
    ..\Drivers\STM32G4xx_HAL_Driver\Src\stm32g4xx_hal_rcc_ex.c 0x00000000   Number         0  stm32g4xx_hal_rcc_ex.o ABSOLUTE
    ..\Drivers\STM32G4xx_HAL_Driver\Src\stm32g4xx_hal_rtc.c 0x00000000   Number         0  stm32g4xx_hal_rtc.o ABSOLUTE
    ..\Drivers\STM32G4xx_HAL_Driver\Src\stm32g4xx_hal_rtc_ex.c 0x00000000   Number         0  stm32g4xx_hal_rtc_ex.o ABSOLUTE
    ..\Drivers\STM32G4xx_HAL_Driver\Src\stm32g4xx_hal_tim.c 0x00000000   Number         0  stm32g4xx_hal_tim.o ABSOLUTE
    ..\Drivers\STM32G4xx_HAL_Driver\Src\stm32g4xx_hal_tim_ex.c 0x00000000   Number         0  stm32g4xx_hal_tim_ex.o ABSOLUTE
    ..\Drivers\STM32G4xx_HAL_Driver\Src\stm32g4xx_hal_uart.c 0x00000000   Number         0  stm32g4xx_hal_uart.o ABSOLUTE
    ..\Drivers\STM32G4xx_HAL_Driver\Src\stm32g4xx_hal_uart_ex.c 0x00000000   Number         0  stm32g4xx_hal_uart_ex.o ABSOLUTE
    ..\\APP\\adc_app.c                       0x00000000   Number         0  adc_app.o ABSOLUTE
    ..\\APP\\filter.c                        0x00000000   Number         0  filter.o ABSOLUTE
    ..\\APP\\i2c_hal.c                       0x00000000   Number         0  i2c_hal.o ABSOLUTE
    ..\\APP\\key_app.c                       0x00000000   Number         0  key_app.o ABSOLUTE
    ..\\APP\\lcd.c                           0x00000000   Number         0  lcd.o ABSOLUTE
    ..\\APP\\lcd_app.c                       0x00000000   Number         0  lcd_app.o ABSOLUTE
    ..\\APP\\led_app.c                       0x00000000   Number         0  led_app.o ABSOLUTE
    ..\\APP\\ringbuffer.c                    0x00000000   Number         0  ringbuffer.o ABSOLUTE
    ..\\APP\\rtc_app.c                       0x00000000   Number         0  rtc_app.o ABSOLUTE
    ..\\APP\\scheduler.c                     0x00000000   Number         0  scheduler.o ABSOLUTE
    ..\\APP\\system.c                        0x00000000   Number         0  system.o ABSOLUTE
    ..\\APP\\tim_app.c                       0x00000000   Number         0  tim_app.o ABSOLUTE
    ..\\APP\\uart_app.c                      0x00000000   Number         0  uart_app.o ABSOLUTE
    cdrcmple.s                               0x00000000   Number         0  cdrcmple.o ABSOLUTE
    dc.s                                     0x00000000   Number         0  dc.o ABSOLUTE
    handlers.s                               0x00000000   Number         0  handlers.o ABSOLUTE
    init.s                                   0x00000000   Number         0  init.o ABSOLUTE
    startup_stm32g431xx.s                    0x00000000   Number         0  startup_stm32g431xx.o ABSOLUTE
    RESET                                    0x08000000   Section      472  startup_stm32g431xx.o(RESET)
    .ARM.Collect$$$$00000000                 0x080001d8   Section        0  entry.o(.ARM.Collect$$$$00000000)
    .ARM.Collect$$$$00000001                 0x080001d8   Section        4  entry2.o(.ARM.Collect$$$$00000001)
    .ARM.Collect$$$$00000004                 0x080001dc   Section        4  entry5.o(.ARM.Collect$$$$00000004)
    .ARM.Collect$$$$00000008                 0x080001e0   Section        0  entry7b.o(.ARM.Collect$$$$00000008)
    .ARM.Collect$$$$0000000A                 0x080001e0   Section        0  entry8b.o(.ARM.Collect$$$$0000000A)
    .ARM.Collect$$$$0000000B                 0x080001e0   Section        8  entry9a.o(.ARM.Collect$$$$0000000B)
    .ARM.Collect$$$$0000000D                 0x080001e8   Section        0  entry10a.o(.ARM.Collect$$$$0000000D)
    .ARM.Collect$$$$0000000F                 0x080001e8   Section        0  entry11a.o(.ARM.Collect$$$$0000000F)
    .ARM.Collect$$$$00002712                 0x080001e8   Section        4  entry2.o(.ARM.Collect$$$$00002712)
    __lit__00000000                          0x080001e8   Data           4  entry2.o(.ARM.Collect$$$$00002712)
    .text                                    0x080001ec   Section       36  startup_stm32g431xx.o(.text)
    $v0                                      0x080001ec   Number         0  startup_stm32g431xx.o(.text)
    .text                                    0x08000210   Section        0  uldiv.o(.text)
    .text                                    0x08000272   Section        0  memseta.o(.text)
    .text                                    0x08000296   Section        0  llshl.o(.text)
    .text                                    0x080002b4   Section        0  llushr.o(.text)
    .text                                    0x080002d4   Section       36  init.o(.text)
    i.ADC1_2_IRQHandler                      0x080002f8   Section        0  stm32g4xx_it.o(i.ADC1_2_IRQHandler)
    i.BusFault_Handler                       0x08000310   Section        0  stm32g4xx_it.o(i.BusFault_Handler)
    i.DMA1_Channel1_IRQHandler               0x08000314   Section        0  stm32g4xx_it.o(i.DMA1_Channel1_IRQHandler)
    i.DMA1_Channel2_IRQHandler               0x08000324   Section        0  stm32g4xx_it.o(i.DMA1_Channel2_IRQHandler)
    i.DMA1_Channel3_IRQHandler               0x08000334   Section        0  stm32g4xx_it.o(i.DMA1_Channel3_IRQHandler)
    i.DMA_CalcDMAMUXChannelBaseAndMask       0x08000344   Section        0  stm32g4xx_hal_dma.o(i.DMA_CalcDMAMUXChannelBaseAndMask)
    DMA_CalcDMAMUXChannelBaseAndMask         0x08000345   Thumb Code    58  stm32g4xx_hal_dma.o(i.DMA_CalcDMAMUXChannelBaseAndMask)
    i.DMA_CalcDMAMUXRequestGenBaseAndMask    0x08000388   Section        0  stm32g4xx_hal_dma.o(i.DMA_CalcDMAMUXRequestGenBaseAndMask)
    DMA_CalcDMAMUXRequestGenBaseAndMask      0x08000389   Thumb Code    32  stm32g4xx_hal_dma.o(i.DMA_CalcDMAMUXRequestGenBaseAndMask)
    i.DebugMon_Handler                       0x080003ac   Section        0  stm32g4xx_it.o(i.DebugMon_Handler)
    i.Error_Handler                          0x080003ae   Section        0  main.o(i.Error_Handler)
    i.HAL_ADCEx_EndOfSamplingCallback        0x080003b4   Section        0  stm32g4xx_hal_adc_ex.o(i.HAL_ADCEx_EndOfSamplingCallback)
    i.HAL_ADCEx_InjectedConvCpltCallback     0x080003b6   Section        0  stm32g4xx_hal_adc_ex.o(i.HAL_ADCEx_InjectedConvCpltCallback)
    i.HAL_ADCEx_InjectedQueueOverflowCallback 0x080003b8   Section        0  stm32g4xx_hal_adc_ex.o(i.HAL_ADCEx_InjectedQueueOverflowCallback)
    i.HAL_ADCEx_LevelOutOfWindow2Callback    0x080003ba   Section        0  stm32g4xx_hal_adc_ex.o(i.HAL_ADCEx_LevelOutOfWindow2Callback)
    i.HAL_ADCEx_LevelOutOfWindow3Callback    0x080003bc   Section        0  stm32g4xx_hal_adc_ex.o(i.HAL_ADCEx_LevelOutOfWindow3Callback)
    i.HAL_ADCEx_MultiModeConfigChannel       0x080003c0   Section        0  stm32g4xx_hal_adc_ex.o(i.HAL_ADCEx_MultiModeConfigChannel)
    i.HAL_ADC_ConfigChannel                  0x080004cc   Section        0  stm32g4xx_hal_adc.o(i.HAL_ADC_ConfigChannel)
    i.HAL_ADC_ConvCpltCallback               0x080009d4   Section        0  stm32g4xx_hal_adc.o(i.HAL_ADC_ConvCpltCallback)
    i.HAL_ADC_ErrorCallback                  0x080009d6   Section        0  stm32g4xx_hal_adc.o(i.HAL_ADC_ErrorCallback)
    i.HAL_ADC_IRQHandler                     0x080009d8   Section        0  stm32g4xx_hal_adc.o(i.HAL_ADC_IRQHandler)
    i.HAL_ADC_Init                           0x08000d08   Section        0  stm32g4xx_hal_adc.o(i.HAL_ADC_Init)
    i.HAL_ADC_LevelOutOfWindowCallback       0x08000f70   Section        0  stm32g4xx_hal_adc.o(i.HAL_ADC_LevelOutOfWindowCallback)
    i.HAL_ADC_MspInit                        0x08000f74   Section        0  adc.o(i.HAL_ADC_MspInit)
    i.HAL_DMA_Abort                          0x0800113c   Section        0  stm32g4xx_hal_dma.o(i.HAL_DMA_Abort)
    i.HAL_DMA_Abort_IT                       0x080011b2   Section        0  stm32g4xx_hal_dma.o(i.HAL_DMA_Abort_IT)
    i.HAL_DMA_IRQHandler                     0x08001246   Section        0  stm32g4xx_hal_dma.o(i.HAL_DMA_IRQHandler)
    i.HAL_DMA_Init                           0x08001344   Section        0  stm32g4xx_hal_dma.o(i.HAL_DMA_Init)
    i.HAL_GPIO_Init                          0x08001414   Section        0  stm32g4xx_hal_gpio.o(i.HAL_GPIO_Init)
    i.HAL_GPIO_WritePin                      0x080015ec   Section        0  stm32g4xx_hal_gpio.o(i.HAL_GPIO_WritePin)
    i.HAL_GetTick                            0x080015f8   Section        0  stm32g4xx_hal.o(i.HAL_GetTick)
    i.HAL_IncTick                            0x08001604   Section        0  stm32g4xx_hal.o(i.HAL_IncTick)
    i.HAL_Init                               0x0800161c   Section        0  stm32g4xx_hal.o(i.HAL_Init)
    i.HAL_InitTick                           0x0800163c   Section        0  stm32g4xx_hal.o(i.HAL_InitTick)
    i.HAL_MspInit                            0x08001694   Section        0  stm32g4xx_hal_msp.o(i.HAL_MspInit)
    i.HAL_NVIC_EnableIRQ                     0x080016d8   Section        0  stm32g4xx_hal_cortex.o(i.HAL_NVIC_EnableIRQ)
    i.HAL_NVIC_SetPriority                   0x08001700   Section        0  stm32g4xx_hal_cortex.o(i.HAL_NVIC_SetPriority)
    i.HAL_NVIC_SetPriorityGrouping           0x0800177c   Section        0  stm32g4xx_hal_cortex.o(i.HAL_NVIC_SetPriorityGrouping)
    i.HAL_PWREx_ControlVoltageScaling        0x080017a4   Section        0  stm32g4xx_hal_pwr_ex.o(i.HAL_PWREx_ControlVoltageScaling)
    i.HAL_PWREx_DisableUCPDDeadBattery       0x080018bc   Section        0  stm32g4xx_hal_pwr_ex.o(i.HAL_PWREx_DisableUCPDDeadBattery)
    i.HAL_RCCEx_PeriphCLKConfig              0x080018d0   Section        0  stm32g4xx_hal_rcc_ex.o(i.HAL_RCCEx_PeriphCLKConfig)
    i.HAL_RCC_ClockConfig                    0x08001c40   Section        0  stm32g4xx_hal_rcc.o(i.HAL_RCC_ClockConfig)
    i.HAL_RCC_GetHCLKFreq                    0x08001e64   Section        0  stm32g4xx_hal_rcc.o(i.HAL_RCC_GetHCLKFreq)
    i.HAL_RCC_GetPCLK1Freq                   0x08001e70   Section        0  stm32g4xx_hal_rcc.o(i.HAL_RCC_GetPCLK1Freq)
    i.HAL_RCC_GetPCLK2Freq                   0x08001e94   Section        0  stm32g4xx_hal_rcc.o(i.HAL_RCC_GetPCLK2Freq)
    i.HAL_RCC_GetSysClockFreq                0x08001eb8   Section        0  stm32g4xx_hal_rcc.o(i.HAL_RCC_GetSysClockFreq)
    i.HAL_RCC_OscConfig                      0x08001f50   Section        0  stm32g4xx_hal_rcc.o(i.HAL_RCC_OscConfig)
    i.HAL_RTC_Init                           0x080024b8   Section        0  stm32g4xx_hal_rtc.o(i.HAL_RTC_Init)
    i.HAL_RTC_MspInit                        0x0800256c   Section        0  rtc.o(i.HAL_RTC_MspInit)
    i.HAL_RTC_SetDate                        0x080025d0   Section        0  stm32g4xx_hal_rtc.o(i.HAL_RTC_SetDate)
    i.HAL_RTC_SetTime                        0x080026a0   Section        0  stm32g4xx_hal_rtc.o(i.HAL_RTC_SetTime)
    i.HAL_RTC_WaitForSynchro                 0x080027a8   Section        0  stm32g4xx_hal_rtc.o(i.HAL_RTC_WaitForSynchro)
    i.HAL_SYSTICK_Config                     0x080027e4   Section        0  stm32g4xx_hal_cortex.o(i.HAL_SYSTICK_Config)
    i.HAL_UARTEx_DisableFifoMode             0x08002818   Section        0  stm32g4xx_hal_uart_ex.o(i.HAL_UARTEx_DisableFifoMode)
    i.HAL_UARTEx_RxEventCallback             0x08002868   Section        0  uart_app.o(i.HAL_UARTEx_RxEventCallback)
    i.HAL_UARTEx_RxFifoFullCallback          0x08002894   Section        0  stm32g4xx_hal_uart_ex.o(i.HAL_UARTEx_RxFifoFullCallback)
    i.HAL_UARTEx_SetRxFifoThreshold          0x08002896   Section        0  stm32g4xx_hal_uart_ex.o(i.HAL_UARTEx_SetRxFifoThreshold)
    i.HAL_UARTEx_SetTxFifoThreshold          0x080028f4   Section        0  stm32g4xx_hal_uart_ex.o(i.HAL_UARTEx_SetTxFifoThreshold)
    i.HAL_UARTEx_TxFifoEmptyCallback         0x08002952   Section        0  stm32g4xx_hal_uart_ex.o(i.HAL_UARTEx_TxFifoEmptyCallback)
    i.HAL_UARTEx_WakeupCallback              0x08002954   Section        0  stm32g4xx_hal_uart_ex.o(i.HAL_UARTEx_WakeupCallback)
    i.HAL_UART_ErrorCallback                 0x08002956   Section        0  stm32g4xx_hal_uart.o(i.HAL_UART_ErrorCallback)
    i.HAL_UART_IRQHandler                    0x08002958   Section        0  stm32g4xx_hal_uart.o(i.HAL_UART_IRQHandler)
    i.HAL_UART_Init                          0x08002c60   Section        0  stm32g4xx_hal_uart.o(i.HAL_UART_Init)
    i.HAL_UART_MspInit                       0x08002cd8   Section        0  usart.o(i.HAL_UART_MspInit)
    i.HAL_UART_TxCpltCallback                0x08002dbc   Section        0  stm32g4xx_hal_uart.o(i.HAL_UART_TxCpltCallback)
    i.HardFault_Handler                      0x08002dbe   Section        0  stm32g4xx_it.o(i.HardFault_Handler)
    i.LL_ADC_GetMultimode                    0x08002dc2   Section        0  stm32g4xx_hal_adc.o(i.LL_ADC_GetMultimode)
    LL_ADC_GetMultimode                      0x08002dc3   Thumb Code    10  stm32g4xx_hal_adc.o(i.LL_ADC_GetMultimode)
    i.LL_ADC_GetOffsetChannel                0x08002dcc   Section        0  stm32g4xx_hal_adc.o(i.LL_ADC_GetOffsetChannel)
    LL_ADC_GetOffsetChannel                  0x08002dcd   Thumb Code    18  stm32g4xx_hal_adc.o(i.LL_ADC_GetOffsetChannel)
    i.LL_ADC_INJ_IsConversionOngoing         0x08002dde   Section        0  stm32g4xx_hal_adc.o(i.LL_ADC_INJ_IsConversionOngoing)
    LL_ADC_INJ_IsConversionOngoing           0x08002ddf   Thumb Code    10  stm32g4xx_hal_adc.o(i.LL_ADC_INJ_IsConversionOngoing)
    i.LL_ADC_IsEnabled                       0x08002de8   Section        0  stm32g4xx_hal_adc.o(i.LL_ADC_IsEnabled)
    LL_ADC_IsEnabled                         0x08002de9   Thumb Code    10  stm32g4xx_hal_adc.o(i.LL_ADC_IsEnabled)
    i.LL_ADC_IsEnabled                       0x08002df2   Section        0  stm32g4xx_hal_adc_ex.o(i.LL_ADC_IsEnabled)
    LL_ADC_IsEnabled                         0x08002df3   Thumb Code    10  stm32g4xx_hal_adc_ex.o(i.LL_ADC_IsEnabled)
    i.LL_ADC_IsInternalRegulatorEnabled      0x08002dfc   Section        0  stm32g4xx_hal_adc.o(i.LL_ADC_IsInternalRegulatorEnabled)
    LL_ADC_IsInternalRegulatorEnabled        0x08002dfd   Thumb Code    10  stm32g4xx_hal_adc.o(i.LL_ADC_IsInternalRegulatorEnabled)
    i.LL_ADC_REG_IsConversionOngoing         0x08002e06   Section        0  stm32g4xx_hal_adc.o(i.LL_ADC_REG_IsConversionOngoing)
    LL_ADC_REG_IsConversionOngoing           0x08002e07   Thumb Code    10  stm32g4xx_hal_adc.o(i.LL_ADC_REG_IsConversionOngoing)
    i.LL_ADC_REG_IsConversionOngoing         0x08002e10   Section        0  stm32g4xx_hal_adc_ex.o(i.LL_ADC_REG_IsConversionOngoing)
    LL_ADC_REG_IsConversionOngoing           0x08002e11   Thumb Code    10  stm32g4xx_hal_adc_ex.o(i.LL_ADC_REG_IsConversionOngoing)
    i.LL_ADC_REG_IsTriggerSourceSWStart      0x08002e1a   Section        0  stm32g4xx_hal_adc.o(i.LL_ADC_REG_IsTriggerSourceSWStart)
    LL_ADC_REG_IsTriggerSourceSWStart        0x08002e1b   Thumb Code    18  stm32g4xx_hal_adc.o(i.LL_ADC_REG_IsTriggerSourceSWStart)
    i.LL_ADC_SetChannelSamplingTime          0x08002e2c   Section        0  stm32g4xx_hal_adc.o(i.LL_ADC_SetChannelSamplingTime)
    LL_ADC_SetChannelSamplingTime            0x08002e2d   Thumb Code    40  stm32g4xx_hal_adc.o(i.LL_ADC_SetChannelSamplingTime)
    i.LL_ADC_SetCommonPathInternalCh         0x08002e54   Section        0  stm32g4xx_hal_adc.o(i.LL_ADC_SetCommonPathInternalCh)
    LL_ADC_SetCommonPathInternalCh           0x08002e55   Thumb Code    12  stm32g4xx_hal_adc.o(i.LL_ADC_SetCommonPathInternalCh)
    i.LL_ADC_SetOffsetState                  0x08002e60   Section        0  stm32g4xx_hal_adc.o(i.LL_ADC_SetOffsetState)
    LL_ADC_SetOffsetState                    0x08002e61   Thumb Code    22  stm32g4xx_hal_adc.o(i.LL_ADC_SetOffsetState)
    i.LL_ADC_SetSamplingTimeCommonConfig     0x08002e76   Section        0  stm32g4xx_hal_adc.o(i.LL_ADC_SetSamplingTimeCommonConfig)
    LL_ADC_SetSamplingTimeCommonConfig       0x08002e77   Thumb Code    12  stm32g4xx_hal_adc.o(i.LL_ADC_SetSamplingTimeCommonConfig)
    i.MX_ADC1_Init                           0x08002e84   Section        0  adc.o(i.MX_ADC1_Init)
    i.MX_ADC2_Init                           0x08002f28   Section        0  adc.o(i.MX_ADC2_Init)
    i.MX_DMA_Init                            0x08002fac   Section        0  dma.o(i.MX_DMA_Init)
    i.MX_GPIO_Init                           0x0800301c   Section        0  gpio.o(i.MX_GPIO_Init)
    i.MX_RTC_Init                            0x080031cc   Section        0  rtc.o(i.MX_RTC_Init)
    i.MX_USART1_UART_Init                    0x08003268   Section        0  usart.o(i.MX_USART1_UART_Init)
    i.MemManage_Handler                      0x080032d4   Section        0  stm32g4xx_it.o(i.MemManage_Handler)
    i.NMI_Handler                            0x080032d8   Section        0  stm32g4xx_it.o(i.NMI_Handler)
    i.PendSV_Handler                         0x080032dc   Section        0  stm32g4xx_it.o(i.PendSV_Handler)
    i.RCC_GetSysClockFreqFromPLLSource       0x080032e0   Section        0  stm32g4xx_hal_rcc.o(i.RCC_GetSysClockFreqFromPLLSource)
    RCC_GetSysClockFreqFromPLLSource         0x080032e1   Thumb Code    90  stm32g4xx_hal_rcc.o(i.RCC_GetSysClockFreqFromPLLSource)
    i.RTC_ByteToBcd2                         0x08003348   Section        0  stm32g4xx_hal_rtc.o(i.RTC_ByteToBcd2)
    i.RTC_EnterInitMode                      0x08003364   Section        0  stm32g4xx_hal_rtc.o(i.RTC_EnterInitMode)
    i.RTC_ExitInitMode                       0x080033b4   Section        0  stm32g4xx_hal_rtc.o(i.RTC_ExitInitMode)
    i.SVC_Handler                            0x0800341c   Section        0  stm32g4xx_it.o(i.SVC_Handler)
    i.SysTick_Handler                        0x0800341e   Section        0  stm32g4xx_it.o(i.SysTick_Handler)
    i.SystemClock_Config                     0x08003426   Section        0  main.o(i.SystemClock_Config)
    i.SystemInit                             0x08003490   Section        0  system_stm32g4xx.o(i.SystemInit)
    i.UARTEx_SetNbDataToProcess              0x080034a4   Section        0  stm32g4xx_hal_uart_ex.o(i.UARTEx_SetNbDataToProcess)
    UARTEx_SetNbDataToProcess                0x080034a5   Thumb Code    78  stm32g4xx_hal_uart_ex.o(i.UARTEx_SetNbDataToProcess)
    i.UART_AdvFeatureConfig                  0x080034fc   Section        0  stm32g4xx_hal_uart.o(i.UART_AdvFeatureConfig)
    i.UART_CheckIdleState                    0x080035f4   Section        0  stm32g4xx_hal_uart.o(i.UART_CheckIdleState)
    i.UART_DMAAbortOnError                   0x0800366a   Section        0  stm32g4xx_hal_uart.o(i.UART_DMAAbortOnError)
    UART_DMAAbortOnError                     0x0800366b   Thumb Code    24  stm32g4xx_hal_uart.o(i.UART_DMAAbortOnError)
    i.UART_EndRxTransfer                     0x08003684   Section        0  stm32g4xx_hal_uart.o(i.UART_EndRxTransfer)
    UART_EndRxTransfer                       0x08003685   Thumb Code    56  stm32g4xx_hal_uart.o(i.UART_EndRxTransfer)
    i.UART_EndTransmit_IT                    0x080036c0   Section        0  stm32g4xx_hal_uart.o(i.UART_EndTransmit_IT)
    UART_EndTransmit_IT                      0x080036c1   Thumb Code    34  stm32g4xx_hal_uart.o(i.UART_EndTransmit_IT)
    i.UART_SetConfig                         0x080036e4   Section        0  stm32g4xx_hal_uart.o(i.UART_SetConfig)
    i.UART_WaitOnFlagUntilTimeout            0x08003a70   Section        0  stm32g4xx_hal_uart.o(i.UART_WaitOnFlagUntilTimeout)
    i.USART1_IRQHandler                      0x08003b30   Section        0  stm32g4xx_it.o(i.USART1_IRQHandler)
    i.UsageFault_Handler                     0x08003b40   Section        0  stm32g4xx_it.o(i.UsageFault_Handler)
    i.__NVIC_GetPriorityGrouping             0x08003b44   Section        0  stm32g4xx_hal_cortex.o(i.__NVIC_GetPriorityGrouping)
    __NVIC_GetPriorityGrouping               0x08003b45   Thumb Code    10  stm32g4xx_hal_cortex.o(i.__NVIC_GetPriorityGrouping)
    i.__NVIC_SetPriority                     0x08003b54   Section        0  stm32g4xx_hal_cortex.o(i.__NVIC_SetPriority)
    __NVIC_SetPriority                       0x08003b55   Thumb Code    32  stm32g4xx_hal_cortex.o(i.__NVIC_SetPriority)
    i.__scatterload_copy                     0x08003b7c   Section       14  handlers.o(i.__scatterload_copy)
    i.__scatterload_null                     0x08003b8a   Section        2  handlers.o(i.__scatterload_null)
    i.__scatterload_zeroinit                 0x08003b8c   Section       14  handlers.o(i.__scatterload_zeroinit)
    i.main                                   0x08003b9a   Section        0  main.o(i.main)
    i.ringbuffer_is_full                     0x08003bbe   Section        0  ringbuffer.o(i.ringbuffer_is_full)
    i.ringbuffer_write                       0x08003bce   Section        0  ringbuffer.o(i.ringbuffer_write)
    .constdata                               0x08003c12   Section       24  stm32g4xx_hal_uart.o(.constdata)
    .constdata                               0x08003c2a   Section       16  stm32g4xx_hal_uart_ex.o(.constdata)
    numerator                                0x08003c2a   Data           8  stm32g4xx_hal_uart_ex.o(.constdata)
    denominator                              0x08003c32   Data           8  stm32g4xx_hal_uart_ex.o(.constdata)
    .constdata                               0x08003c3a   Section       24  system_stm32g4xx.o(.constdata)
    .data                                    0x20000000   Section        4  adc.o(.data)
    HAL_RCC_ADC12_CLK_ENABLED                0x20000000   Data           4  adc.o(.data)
    .data                                    0x20000004   Section       12  stm32g4xx_hal.o(.data)
    .data                                    0x20000010   Section        4  system_stm32g4xx.o(.data)
    .bss                                     0x20000014   Section      408  adc.o(.bss)
    .bss                                     0x200001ac   Section       40  rtc.o(.bss)
    .bss                                     0x200001d4   Section      368  usart.o(.bss)
    .bss                                     0x20000344   Section      108  uart_app.o(.bss)
    STACK                                    0x200003b0   Section     1024  startup_stm32g431xx.o(STACK)

    Global Symbols

    Symbol Name                              Value     Ov Type        Size  Object(Section)

    BuildAttributes$$THM_ISAv4$E$P$D$K$B$S$7EM$VFPi3$EXTD16$VFPS$VFMA$PE$A:L22UL41UL21$X:L11$S22US41US21$IEEE1$IW$USESV6$~STKCKD$USESV7$~SHL$OSPACE$ROPI$EBA8$MICROLIB$REQ8$PRES8$EABIv2 0x00000000   Number         0  anon$$obj.o ABSOLUTE
    __ARM_use_no_argv                        0x00000000   Number         0  main.o ABSOLUTE
    _printf_a                                0x00000000   Number         0  stubs.o ABSOLUTE
    _printf_c                                0x00000000   Number         0  stubs.o ABSOLUTE
    _printf_charcount                        0x00000000   Number         0  stubs.o ABSOLUTE
    _printf_d                                0x00000000   Number         0  stubs.o ABSOLUTE
    _printf_e                                0x00000000   Number         0  stubs.o ABSOLUTE
    _printf_f                                0x00000000   Number         0  stubs.o ABSOLUTE
    _printf_flags                            0x00000000   Number         0  stubs.o ABSOLUTE
    _printf_fp_dec                           0x00000000   Number         0  stubs.o ABSOLUTE
    _printf_fp_hex                           0x00000000   Number         0  stubs.o ABSOLUTE
    _printf_g                                0x00000000   Number         0  stubs.o ABSOLUTE
    _printf_i                                0x00000000   Number         0  stubs.o ABSOLUTE
    _printf_int_dec                          0x00000000   Number         0  stubs.o ABSOLUTE
    _printf_l                                0x00000000   Number         0  stubs.o ABSOLUTE
    _printf_lc                               0x00000000   Number         0  stubs.o ABSOLUTE
    _printf_ll                               0x00000000   Number         0  stubs.o ABSOLUTE
    _printf_lld                              0x00000000   Number         0  stubs.o ABSOLUTE
    _printf_lli                              0x00000000   Number         0  stubs.o ABSOLUTE
    _printf_llo                              0x00000000   Number         0  stubs.o ABSOLUTE
    _printf_llu                              0x00000000   Number         0  stubs.o ABSOLUTE
    _printf_llx                              0x00000000   Number         0  stubs.o ABSOLUTE
    _printf_longlong_dec                     0x00000000   Number         0  stubs.o ABSOLUTE
    _printf_longlong_hex                     0x00000000   Number         0  stubs.o ABSOLUTE
    _printf_longlong_oct                     0x00000000   Number         0  stubs.o ABSOLUTE
    _printf_ls                               0x00000000   Number         0  stubs.o ABSOLUTE
    _printf_mbtowc                           0x00000000   Number         0  stubs.o ABSOLUTE
    _printf_n                                0x00000000   Number         0  stubs.o ABSOLUTE
    _printf_o                                0x00000000   Number         0  stubs.o ABSOLUTE
    _printf_p                                0x00000000   Number         0  stubs.o ABSOLUTE
    _printf_percent                          0x00000000   Number         0  stubs.o ABSOLUTE
    _printf_pre_padding                      0x00000000   Number         0  stubs.o ABSOLUTE
    _printf_return_value                     0x00000000   Number         0  stubs.o ABSOLUTE
    _printf_s                                0x00000000   Number         0  stubs.o ABSOLUTE
    _printf_sizespec                         0x00000000   Number         0  stubs.o ABSOLUTE
    _printf_str                              0x00000000   Number         0  stubs.o ABSOLUTE
    _printf_truncate_signed                  0x00000000   Number         0  stubs.o ABSOLUTE
    _printf_truncate_unsigned                0x00000000   Number         0  stubs.o ABSOLUTE
    _printf_u                                0x00000000   Number         0  stubs.o ABSOLUTE
    _printf_wc                               0x00000000   Number         0  stubs.o ABSOLUTE
    _printf_wctomb                           0x00000000   Number         0  stubs.o ABSOLUTE
    _printf_widthprec                        0x00000000   Number         0  stubs.o ABSOLUTE
    _printf_x                                0x00000000   Number         0  stubs.o ABSOLUTE
    __cpp_initialize__aeabi_                  - Undefined Weak Reference
    __cxa_finalize                            - Undefined Weak Reference
    __decompress                              - Undefined Weak Reference
    _clock_init                               - Undefined Weak Reference
    _microlib_exit                            - Undefined Weak Reference
    __Vectors_Size                           0x000001d8   Number         0  startup_stm32g431xx.o ABSOLUTE
    __Vectors                                0x08000000   Data           4  startup_stm32g431xx.o(RESET)
    __Vectors_End                            0x080001d8   Data           0  startup_stm32g431xx.o(RESET)
    __main                                   0x080001d9   Thumb Code     0  entry.o(.ARM.Collect$$$$00000000)
    _main_stk                                0x080001d9   Thumb Code     0  entry2.o(.ARM.Collect$$$$00000001)
    _main_scatterload                        0x080001dd   Thumb Code     0  entry5.o(.ARM.Collect$$$$00000004)
    __main_after_scatterload                 0x080001e1   Thumb Code     0  entry5.o(.ARM.Collect$$$$00000004)
    _main_clock                              0x080001e1   Thumb Code     0  entry7b.o(.ARM.Collect$$$$00000008)
    _main_cpp_init                           0x080001e1   Thumb Code     0  entry8b.o(.ARM.Collect$$$$0000000A)
    _main_init                               0x080001e1   Thumb Code     0  entry9a.o(.ARM.Collect$$$$0000000B)
    __rt_final_cpp                           0x080001e9   Thumb Code     0  entry10a.o(.ARM.Collect$$$$0000000D)
    __rt_final_exit                          0x080001e9   Thumb Code     0  entry11a.o(.ARM.Collect$$$$0000000F)
    Reset_Handler                            0x080001ed   Thumb Code     8  startup_stm32g431xx.o(.text)
    COMP1_2_3_IRQHandler                     0x08000207   Thumb Code     0  startup_stm32g431xx.o(.text)
    COMP4_IRQHandler                         0x08000207   Thumb Code     0  startup_stm32g431xx.o(.text)
    CORDIC_IRQHandler                        0x08000207   Thumb Code     0  startup_stm32g431xx.o(.text)
    CRS_IRQHandler                           0x08000207   Thumb Code     0  startup_stm32g431xx.o(.text)
    DMA1_Channel4_IRQHandler                 0x08000207   Thumb Code     0  startup_stm32g431xx.o(.text)
    DMA1_Channel5_IRQHandler                 0x08000207   Thumb Code     0  startup_stm32g431xx.o(.text)
    DMA1_Channel6_IRQHandler                 0x08000207   Thumb Code     0  startup_stm32g431xx.o(.text)
    DMA2_Channel1_IRQHandler                 0x08000207   Thumb Code     0  startup_stm32g431xx.o(.text)
    DMA2_Channel2_IRQHandler                 0x08000207   Thumb Code     0  startup_stm32g431xx.o(.text)
    DMA2_Channel3_IRQHandler                 0x08000207   Thumb Code     0  startup_stm32g431xx.o(.text)
    DMA2_Channel4_IRQHandler                 0x08000207   Thumb Code     0  startup_stm32g431xx.o(.text)
    DMA2_Channel5_IRQHandler                 0x08000207   Thumb Code     0  startup_stm32g431xx.o(.text)
    DMA2_Channel6_IRQHandler                 0x08000207   Thumb Code     0  startup_stm32g431xx.o(.text)
    DMAMUX_OVR_IRQHandler                    0x08000207   Thumb Code     0  startup_stm32g431xx.o(.text)
    EXTI0_IRQHandler                         0x08000207   Thumb Code     0  startup_stm32g431xx.o(.text)
    EXTI15_10_IRQHandler                     0x08000207   Thumb Code     0  startup_stm32g431xx.o(.text)
    EXTI1_IRQHandler                         0x08000207   Thumb Code     0  startup_stm32g431xx.o(.text)
    EXTI2_IRQHandler                         0x08000207   Thumb Code     0  startup_stm32g431xx.o(.text)
    EXTI3_IRQHandler                         0x08000207   Thumb Code     0  startup_stm32g431xx.o(.text)
    EXTI4_IRQHandler                         0x08000207   Thumb Code     0  startup_stm32g431xx.o(.text)
    EXTI9_5_IRQHandler                       0x08000207   Thumb Code     0  startup_stm32g431xx.o(.text)
    FDCAN1_IT0_IRQHandler                    0x08000207   Thumb Code     0  startup_stm32g431xx.o(.text)
    FDCAN1_IT1_IRQHandler                    0x08000207   Thumb Code     0  startup_stm32g431xx.o(.text)
    FLASH_IRQHandler                         0x08000207   Thumb Code     0  startup_stm32g431xx.o(.text)
    FMAC_IRQHandler                          0x08000207   Thumb Code     0  startup_stm32g431xx.o(.text)
    FPU_IRQHandler                           0x08000207   Thumb Code     0  startup_stm32g431xx.o(.text)
    I2C1_ER_IRQHandler                       0x08000207   Thumb Code     0  startup_stm32g431xx.o(.text)
    I2C1_EV_IRQHandler                       0x08000207   Thumb Code     0  startup_stm32g431xx.o(.text)
    I2C2_ER_IRQHandler                       0x08000207   Thumb Code     0  startup_stm32g431xx.o(.text)
    I2C2_EV_IRQHandler                       0x08000207   Thumb Code     0  startup_stm32g431xx.o(.text)
    I2C3_ER_IRQHandler                       0x08000207   Thumb Code     0  startup_stm32g431xx.o(.text)
    I2C3_EV_IRQHandler                       0x08000207   Thumb Code     0  startup_stm32g431xx.o(.text)
    LPTIM1_IRQHandler                        0x08000207   Thumb Code     0  startup_stm32g431xx.o(.text)
    LPUART1_IRQHandler                       0x08000207   Thumb Code     0  startup_stm32g431xx.o(.text)
    PVD_PVM_IRQHandler                       0x08000207   Thumb Code     0  startup_stm32g431xx.o(.text)
    RCC_IRQHandler                           0x08000207   Thumb Code     0  startup_stm32g431xx.o(.text)
    RNG_IRQHandler                           0x08000207   Thumb Code     0  startup_stm32g431xx.o(.text)
    RTC_Alarm_IRQHandler                     0x08000207   Thumb Code     0  startup_stm32g431xx.o(.text)
    RTC_TAMP_LSECSS_IRQHandler               0x08000207   Thumb Code     0  startup_stm32g431xx.o(.text)
    RTC_WKUP_IRQHandler                      0x08000207   Thumb Code     0  startup_stm32g431xx.o(.text)
    SAI1_IRQHandler                          0x08000207   Thumb Code     0  startup_stm32g431xx.o(.text)
    SPI1_IRQHandler                          0x08000207   Thumb Code     0  startup_stm32g431xx.o(.text)
    SPI2_IRQHandler                          0x08000207   Thumb Code     0  startup_stm32g431xx.o(.text)
    SPI3_IRQHandler                          0x08000207   Thumb Code     0  startup_stm32g431xx.o(.text)
    TIM1_BRK_TIM15_IRQHandler                0x08000207   Thumb Code     0  startup_stm32g431xx.o(.text)
    TIM1_CC_IRQHandler                       0x08000207   Thumb Code     0  startup_stm32g431xx.o(.text)
    TIM1_TRG_COM_TIM17_IRQHandler            0x08000207   Thumb Code     0  startup_stm32g431xx.o(.text)
    TIM1_UP_TIM16_IRQHandler                 0x08000207   Thumb Code     0  startup_stm32g431xx.o(.text)
    TIM2_IRQHandler                          0x08000207   Thumb Code     0  startup_stm32g431xx.o(.text)
    TIM3_IRQHandler                          0x08000207   Thumb Code     0  startup_stm32g431xx.o(.text)
    TIM4_IRQHandler                          0x08000207   Thumb Code     0  startup_stm32g431xx.o(.text)
    TIM6_DAC_IRQHandler                      0x08000207   Thumb Code     0  startup_stm32g431xx.o(.text)
    TIM7_IRQHandler                          0x08000207   Thumb Code     0  startup_stm32g431xx.o(.text)
    TIM8_BRK_IRQHandler                      0x08000207   Thumb Code     0  startup_stm32g431xx.o(.text)
    TIM8_CC_IRQHandler                       0x08000207   Thumb Code     0  startup_stm32g431xx.o(.text)
    TIM8_TRG_COM_IRQHandler                  0x08000207   Thumb Code     0  startup_stm32g431xx.o(.text)
    TIM8_UP_IRQHandler                       0x08000207   Thumb Code     0  startup_stm32g431xx.o(.text)
    UART4_IRQHandler                         0x08000207   Thumb Code     0  startup_stm32g431xx.o(.text)
    UCPD1_IRQHandler                         0x08000207   Thumb Code     0  startup_stm32g431xx.o(.text)
    USART2_IRQHandler                        0x08000207   Thumb Code     0  startup_stm32g431xx.o(.text)
    USART3_IRQHandler                        0x08000207   Thumb Code     0  startup_stm32g431xx.o(.text)
    USBWakeUp_IRQHandler                     0x08000207   Thumb Code     0  startup_stm32g431xx.o(.text)
    USB_HP_IRQHandler                        0x08000207   Thumb Code     0  startup_stm32g431xx.o(.text)
    USB_LP_IRQHandler                        0x08000207   Thumb Code     0  startup_stm32g431xx.o(.text)
    WWDG_IRQHandler                          0x08000207   Thumb Code     0  startup_stm32g431xx.o(.text)
    __aeabi_uldivmod                         0x08000211   Thumb Code    98  uldiv.o(.text)
    __aeabi_memset                           0x08000273   Thumb Code    14  memseta.o(.text)
    __aeabi_memset4                          0x08000273   Thumb Code     0  memseta.o(.text)
    __aeabi_memset8                          0x08000273   Thumb Code     0  memseta.o(.text)
    __aeabi_memclr                           0x08000281   Thumb Code     4  memseta.o(.text)
    __aeabi_memclr4                          0x08000281   Thumb Code     0  memseta.o(.text)
    __aeabi_memclr8                          0x08000281   Thumb Code     0  memseta.o(.text)
    _memset$wrapper                          0x08000285   Thumb Code    18  memseta.o(.text)
    __aeabi_llsl                             0x08000297   Thumb Code    30  llshl.o(.text)
    _ll_shift_l                              0x08000297   Thumb Code     0  llshl.o(.text)
    __aeabi_llsr                             0x080002b5   Thumb Code    32  llushr.o(.text)
    _ll_ushift_r                             0x080002b5   Thumb Code     0  llushr.o(.text)
    __scatterload                            0x080002d5   Thumb Code    28  init.o(.text)
    __scatterload_rt2                        0x080002d5   Thumb Code     0  init.o(.text)
    ADC1_2_IRQHandler                        0x080002f9   Thumb Code    16  stm32g4xx_it.o(i.ADC1_2_IRQHandler)
    BusFault_Handler                         0x08000311   Thumb Code     4  stm32g4xx_it.o(i.BusFault_Handler)
    DMA1_Channel1_IRQHandler                 0x08000315   Thumb Code    10  stm32g4xx_it.o(i.DMA1_Channel1_IRQHandler)
    DMA1_Channel2_IRQHandler                 0x08000325   Thumb Code    10  stm32g4xx_it.o(i.DMA1_Channel2_IRQHandler)
    DMA1_Channel3_IRQHandler                 0x08000335   Thumb Code    10  stm32g4xx_it.o(i.DMA1_Channel3_IRQHandler)
    DebugMon_Handler                         0x080003ad   Thumb Code     2  stm32g4xx_it.o(i.DebugMon_Handler)
    Error_Handler                            0x080003af   Thumb Code     6  main.o(i.Error_Handler)
    HAL_ADCEx_EndOfSamplingCallback          0x080003b5   Thumb Code     2  stm32g4xx_hal_adc_ex.o(i.HAL_ADCEx_EndOfSamplingCallback)
    HAL_ADCEx_InjectedConvCpltCallback       0x080003b7   Thumb Code     2  stm32g4xx_hal_adc_ex.o(i.HAL_ADCEx_InjectedConvCpltCallback)
    HAL_ADCEx_InjectedQueueOverflowCallback  0x080003b9   Thumb Code     2  stm32g4xx_hal_adc_ex.o(i.HAL_ADCEx_InjectedQueueOverflowCallback)
    HAL_ADCEx_LevelOutOfWindow2Callback      0x080003bb   Thumb Code     2  stm32g4xx_hal_adc_ex.o(i.HAL_ADCEx_LevelOutOfWindow2Callback)
    HAL_ADCEx_LevelOutOfWindow3Callback      0x080003bd   Thumb Code     2  stm32g4xx_hal_adc_ex.o(i.HAL_ADCEx_LevelOutOfWindow3Callback)
    HAL_ADCEx_MultiModeConfigChannel         0x080003c1   Thumb Code   260  stm32g4xx_hal_adc_ex.o(i.HAL_ADCEx_MultiModeConfigChannel)
    HAL_ADC_ConfigChannel                    0x080004cd   Thumb Code  1252  stm32g4xx_hal_adc.o(i.HAL_ADC_ConfigChannel)
    HAL_ADC_ConvCpltCallback                 0x080009d5   Thumb Code     2  stm32g4xx_hal_adc.o(i.HAL_ADC_ConvCpltCallback)
    HAL_ADC_ErrorCallback                    0x080009d7   Thumb Code     2  stm32g4xx_hal_adc.o(i.HAL_ADC_ErrorCallback)
    HAL_ADC_IRQHandler                       0x080009d9   Thumb Code   808  stm32g4xx_hal_adc.o(i.HAL_ADC_IRQHandler)
    HAL_ADC_Init                             0x08000d09   Thumb Code   586  stm32g4xx_hal_adc.o(i.HAL_ADC_Init)
    HAL_ADC_LevelOutOfWindowCallback         0x08000f71   Thumb Code     2  stm32g4xx_hal_adc.o(i.HAL_ADC_LevelOutOfWindowCallback)
    HAL_ADC_MspInit                          0x08000f75   Thumb Code   426  adc.o(i.HAL_ADC_MspInit)
    HAL_DMA_Abort                            0x0800113d   Thumb Code   118  stm32g4xx_hal_dma.o(i.HAL_DMA_Abort)
    HAL_DMA_Abort_IT                         0x080011b3   Thumb Code   148  stm32g4xx_hal_dma.o(i.HAL_DMA_Abort_IT)
    HAL_DMA_IRQHandler                       0x08001247   Thumb Code   254  stm32g4xx_hal_dma.o(i.HAL_DMA_IRQHandler)
    HAL_DMA_Init                             0x08001345   Thumb Code   200  stm32g4xx_hal_dma.o(i.HAL_DMA_Init)
    HAL_GPIO_Init                            0x08001415   Thumb Code   438  stm32g4xx_hal_gpio.o(i.HAL_GPIO_Init)
    HAL_GPIO_WritePin                        0x080015ed   Thumb Code    10  stm32g4xx_hal_gpio.o(i.HAL_GPIO_WritePin)
    HAL_GetTick                              0x080015f9   Thumb Code     6  stm32g4xx_hal.o(i.HAL_GetTick)
    HAL_IncTick                              0x08001605   Thumb Code    16  stm32g4xx_hal.o(i.HAL_IncTick)
    HAL_Init                                 0x0800161d   Thumb Code    30  stm32g4xx_hal.o(i.HAL_Init)
    HAL_InitTick                             0x0800163d   Thumb Code    74  stm32g4xx_hal.o(i.HAL_InitTick)
    HAL_MspInit                              0x08001695   Thumb Code    62  stm32g4xx_hal_msp.o(i.HAL_MspInit)
    HAL_NVIC_EnableIRQ                       0x080016d9   Thumb Code    40  stm32g4xx_hal_cortex.o(i.HAL_NVIC_EnableIRQ)
    HAL_NVIC_SetPriority                     0x08001701   Thumb Code   122  stm32g4xx_hal_cortex.o(i.HAL_NVIC_SetPriority)
    HAL_NVIC_SetPriorityGrouping             0x0800177d   Thumb Code    32  stm32g4xx_hal_cortex.o(i.HAL_NVIC_SetPriorityGrouping)
    HAL_PWREx_ControlVoltageScaling          0x080017a5   Thumb Code   268  stm32g4xx_hal_pwr_ex.o(i.HAL_PWREx_ControlVoltageScaling)
    HAL_PWREx_DisableUCPDDeadBattery         0x080018bd   Thumb Code    14  stm32g4xx_hal_pwr_ex.o(i.HAL_PWREx_DisableUCPDDeadBattery)
    HAL_RCCEx_PeriphCLKConfig                0x080018d1   Thumb Code   872  stm32g4xx_hal_rcc_ex.o(i.HAL_RCCEx_PeriphCLKConfig)
    HAL_RCC_ClockConfig                      0x08001c41   Thumb Code   522  stm32g4xx_hal_rcc.o(i.HAL_RCC_ClockConfig)
    HAL_RCC_GetHCLKFreq                      0x08001e65   Thumb Code     6  stm32g4xx_hal_rcc.o(i.HAL_RCC_GetHCLKFreq)
    HAL_RCC_GetPCLK1Freq                     0x08001e71   Thumb Code    26  stm32g4xx_hal_rcc.o(i.HAL_RCC_GetPCLK1Freq)
    HAL_RCC_GetPCLK2Freq                     0x08001e95   Thumb Code    26  stm32g4xx_hal_rcc.o(i.HAL_RCC_GetPCLK2Freq)
    HAL_RCC_GetSysClockFreq                  0x08001eb9   Thumb Code   138  stm32g4xx_hal_rcc.o(i.HAL_RCC_GetSysClockFreq)
    HAL_RCC_OscConfig                        0x08001f51   Thumb Code  1370  stm32g4xx_hal_rcc.o(i.HAL_RCC_OscConfig)
    HAL_RTC_Init                             0x080024b9   Thumb Code   172  stm32g4xx_hal_rtc.o(i.HAL_RTC_Init)
    HAL_RTC_MspInit                          0x0800256d   Thumb Code    92  rtc.o(i.HAL_RTC_MspInit)
    HAL_RTC_SetDate                          0x080025d1   Thumb Code   198  stm32g4xx_hal_rtc.o(i.HAL_RTC_SetDate)
    HAL_RTC_SetTime                          0x080026a1   Thumb Code   256  stm32g4xx_hal_rtc.o(i.HAL_RTC_SetTime)
    HAL_RTC_WaitForSynchro                   0x080027a9   Thumb Code    56  stm32g4xx_hal_rtc.o(i.HAL_RTC_WaitForSynchro)
    HAL_SYSTICK_Config                       0x080027e5   Thumb Code    52  stm32g4xx_hal_cortex.o(i.HAL_SYSTICK_Config)
    HAL_UARTEx_DisableFifoMode               0x08002819   Thumb Code    78  stm32g4xx_hal_uart_ex.o(i.HAL_UARTEx_DisableFifoMode)
    HAL_UARTEx_RxEventCallback               0x08002869   Thumb Code    34  uart_app.o(i.HAL_UARTEx_RxEventCallback)
    HAL_UARTEx_RxFifoFullCallback            0x08002895   Thumb Code     2  stm32g4xx_hal_uart_ex.o(i.HAL_UARTEx_RxFifoFullCallback)
    HAL_UARTEx_SetRxFifoThreshold            0x08002897   Thumb Code    94  stm32g4xx_hal_uart_ex.o(i.HAL_UARTEx_SetRxFifoThreshold)
    HAL_UARTEx_SetTxFifoThreshold            0x080028f5   Thumb Code    94  stm32g4xx_hal_uart_ex.o(i.HAL_UARTEx_SetTxFifoThreshold)
    HAL_UARTEx_TxFifoEmptyCallback           0x08002953   Thumb Code     2  stm32g4xx_hal_uart_ex.o(i.HAL_UARTEx_TxFifoEmptyCallback)
    HAL_UARTEx_WakeupCallback                0x08002955   Thumb Code     2  stm32g4xx_hal_uart_ex.o(i.HAL_UARTEx_WakeupCallback)
    HAL_UART_ErrorCallback                   0x08002957   Thumb Code     2  stm32g4xx_hal_uart.o(i.HAL_UART_ErrorCallback)
    HAL_UART_IRQHandler                      0x08002959   Thumb Code   762  stm32g4xx_hal_uart.o(i.HAL_UART_IRQHandler)
    HAL_UART_Init                            0x08002c61   Thumb Code   120  stm32g4xx_hal_uart.o(i.HAL_UART_Init)
    HAL_UART_MspInit                         0x08002cd9   Thumb Code   210  usart.o(i.HAL_UART_MspInit)
    HAL_UART_TxCpltCallback                  0x08002dbd   Thumb Code     2  stm32g4xx_hal_uart.o(i.HAL_UART_TxCpltCallback)
    HardFault_Handler                        0x08002dbf   Thumb Code     4  stm32g4xx_it.o(i.HardFault_Handler)
    MX_ADC1_Init                             0x08002e85   Thumb Code   154  adc.o(i.MX_ADC1_Init)
    MX_ADC2_Init                             0x08002f29   Thumb Code   120  adc.o(i.MX_ADC2_Init)
    MX_DMA_Init                              0x08002fad   Thumb Code   106  dma.o(i.MX_DMA_Init)
    MX_GPIO_Init                             0x0800301d   Thumb Code   416  gpio.o(i.MX_GPIO_Init)
    MX_RTC_Init                              0x080031cd   Thumb Code   146  rtc.o(i.MX_RTC_Init)
    MX_USART1_UART_Init                      0x08003269   Thumb Code    98  usart.o(i.MX_USART1_UART_Init)
    MemManage_Handler                        0x080032d5   Thumb Code     4  stm32g4xx_it.o(i.MemManage_Handler)
    NMI_Handler                              0x080032d9   Thumb Code     4  stm32g4xx_it.o(i.NMI_Handler)
    PendSV_Handler                           0x080032dd   Thumb Code     2  stm32g4xx_it.o(i.PendSV_Handler)
    RTC_ByteToBcd2                           0x08003349   Thumb Code    28  stm32g4xx_hal_rtc.o(i.RTC_ByteToBcd2)
    RTC_EnterInitMode                        0x08003365   Thumb Code    74  stm32g4xx_hal_rtc.o(i.RTC_EnterInitMode)
    RTC_ExitInitMode                         0x080033b5   Thumb Code   100  stm32g4xx_hal_rtc.o(i.RTC_ExitInitMode)
    SVC_Handler                              0x0800341d   Thumb Code     2  stm32g4xx_it.o(i.SVC_Handler)
    SysTick_Handler                          0x0800341f   Thumb Code     8  stm32g4xx_it.o(i.SysTick_Handler)
    SystemClock_Config                       0x08003427   Thumb Code   106  main.o(i.SystemClock_Config)
    SystemInit                               0x08003491   Thumb Code    14  system_stm32g4xx.o(i.SystemInit)
    UART_AdvFeatureConfig                    0x080034fd   Thumb Code   248  stm32g4xx_hal_uart.o(i.UART_AdvFeatureConfig)
    UART_CheckIdleState                      0x080035f5   Thumb Code   118  stm32g4xx_hal_uart.o(i.UART_CheckIdleState)
    UART_SetConfig                           0x080036e5   Thumb Code   866  stm32g4xx_hal_uart.o(i.UART_SetConfig)
    UART_WaitOnFlagUntilTimeout              0x08003a71   Thumb Code   190  stm32g4xx_hal_uart.o(i.UART_WaitOnFlagUntilTimeout)
    USART1_IRQHandler                        0x08003b31   Thumb Code    10  stm32g4xx_it.o(i.USART1_IRQHandler)
    UsageFault_Handler                       0x08003b41   Thumb Code     4  stm32g4xx_it.o(i.UsageFault_Handler)
    __scatterload_copy                       0x08003b7d   Thumb Code    14  handlers.o(i.__scatterload_copy)
    __scatterload_null                       0x08003b8b   Thumb Code     2  handlers.o(i.__scatterload_null)
    __scatterload_zeroinit                   0x08003b8d   Thumb Code    14  handlers.o(i.__scatterload_zeroinit)
    main                                     0x08003b9b   Thumb Code    36  main.o(i.main)
    ringbuffer_is_full                       0x08003bbf   Thumb Code    16  ringbuffer.o(i.ringbuffer_is_full)
    ringbuffer_write                         0x08003bcf   Thumb Code    68  ringbuffer.o(i.ringbuffer_write)
    UARTPrescTable                           0x08003c12   Data          24  stm32g4xx_hal_uart.o(.constdata)
    AHBPrescTable                            0x08003c3a   Data          16  system_stm32g4xx.o(.constdata)
    APBPrescTable                            0x08003c4a   Data           8  system_stm32g4xx.o(.constdata)
    Region$$Table$$Base                      0x08003c54   Number         0  anon$$obj.o(Region$$Table)
    Region$$Table$$Limit                     0x08003c74   Number         0  anon$$obj.o(Region$$Table)
    uwTick                                   0x20000004   Data           4  stm32g4xx_hal.o(.data)
    uwTickPrio                               0x20000008   Data           4  stm32g4xx_hal.o(.data)
    uwTickFreq                               0x2000000c   Data           4  stm32g4xx_hal.o(.data)
    SystemCoreClock                          0x20000010   Data           4  system_stm32g4xx.o(.data)
    hadc1                                    0x20000014   Data         108  adc.o(.bss)
    hadc2                                    0x20000080   Data         108  adc.o(.bss)
    hdma_adc1                                0x200000ec   Data          96  adc.o(.bss)
    hdma_adc2                                0x2000014c   Data          96  adc.o(.bss)
    hrtc                                     0x200001ac   Data          40  rtc.o(.bss)
    uart_rx_dma_buffer                       0x200001d4   Data         128  usart.o(.bss)
    huart1                                   0x20000254   Data         144  usart.o(.bss)
    hdma_usart1_rx                           0x200002e4   Data          96  usart.o(.bss)
    usart_rb                                 0x20000344   Data          44  uart_app.o(.bss)
    usart_read_buffer                        0x20000370   Data          64  uart_app.o(.bss)
    __initial_sp                             0x200007b0   Data           0  startup_stm32g431xx.o(STACK)



==============================================================================

Memory Map of the image

  Image Entry point : 0x080001d9

  Load Region LR_IROM1 (Base: 0x08000000, Size: 0x00003c88, Max: 0x0001c000, ABSOLUTE)

    Execution Region ER_IROM1 (Exec base: 0x08000000, Load base: 0x08000000, Size: 0x00003c74, Max: 0x0001c000, ABSOLUTE)

    Exec Addr    Load Addr    Size         Type   Attr      Idx    E Section Name        Object

    0x08000000   0x08000000   0x000001d8   Data   RO            3    RESET               startup_stm32g431xx.o
    0x080001d8   0x080001d8   0x00000000   Code   RO         4428  * .ARM.Collect$$$$00000000  mc_w.l(entry.o)
    0x080001d8   0x080001d8   0x00000004   Code   RO         4730    .ARM.Collect$$$$00000001  mc_w.l(entry2.o)
    0x080001dc   0x080001dc   0x00000004   Code   RO         4733    .ARM.Collect$$$$00000004  mc_w.l(entry5.o)
    0x080001e0   0x080001e0   0x00000000   Code   RO         4735    .ARM.Collect$$$$00000008  mc_w.l(entry7b.o)
    0x080001e0   0x080001e0   0x00000000   Code   RO         4737    .ARM.Collect$$$$0000000A  mc_w.l(entry8b.o)
    0x080001e0   0x080001e0   0x00000008   Code   RO         4738    .ARM.Collect$$$$0000000B  mc_w.l(entry9a.o)
    0x080001e8   0x080001e8   0x00000000   Code   RO         4740    .ARM.Collect$$$$0000000D  mc_w.l(entry10a.o)
    0x080001e8   0x080001e8   0x00000000   Code   RO         4742    .ARM.Collect$$$$0000000F  mc_w.l(entry11a.o)
    0x080001e8   0x080001e8   0x00000004   Code   RO         4731    .ARM.Collect$$$$00002712  mc_w.l(entry2.o)
    0x080001ec   0x080001ec   0x00000024   Code   RO            4    .text               startup_stm32g431xx.o
    0x08000210   0x08000210   0x00000062   Code   RO         4431    .text               mc_w.l(uldiv.o)
    0x08000272   0x08000272   0x00000024   Code   RO         4437    .text               mc_w.l(memseta.o)
    0x08000296   0x08000296   0x0000001e   Code   RO         4749    .text               mc_w.l(llshl.o)
    0x080002b4   0x080002b4   0x00000020   Code   RO         4751    .text               mc_w.l(llushr.o)
    0x080002d4   0x080002d4   0x00000024   Code   RO         4766    .text               mc_w.l(init.o)
    0x080002f8   0x080002f8   0x00000018   Code   RO          359    i.ADC1_2_IRQHandler  stm32g4xx_it.o
    0x08000310   0x08000310   0x00000004   Code   RO          360    i.BusFault_Handler  stm32g4xx_it.o
    0x08000314   0x08000314   0x00000010   Code   RO          361    i.DMA1_Channel1_IRQHandler  stm32g4xx_it.o
    0x08000324   0x08000324   0x00000010   Code   RO          362    i.DMA1_Channel2_IRQHandler  stm32g4xx_it.o
    0x08000334   0x08000334   0x00000010   Code   RO          363    i.DMA1_Channel3_IRQHandler  stm32g4xx_it.o
    0x08000344   0x08000344   0x00000044   Code   RO         1894    i.DMA_CalcDMAMUXChannelBaseAndMask  stm32g4xx_hal_dma.o
    0x08000388   0x08000388   0x00000024   Code   RO         1895    i.DMA_CalcDMAMUXRequestGenBaseAndMask  stm32g4xx_hal_dma.o
    0x080003ac   0x080003ac   0x00000002   Code   RO          364    i.DebugMon_Handler  stm32g4xx_it.o
    0x080003ae   0x080003ae   0x00000006   Code   RO           13    i.Error_Handler     main.o
    0x080003b4   0x080003b4   0x00000002   Code   RO          771    i.HAL_ADCEx_EndOfSamplingCallback  stm32g4xx_hal_adc_ex.o
    0x080003b6   0x080003b6   0x00000002   Code   RO          774    i.HAL_ADCEx_InjectedConvCpltCallback  stm32g4xx_hal_adc_ex.o
    0x080003b8   0x080003b8   0x00000002   Code   RO          777    i.HAL_ADCEx_InjectedQueueOverflowCallback  stm32g4xx_hal_adc_ex.o
    0x080003ba   0x080003ba   0x00000002   Code   RO          782    i.HAL_ADCEx_LevelOutOfWindow2Callback  stm32g4xx_hal_adc_ex.o
    0x080003bc   0x080003bc   0x00000002   Code   RO          783    i.HAL_ADCEx_LevelOutOfWindow3Callback  stm32g4xx_hal_adc_ex.o
    0x080003be   0x080003be   0x00000002   PAD
    0x080003c0   0x080003c0   0x0000010c   Code   RO          784    i.HAL_ADCEx_MultiModeConfigChannel  stm32g4xx_hal_adc_ex.o
    0x080004cc   0x080004cc   0x00000508   Code   RO          496    i.HAL_ADC_ConfigChannel  stm32g4xx_hal_adc.o
    0x080009d4   0x080009d4   0x00000002   Code   RO          497    i.HAL_ADC_ConvCpltCallback  stm32g4xx_hal_adc.o
    0x080009d6   0x080009d6   0x00000002   Code   RO          500    i.HAL_ADC_ErrorCallback  stm32g4xx_hal_adc.o
    0x080009d8   0x080009d8   0x00000330   Code   RO          504    i.HAL_ADC_IRQHandler  stm32g4xx_hal_adc.o
    0x08000d08   0x08000d08   0x00000268   Code   RO          505    i.HAL_ADC_Init      stm32g4xx_hal_adc.o
    0x08000f70   0x08000f70   0x00000002   Code   RO          506    i.HAL_ADC_LevelOutOfWindowCallback  stm32g4xx_hal_adc.o
    0x08000f72   0x08000f72   0x00000002   PAD
    0x08000f74   0x08000f74   0x000001c8   Code   RO          203    i.HAL_ADC_MspInit   adc.o
    0x0800113c   0x0800113c   0x00000076   Code   RO         1897    i.HAL_DMA_Abort     stm32g4xx_hal_dma.o
    0x080011b2   0x080011b2   0x00000094   Code   RO         1898    i.HAL_DMA_Abort_IT  stm32g4xx_hal_dma.o
    0x08001246   0x08001246   0x000000fe   Code   RO         1902    i.HAL_DMA_IRQHandler  stm32g4xx_hal_dma.o
    0x08001344   0x08001344   0x000000d0   Code   RO         1903    i.HAL_DMA_Init      stm32g4xx_hal_dma.o
    0x08001414   0x08001414   0x000001d8   Code   RO         1759    i.HAL_GPIO_Init     stm32g4xx_hal_gpio.o
    0x080015ec   0x080015ec   0x0000000a   Code   RO         1763    i.HAL_GPIO_WritePin  stm32g4xx_hal_gpio.o
    0x080015f6   0x080015f6   0x00000002   PAD
    0x080015f8   0x080015f8   0x0000000c   Code   RO         1012    i.HAL_GetTick       stm32g4xx_hal.o
    0x08001604   0x08001604   0x00000018   Code   RO         1015    i.HAL_IncTick       stm32g4xx_hal.o
    0x0800161c   0x0800161c   0x0000001e   Code   RO         1016    i.HAL_Init          stm32g4xx_hal.o
    0x0800163a   0x0800163a   0x00000002   PAD
    0x0800163c   0x0800163c   0x00000058   Code   RO         1017    i.HAL_InitTick      stm32g4xx_hal.o
    0x08001694   0x08001694   0x00000044   Code   RO          465    i.HAL_MspInit       stm32g4xx_hal_msp.o
    0x080016d8   0x080016d8   0x00000028   Code   RO         2406    i.HAL_NVIC_EnableIRQ  stm32g4xx_hal_cortex.o
    0x08001700   0x08001700   0x0000007a   Code   RO         2412    i.HAL_NVIC_SetPriority  stm32g4xx_hal_cortex.o
    0x0800177a   0x0800177a   0x00000002   PAD
    0x0800177c   0x0800177c   0x00000028   Code   RO         2413    i.HAL_NVIC_SetPriorityGrouping  stm32g4xx_hal_cortex.o
    0x080017a4   0x080017a4   0x00000118   Code   RO         2162    i.HAL_PWREx_ControlVoltageScaling  stm32g4xx_hal_pwr_ex.o
    0x080018bc   0x080018bc   0x00000014   Code   RO         2174    i.HAL_PWREx_DisableUCPDDeadBattery  stm32g4xx_hal_pwr_ex.o
    0x080018d0   0x080018d0   0x00000370   Code   RO         1366    i.HAL_RCCEx_PeriphCLKConfig  stm32g4xx_hal_rcc_ex.o
    0x08001c40   0x08001c40   0x00000224   Code   RO         1236    i.HAL_RCC_ClockConfig  stm32g4xx_hal_rcc.o
    0x08001e64   0x08001e64   0x0000000c   Code   RO         1242    i.HAL_RCC_GetHCLKFreq  stm32g4xx_hal_rcc.o
    0x08001e70   0x08001e70   0x00000024   Code   RO         1244    i.HAL_RCC_GetPCLK1Freq  stm32g4xx_hal_rcc.o
    0x08001e94   0x08001e94   0x00000024   Code   RO         1245    i.HAL_RCC_GetPCLK2Freq  stm32g4xx_hal_rcc.o
    0x08001eb8   0x08001eb8   0x00000098   Code   RO         1246    i.HAL_RCC_GetSysClockFreq  stm32g4xx_hal_rcc.o
    0x08001f50   0x08001f50   0x00000568   Code   RO         1249    i.HAL_RCC_OscConfig  stm32g4xx_hal_rcc.o
    0x080024b8   0x080024b8   0x000000b4   Code   RO         2554    i.HAL_RTC_Init      stm32g4xx_hal_rtc.o
    0x0800256c   0x0800256c   0x00000064   Code   RO          276    i.HAL_RTC_MspInit   rtc.o
    0x080025d0   0x080025d0   0x000000d0   Code   RO         2560    i.HAL_RTC_SetDate   stm32g4xx_hal_rtc.o
    0x080026a0   0x080026a0   0x00000108   Code   RO         2561    i.HAL_RTC_SetTime   stm32g4xx_hal_rtc.o
    0x080027a8   0x080027a8   0x0000003c   Code   RO         2562    i.HAL_RTC_WaitForSynchro  stm32g4xx_hal_rtc.o
    0x080027e4   0x080027e4   0x00000034   Code   RO         2417    i.HAL_SYSTICK_Config  stm32g4xx_hal_cortex.o
    0x08002818   0x08002818   0x0000004e   Code   RO         3458    i.HAL_UARTEx_DisableFifoMode  stm32g4xx_hal_uart_ex.o
    0x08002866   0x08002866   0x00000002   PAD
    0x08002868   0x08002868   0x0000002c   Code   RO         4395    i.HAL_UARTEx_RxEventCallback  uart_app.o
    0x08002894   0x08002894   0x00000002   Code   RO         3465    i.HAL_UARTEx_RxFifoFullCallback  stm32g4xx_hal_uart_ex.o
    0x08002896   0x08002896   0x0000005e   Code   RO         3466    i.HAL_UARTEx_SetRxFifoThreshold  stm32g4xx_hal_uart_ex.o
    0x080028f4   0x080028f4   0x0000005e   Code   RO         3467    i.HAL_UARTEx_SetTxFifoThreshold  stm32g4xx_hal_uart_ex.o
    0x08002952   0x08002952   0x00000002   Code   RO         3469    i.HAL_UARTEx_TxFifoEmptyCallback  stm32g4xx_hal_uart_ex.o
    0x08002954   0x08002954   0x00000002   Code   RO         3470    i.HAL_UARTEx_WakeupCallback  stm32g4xx_hal_uart_ex.o
    0x08002956   0x08002956   0x00000002   Code   RO         3058    i.HAL_UART_ErrorCallback  stm32g4xx_hal_uart.o
    0x08002958   0x08002958   0x00000308   Code   RO         3061    i.HAL_UART_IRQHandler  stm32g4xx_hal_uart.o
    0x08002c60   0x08002c60   0x00000078   Code   RO         3062    i.HAL_UART_Init     stm32g4xx_hal_uart.o
    0x08002cd8   0x08002cd8   0x000000e4   Code   RO          318    i.HAL_UART_MspInit  usart.o
    0x08002dbc   0x08002dbc   0x00000002   Code   RO         3074    i.HAL_UART_TxCpltCallback  stm32g4xx_hal_uart.o
    0x08002dbe   0x08002dbe   0x00000004   Code   RO          365    i.HardFault_Handler  stm32g4xx_it.o
    0x08002dc2   0x08002dc2   0x0000000a   Code   RO          520    i.LL_ADC_GetMultimode  stm32g4xx_hal_adc.o
    0x08002dcc   0x08002dcc   0x00000012   Code   RO          521    i.LL_ADC_GetOffsetChannel  stm32g4xx_hal_adc.o
    0x08002dde   0x08002dde   0x0000000a   Code   RO          522    i.LL_ADC_INJ_IsConversionOngoing  stm32g4xx_hal_adc.o
    0x08002de8   0x08002de8   0x0000000a   Code   RO          524    i.LL_ADC_IsEnabled  stm32g4xx_hal_adc.o
    0x08002df2   0x08002df2   0x0000000a   Code   RO          796    i.LL_ADC_IsEnabled  stm32g4xx_hal_adc_ex.o
    0x08002dfc   0x08002dfc   0x0000000a   Code   RO          525    i.LL_ADC_IsInternalRegulatorEnabled  stm32g4xx_hal_adc.o
    0x08002e06   0x08002e06   0x0000000a   Code   RO          526    i.LL_ADC_REG_IsConversionOngoing  stm32g4xx_hal_adc.o
    0x08002e10   0x08002e10   0x0000000a   Code   RO          797    i.LL_ADC_REG_IsConversionOngoing  stm32g4xx_hal_adc_ex.o
    0x08002e1a   0x08002e1a   0x00000012   Code   RO          527    i.LL_ADC_REG_IsTriggerSourceSWStart  stm32g4xx_hal_adc.o
    0x08002e2c   0x08002e2c   0x00000028   Code   RO          530    i.LL_ADC_SetChannelSamplingTime  stm32g4xx_hal_adc.o
    0x08002e54   0x08002e54   0x0000000c   Code   RO          531    i.LL_ADC_SetCommonPathInternalCh  stm32g4xx_hal_adc.o
    0x08002e60   0x08002e60   0x00000016   Code   RO          532    i.LL_ADC_SetOffsetState  stm32g4xx_hal_adc.o
    0x08002e76   0x08002e76   0x0000000c   Code   RO          533    i.LL_ADC_SetSamplingTimeCommonConfig  stm32g4xx_hal_adc.o
    0x08002e82   0x08002e82   0x00000002   PAD
    0x08002e84   0x08002e84   0x000000a4   Code   RO          204    i.MX_ADC1_Init      adc.o
    0x08002f28   0x08002f28   0x00000084   Code   RO          205    i.MX_ADC2_Init      adc.o
    0x08002fac   0x08002fac   0x00000070   Code   RO          251    i.MX_DMA_Init       dma.o
    0x0800301c   0x0800301c   0x000001b0   Code   RO          178    i.MX_GPIO_Init      gpio.o
    0x080031cc   0x080031cc   0x0000009c   Code   RO          277    i.MX_RTC_Init       rtc.o
    0x08003268   0x08003268   0x0000006c   Code   RO          319    i.MX_USART1_UART_Init  usart.o
    0x080032d4   0x080032d4   0x00000004   Code   RO          366    i.MemManage_Handler  stm32g4xx_it.o
    0x080032d8   0x080032d8   0x00000004   Code   RO          367    i.NMI_Handler       stm32g4xx_it.o
    0x080032dc   0x080032dc   0x00000002   Code   RO          368    i.PendSV_Handler    stm32g4xx_it.o
    0x080032de   0x080032de   0x00000002   PAD
    0x080032e0   0x080032e0   0x00000068   Code   RO         1250    i.RCC_GetSysClockFreqFromPLLSource  stm32g4xx_hal_rcc.o
    0x08003348   0x08003348   0x0000001c   Code   RO         2564    i.RTC_ByteToBcd2    stm32g4xx_hal_rtc.o
    0x08003364   0x08003364   0x00000050   Code   RO         2565    i.RTC_EnterInitMode  stm32g4xx_hal_rtc.o
    0x080033b4   0x080033b4   0x00000068   Code   RO         2566    i.RTC_ExitInitMode  stm32g4xx_hal_rtc.o
    0x0800341c   0x0800341c   0x00000002   Code   RO          369    i.SVC_Handler       stm32g4xx_it.o
    0x0800341e   0x0800341e   0x00000008   Code   RO          370    i.SysTick_Handler   stm32g4xx_it.o
    0x08003426   0x08003426   0x0000006a   Code   RO           14    i.SystemClock_Config  main.o
    0x08003490   0x08003490   0x00000014   Code   RO         3576    i.SystemInit        system_stm32g4xx.o
    0x080034a4   0x080034a4   0x00000058   Code   RO         3471    i.UARTEx_SetNbDataToProcess  stm32g4xx_hal_uart_ex.o
    0x080034fc   0x080034fc   0x000000f8   Code   RO         3076    i.UART_AdvFeatureConfig  stm32g4xx_hal_uart.o
    0x080035f4   0x080035f4   0x00000076   Code   RO         3077    i.UART_CheckIdleState  stm32g4xx_hal_uart.o
    0x0800366a   0x0800366a   0x00000018   Code   RO         3078    i.UART_DMAAbortOnError  stm32g4xx_hal_uart.o
    0x08003682   0x08003682   0x00000002   PAD
    0x08003684   0x08003684   0x0000003c   Code   RO         3088    i.UART_EndRxTransfer  stm32g4xx_hal_uart.o
    0x080036c0   0x080036c0   0x00000022   Code   RO         3089    i.UART_EndTransmit_IT  stm32g4xx_hal_uart.o
    0x080036e2   0x080036e2   0x00000002   PAD
    0x080036e4   0x080036e4   0x0000038c   Code   RO         3095    i.UART_SetConfig    stm32g4xx_hal_uart.o
    0x08003a70   0x08003a70   0x000000be   Code   RO         3102    i.UART_WaitOnFlagUntilTimeout  stm32g4xx_hal_uart.o
    0x08003b2e   0x08003b2e   0x00000002   PAD
    0x08003b30   0x08003b30   0x00000010   Code   RO          371    i.USART1_IRQHandler  stm32g4xx_it.o
    0x08003b40   0x08003b40   0x00000004   Code   RO          372    i.UsageFault_Handler  stm32g4xx_it.o
    0x08003b44   0x08003b44   0x00000010   Code   RO         2419    i.__NVIC_GetPriorityGrouping  stm32g4xx_hal_cortex.o
    0x08003b54   0x08003b54   0x00000028   Code   RO         2420    i.__NVIC_SetPriority  stm32g4xx_hal_cortex.o
    0x08003b7c   0x08003b7c   0x0000000e   Code   RO         4776    i.__scatterload_copy  mc_w.l(handlers.o)
    0x08003b8a   0x08003b8a   0x00000002   Code   RO         4777    i.__scatterload_null  mc_w.l(handlers.o)
    0x08003b8c   0x08003b8c   0x0000000e   Code   RO         4778    i.__scatterload_zeroinit  mc_w.l(handlers.o)
    0x08003b9a   0x08003b9a   0x00000024   Code   RO           15    i.main              main.o
    0x08003bbe   0x08003bbe   0x00000010   Code   RO         4281    i.ringbuffer_is_full  ringbuffer.o
    0x08003bce   0x08003bce   0x00000044   Code   RO         4283    i.ringbuffer_write  ringbuffer.o
    0x08003c12   0x08003c12   0x00000018   Data   RO         3103    .constdata          stm32g4xx_hal_uart.o
    0x08003c2a   0x08003c2a   0x00000010   Data   RO         3473    .constdata          stm32g4xx_hal_uart_ex.o
    0x08003c3a   0x08003c3a   0x00000018   Data   RO         3577    .constdata          system_stm32g4xx.o
    0x08003c52   0x08003c52   0x00000002   PAD
    0x08003c54   0x08003c54   0x00000020   Data   RO         4774    Region$$Table       anon$$obj.o


    Execution Region RW_IRAM1 (Exec base: 0x20000000, Load base: 0x08003c74, Size: 0x000007b0, Max: 0x00008000, ABSOLUTE)

    Exec Addr    Load Addr    Size         Type   Attr      Idx    E Section Name        Object

    0x20000000   0x08003c74   0x00000004   Data   RW          207    .data               adc.o
    0x20000004   0x08003c78   0x0000000c   Data   RW         1036    .data               stm32g4xx_hal.o
    0x20000010   0x08003c84   0x00000004   Data   RW         3578    .data               system_stm32g4xx.o
    0x20000014        -       0x00000198   Zero   RW          206    .bss                adc.o
    0x200001ac        -       0x00000028   Zero   RW          278    .bss                rtc.o
    0x200001d4        -       0x00000170   Zero   RW          320    .bss                usart.o
    0x20000344        -       0x0000006c   Zero   RW         4397    .bss                uart_app.o
    0x200003b0        -       0x00000400   Zero   RW            1    STACK               startup_stm32g431xx.o


==============================================================================

Image component sizes


      Code (inc. data)   RO Data    RW Data    ZI Data      Debug   Object Name

       752         52          0          4        408       2910   adc.o
       112          6          0          0          0        830   dma.o
       432         16          0          0          0       1167   gpio.o
       148          0          0          0          0     621789   main.o
        84          0          0          0          0       1552   ringbuffer.o
       256         18          0          0         40       1783   rtc.o
        36          8        472          0       1024        844   startup_stm32g431xx.o
       154         28          0         12          0       3733   stm32g4xx_hal.o
      2898         88          0          0          0      79542   stm32g4xx_hal_adc.o
       298          8          0          0          0      70912   stm32g4xx_hal_adc_ex.o
       310         22          0          0          0      34399   stm32g4xx_hal_cortex.o
       832         22          0          0          0       4711   stm32g4xx_hal_dma.o
       482         34          0          0          0       2284   stm32g4xx_hal_gpio.o
        68          6          0          0          0        874   stm32g4xx_hal_msp.o
       300         18          0          0          0       1429   stm32g4xx_hal_pwr_ex.o
      2272        108          0          0          0       7028   stm32g4xx_hal_rcc.o
       880          8          0          0          0       1892   stm32g4xx_hal_rcc_ex.o
       924         40          0          0          0       5872   stm32g4xx_hal_rtc.o
      2482         80         24          0          0      28491   stm32g4xx_hal_uart.o
       360         10         16          0          0       5494   stm32g4xx_hal_uart_ex.o
       122         32          0          0          0       6867   stm32g4xx_it.o
         0          0          0          0          0        427   system.o
        20          6         24          4          0       1151   system_stm32g4xx.o
        44         10          0          0        108       1550   uart_app.o
       336         28          0          0        368       1980   usart.o

    ----------------------------------------------------------------------
     14624        648        570         20       1948     889511   Object Totals
         0          0         32          0          0          0   (incl. Generated)
        22          0          2          0          0          0   (incl. Padding)

    ----------------------------------------------------------------------

      Code (inc. data)   RO Data    RW Data    ZI Data      Debug   Library Member Name

         0          0          0          0          0          0   entry.o
         0          0          0          0          0          0   entry10a.o
         0          0          0          0          0          0   entry11a.o
         8          4          0          0          0          0   entry2.o
         4          0          0          0          0          0   entry5.o
         0          0          0          0          0          0   entry7b.o
         0          0          0          0          0          0   entry8b.o
         8          4          0          0          0          0   entry9a.o
        30          0          0          0          0          0   handlers.o
        36          8          0          0          0         68   init.o
        30          0          0          0          0         68   llshl.o
        32          0          0          0          0         68   llushr.o
        36          0          0          0          0        108   memseta.o
        98          0          0          0          0         92   uldiv.o

    ----------------------------------------------------------------------
       282         16          0          0          0        404   Library Totals
         0          0          0          0          0          0   (incl. Padding)

    ----------------------------------------------------------------------

      Code (inc. data)   RO Data    RW Data    ZI Data      Debug   Library Name

       282         16          0          0          0        404   mc_w.l

    ----------------------------------------------------------------------
       282         16          0          0          0        404   Library Totals

    ----------------------------------------------------------------------

==============================================================================


      Code (inc. data)   RO Data    RW Data    ZI Data      Debug   

     14906        664        570         20       1948     879715   Grand Totals
     14906        664        570         20       1948     879715   ELF Image Totals
     14906        664        570         20          0          0   ROM Totals

==============================================================================

    Total RO  Size (Code + RO Data)                15476 (  15.11kB)
    Total RW  Size (RW Data + ZI Data)              1968 (   1.92kB)
    Total ROM Size (Code + RO Data + RW Data)      15496 (  15.13kB)

==============================================================================

